EN system_rs232_dte_wrapper NULL /usr/userfs/d/drm511/embs/embs-summer/bsp/synthesis/parallel_run/hdl/system_rs232_dte_wrapper.vhd sub00/vhpl00 1400147969
AR system_rs232_dte_wrapper structure /usr/userfs/d/drm511/embs/embs-summer/bsp/synthesis/parallel_run/hdl/system_rs232_dte_wrapper.vhd sub00/vhpl01 1400147970
