AR dynshreg_i_f behavioral /opt/york/cs/net/xilinx-design-suite-14.3-x86_64-1/14.3/ISE_DS/EDK/hw/XilinxProcessorIPLib/pcores/proc_common_v3_00_a/hdl/vhdl/dynshreg_i_f.vhd sub01/vhpl100 1400147978
AR inferred_lut4 implementation /opt/york/cs/net/xilinx-design-suite-14.3-x86_64-1/14.3/ISE_DS/EDK/hw/XilinxProcessorIPLib/pcores/proc_common_v3_00_a/hdl/vhdl/inferred_lut4.vhd sub00/vhpl05 1400147883
EN eval_timer NULL /opt/york/cs/net/xilinx-design-suite-14.3-x86_64-1/14.3/ISE_DS/EDK/hw/XilinxProcessorIPLib/pcores/proc_common_v3_00_a/hdl/vhdl/eval_timer.vhd sub00/vhpl61 1400147939
AR pf_dpram_select implementation /opt/york/cs/net/xilinx-design-suite-14.3-x86_64-1/14.3/ISE_DS/EDK/hw/XilinxProcessorIPLib/pcores/proc_common_v3_00_a/hdl/vhdl/pf_dpram_select.vhd sub00/vhpl80 1400147958
EN cntr_incr_decr_addn_f NULL /opt/york/cs/net/xilinx-design-suite-14.3-x86_64-1/14.3/ISE_DS/EDK/hw/XilinxProcessorIPLib/pcores/proc_common_v3_00_a/hdl/vhdl/cntr_incr_decr_addn_f.vhd sub00/vhpl12 1400147890
AR ld_arith_reg2 imp /opt/york/cs/net/xilinx-design-suite-14.3-x86_64-1/14.3/ISE_DS/EDK/hw/XilinxProcessorIPLib/pcores/proc_common_v3_00_a/hdl/vhdl/ld_arith_reg2.vhd sub00/vhpl72 1400147950
AR ld_arith_reg imp /opt/york/cs/net/xilinx-design-suite-14.3-x86_64-1/14.3/ISE_DS/EDK/hw/XilinxProcessorIPLib/pcores/proc_common_v3_00_a/hdl/vhdl/ld_arith_reg.vhd sub00/vhpl70 1400147948
EN mux_onehot_f NULL /opt/york/cs/net/xilinx-design-suite-14.3-x86_64-1/14.3/ISE_DS/EDK/hw/XilinxProcessorIPLib/pcores/proc_common_v3_00_a/hdl/vhdl/mux_onehot_f.vhd sub01/vhpl101 1400147979
AR srl_fifo_rbu_f imp /opt/york/cs/net/xilinx-design-suite-14.3-x86_64-1/14.3/ISE_DS/EDK/hw/XilinxProcessorIPLib/pcores/proc_common_v3_00_a/hdl/vhdl/srl_fifo_rbu_f.vhd sub00/vhpl29 1400147907
EN mux_onehot NULL /opt/york/cs/net/xilinx-design-suite-14.3-x86_64-1/14.3/ISE_DS/EDK/hw/XilinxProcessorIPLib/pcores/proc_common_v3_00_a/hdl/vhdl/mux_onehot.vhd sub00/vhpl73 1400147951
EN or_with_enable_f NULL /opt/york/cs/net/xilinx-design-suite-14.3-x86_64-1/14.3/ISE_DS/EDK/hw/XilinxProcessorIPLib/pcores/proc_common_v3_00_a/hdl/vhdl/or_with_enable_f.vhd sub00/vhpl97 1400147975
AR soft_reset implementation /opt/york/cs/net/xilinx-design-suite-14.3-x86_64-1/14.3/ISE_DS/EDK/hw/XilinxProcessorIPLib/pcores/proc_common_v3_00_a/hdl/vhdl/soft_reset.vhd sub01/vhpl112 1400147990
AR pf_adder implementation /opt/york/cs/net/xilinx-design-suite-14.3-x86_64-1/14.3/ISE_DS/EDK/hw/XilinxProcessorIPLib/pcores/proc_common_v3_00_a/hdl/vhdl/pf_adder.vhd sub00/vhpl37 1400147915
PH family_support NULL /opt/york/cs/net/xilinx-design-suite-14.3-x86_64-1/14.3/ISE_DS/EDK/hw/XilinxProcessorIPLib/pcores/proc_common_v3_00_a/hdl/vhdl/family_support.vhd sub00/vhpl00 1400147878
AR addsub imp /opt/york/cs/net/xilinx-design-suite-14.3-x86_64-1/14.3/ISE_DS/EDK/hw/XilinxProcessorIPLib/pcores/proc_common_v3_00_a/hdl/vhdl/addsub.vhd sub00/vhpl54 1400147932
PH coregen_comp_defs NULL /opt/york/cs/net/xilinx-design-suite-14.3-x86_64-1/14.3/ISE_DS/EDK/hw/XilinxProcessorIPLib/pcores/proc_common_v3_00_a/hdl/vhdl/coregen_comp_defs.vhd sub00/vhpl40 1400147918
EN soft_reset NULL /opt/york/cs/net/xilinx-design-suite-14.3-x86_64-1/14.3/ISE_DS/EDK/hw/XilinxProcessorIPLib/pcores/proc_common_v3_00_a/hdl/vhdl/soft_reset.vhd sub01/vhpl111 1400147989
AR or_with_enable_f implementation /opt/york/cs/net/xilinx-design-suite-14.3-x86_64-1/14.3/ISE_DS/EDK/hw/XilinxProcessorIPLib/pcores/proc_common_v3_00_a/hdl/vhdl/or_with_enable_f.vhd sub00/vhpl98 1400147976
PH proc_common_pkg NULL /opt/york/cs/net/xilinx-design-suite-14.3-x86_64-1/14.3/ISE_DS/EDK/hw/XilinxProcessorIPLib/pcores/proc_common_v3_00_a/hdl/vhdl/proc_common_pkg.vhd sub00/vhpl02 1400147880
EN compare_vectors_f NULL /opt/york/cs/net/xilinx-design-suite-14.3-x86_64-1/14.3/ISE_DS/EDK/hw/XilinxProcessorIPLib/pcores/proc_common_v3_00_a/hdl/vhdl/compare_vectors_f.vhd sub01/vhpl105 1400147983
EN ipif_mirror128 NULL /opt/york/cs/net/xilinx-design-suite-14.3-x86_64-1/14.3/ISE_DS/EDK/hw/XilinxProcessorIPLib/pcores/proc_common_v3_00_a/hdl/vhdl/ipif_mirror128.vhd sub00/vhpl67 1400147945
AR pselect_f imp /opt/york/cs/net/xilinx-design-suite-14.3-x86_64-1/14.3/ISE_DS/EDK/hw/XilinxProcessorIPLib/pcores/proc_common_v3_00_a/hdl/vhdl/pselect_f.vhd sub01/vhpl114 1400147992
EN pf_counter_bit NULL /opt/york/cs/net/xilinx-design-suite-14.3-x86_64-1/14.3/ISE_DS/EDK/hw/XilinxProcessorIPLib/pcores/proc_common_v3_00_a/hdl/vhdl/pf_counter_bit.vhd sub00/vhpl10 1400147888
EN pf_occ_counter_top NULL /opt/york/cs/net/xilinx-design-suite-14.3-x86_64-1/14.3/ISE_DS/EDK/hw/XilinxProcessorIPLib/pcores/proc_common_v3_00_a/hdl/vhdl/pf_occ_counter_top.vhd sub00/vhpl32 1400147910
AR srl_fifo_f imp /opt/york/cs/net/xilinx-design-suite-14.3-x86_64-1/14.3/ISE_DS/EDK/hw/XilinxProcessorIPLib/pcores/proc_common_v3_00_a/hdl/vhdl/srl_fifo_f.vhd sub01/vhpl104 1400147982
AR or_gate imp /opt/york/cs/net/xilinx-design-suite-14.3-x86_64-1/14.3/ISE_DS/EDK/hw/XilinxProcessorIPLib/pcores/proc_common_v3_00_a/hdl/vhdl/or_gate.vhd sub00/vhpl78 1400147956
PH common_types NULL /opt/york/cs/net/xilinx-design-suite-14.3-x86_64-1/14.3/ISE_DS/EDK/hw/XilinxProcessorIPLib/pcores/proc_common_v3_00_a/hdl/vhdl/common_types_pkg.vhd sub00/vhpl41 1400147919
EN muxf_struct_f NULL /opt/york/cs/net/xilinx-design-suite-14.3-x86_64-1/14.3/ISE_DS/EDK/hw/XilinxProcessorIPLib/pcores/proc_common_v3_00_a/hdl/vhdl/muxf_struct_f.vhd sub00/vhpl08 1400147886
EN srl_fifo_rbu NULL /opt/york/cs/net/xilinx-design-suite-14.3-x86_64-1/14.3/ISE_DS/EDK/hw/XilinxProcessorIPLib/pcores/proc_common_v3_00_a/hdl/vhdl/srl_fifo_rbu.vhd sub00/vhpl93 1400147971
AR mux_onehot_f imp /opt/york/cs/net/xilinx-design-suite-14.3-x86_64-1/14.3/ISE_DS/EDK/hw/XilinxProcessorIPLib/pcores/proc_common_v3_00_a/hdl/vhdl/mux_onehot_f.vhd sub01/vhpl102 1400147980
EN pf_adder_bit NULL /opt/york/cs/net/xilinx-design-suite-14.3-x86_64-1/14.3/ISE_DS/EDK/hw/XilinxProcessorIPLib/pcores/proc_common_v3_00_a/hdl/vhdl/pf_adder_bit.vhd sub00/vhpl16 1400147894
AR pf_occ_counter implementation /opt/york/cs/net/xilinx-design-suite-14.3-x86_64-1/14.3/ISE_DS/EDK/hw/XilinxProcessorIPLib/pcores/proc_common_v3_00_a/hdl/vhdl/pf_occ_counter.vhd sub00/vhpl21 1400147899
AR counter_f imp /opt/york/cs/net/xilinx-design-suite-14.3-x86_64-1/14.3/ISE_DS/EDK/hw/XilinxProcessorIPLib/pcores/proc_common_v3_00_a/hdl/vhdl/counter_f.vhd sub01/vhpl108 1400147986
AR compare_vectors_f imp /opt/york/cs/net/xilinx-design-suite-14.3-x86_64-1/14.3/ISE_DS/EDK/hw/XilinxProcessorIPLib/pcores/proc_common_v3_00_a/hdl/vhdl/compare_vectors_f.vhd sub01/vhpl106 1400147984
AR counter_bit imp /opt/york/cs/net/xilinx-design-suite-14.3-x86_64-1/14.3/ISE_DS/EDK/hw/XilinxProcessorIPLib/pcores/proc_common_v3_00_a/hdl/vhdl/counter_bit.vhd sub00/vhpl23 1400147901
EN pselect_mask NULL /opt/york/cs/net/xilinx-design-suite-14.3-x86_64-1/14.3/ISE_DS/EDK/hw/XilinxProcessorIPLib/pcores/proc_common_v3_00_a/hdl/vhdl/pselect_mask.vhd sub00/vhpl83 1400147961
EN down_counter NULL /opt/york/cs/net/xilinx-design-suite-14.3-x86_64-1/14.3/ISE_DS/EDK/hw/XilinxProcessorIPLib/pcores/proc_common_v3_00_a/hdl/vhdl/down_counter.vhd sub00/vhpl59 1400147937
EN sync_fifo_fg NULL /opt/york/cs/net/xilinx-design-suite-14.3-x86_64-1/14.3/ISE_DS/EDK/hw/XilinxProcessorIPLib/pcores/proc_common_v3_00_a/hdl/vhdl/sync_fifo_fg.vhd sub00/vhpl47 1400147925
PB conv_funs_pkg conv_funs_pkg /opt/york/cs/net/xilinx-design-suite-14.3-x86_64-1/14.3/ISE_DS/EDK/hw/XilinxProcessorIPLib/pcores/proc_common_v3_00_a/hdl/vhdl/conv_funs_pkg.vhd sub00/vhpl44 1400147922
PH family NULL /opt/york/cs/net/xilinx-design-suite-14.3-x86_64-1/14.3/ISE_DS/EDK/hw/XilinxProcessorIPLib/pcores/proc_common_v3_00_a/hdl/vhdl/family.vhd sub00/vhpl30 1400147908
EN counter_bit NULL /opt/york/cs/net/xilinx-design-suite-14.3-x86_64-1/14.3/ISE_DS/EDK/hw/XilinxProcessorIPLib/pcores/proc_common_v3_00_a/hdl/vhdl/counter_bit.vhd sub00/vhpl22 1400147900
EN or_muxcy_f NULL /opt/york/cs/net/xilinx-design-suite-14.3-x86_64-1/14.3/ISE_DS/EDK/hw/XilinxProcessorIPLib/pcores/proc_common_v3_00_a/hdl/vhdl/or_muxcy_f.vhd sub00/vhpl26 1400147904
EN muxf_struct NULL /opt/york/cs/net/xilinx-design-suite-14.3-x86_64-1/14.3/ISE_DS/EDK/hw/XilinxProcessorIPLib/pcores/proc_common_v3_00_a/hdl/vhdl/muxf_struct_f.vhd sub00/vhpl06 1400147884
EN or_gate128 NULL /opt/york/cs/net/xilinx-design-suite-14.3-x86_64-1/14.3/ISE_DS/EDK/hw/XilinxProcessorIPLib/pcores/proc_common_v3_00_a/hdl/vhdl/or_gate128.vhd sub01/vhpl115 1400147993
AR pf_counter_top implementation /opt/york/cs/net/xilinx-design-suite-14.3-x86_64-1/14.3/ISE_DS/EDK/hw/XilinxProcessorIPLib/pcores/proc_common_v3_00_a/hdl/vhdl/pf_counter_top.vhd sub00/vhpl35 1400147913
PH ipif_pkg NULL /opt/york/cs/net/xilinx-design-suite-14.3-x86_64-1/14.3/ISE_DS/EDK/hw/XilinxProcessorIPLib/pcores/proc_common_v3_00_a/hdl/vhdl/ipif_pkg.vhd sub01/vhpl117 1400147995
EN direct_path_cntr NULL /opt/york/cs/net/xilinx-design-suite-14.3-x86_64-1/14.3/ISE_DS/EDK/hw/XilinxProcessorIPLib/pcores/proc_common_v3_00_a/hdl/vhdl/direct_path_cntr.vhd sub00/vhpl55 1400147933
EN valid_be NULL /opt/york/cs/net/xilinx-design-suite-14.3-x86_64-1/14.3/ISE_DS/EDK/hw/XilinxProcessorIPLib/pcores/proc_common_v3_00_a/hdl/vhdl/valid_be.vhd sub00/vhpl95 1400147973
PB common_types common_types /opt/york/cs/net/xilinx-design-suite-14.3-x86_64-1/14.3/ISE_DS/EDK/hw/XilinxProcessorIPLib/pcores/proc_common_v3_00_a/hdl/vhdl/common_types_pkg.vhd sub00/vhpl42 1400147920
AR direct_path_cntr imp /opt/york/cs/net/xilinx-design-suite-14.3-x86_64-1/14.3/ISE_DS/EDK/hw/XilinxProcessorIPLib/pcores/proc_common_v3_00_a/hdl/vhdl/direct_path_cntr.vhd sub00/vhpl56 1400147934
AR pf_occ_counter_top implementation /opt/york/cs/net/xilinx-design-suite-14.3-x86_64-1/14.3/ISE_DS/EDK/hw/XilinxProcessorIPLib/pcores/proc_common_v3_00_a/hdl/vhdl/pf_occ_counter_top.vhd sub00/vhpl33 1400147911
EN basic_sfifo_fg NULL /opt/york/cs/net/xilinx-design-suite-14.3-x86_64-1/14.3/ISE_DS/EDK/hw/XilinxProcessorIPLib/pcores/proc_common_v3_00_a/hdl/vhdl/basic_sfifo_fg.vhd sub00/vhpl49 1400147927
AR or_bits implementation /opt/york/cs/net/xilinx-design-suite-14.3-x86_64-1/14.3/ISE_DS/EDK/hw/XilinxProcessorIPLib/pcores/proc_common_v3_00_a/hdl/vhdl/or_bits.vhd sub00/vhpl76 1400147954
EN async_fifo_fg NULL /opt/york/cs/net/xilinx-design-suite-14.3-x86_64-1/14.3/ISE_DS/EDK/hw/XilinxProcessorIPLib/pcores/proc_common_v3_00_a/hdl/vhdl/async_fifo_fg.vhd sub00/vhpl45 1400147923
EN ld_arith_reg2 NULL /opt/york/cs/net/xilinx-design-suite-14.3-x86_64-1/14.3/ISE_DS/EDK/hw/XilinxProcessorIPLib/pcores/proc_common_v3_00_a/hdl/vhdl/ld_arith_reg2.vhd sub00/vhpl71 1400147949
EN ld_arith_reg NULL /opt/york/cs/net/xilinx-design-suite-14.3-x86_64-1/14.3/ISE_DS/EDK/hw/XilinxProcessorIPLib/pcores/proc_common_v3_00_a/hdl/vhdl/ld_arith_reg.vhd sub00/vhpl69 1400147947
EN ipif_steer128 NULL /opt/york/cs/net/xilinx-design-suite-14.3-x86_64-1/14.3/ISE_DS/EDK/hw/XilinxProcessorIPLib/pcores/proc_common_v3_00_a/hdl/vhdl/ipif_steer128.vhd sub00/vhpl65 1400147943
EN counter_f NULL /opt/york/cs/net/xilinx-design-suite-14.3-x86_64-1/14.3/ISE_DS/EDK/hw/XilinxProcessorIPLib/pcores/proc_common_v3_00_a/hdl/vhdl/counter_f.vhd sub01/vhpl107 1400147985
EN srl16_fifo NULL /opt/york/cs/net/xilinx-design-suite-14.3-x86_64-1/14.3/ISE_DS/EDK/hw/XilinxProcessorIPLib/pcores/proc_common_v3_00_a/hdl/vhdl/srl16_fifo.vhd sub00/vhpl85 1400147963
EN or_gate_f NULL /opt/york/cs/net/xilinx-design-suite-14.3-x86_64-1/14.3/ISE_DS/EDK/hw/XilinxProcessorIPLib/pcores/proc_common_v3_00_a/hdl/vhdl/or_gate_f.vhd sub01/vhpl109 1400147987
EN pf_occ_counter NULL /opt/york/cs/net/xilinx-design-suite-14.3-x86_64-1/14.3/ISE_DS/EDK/hw/XilinxProcessorIPLib/pcores/proc_common_v3_00_a/hdl/vhdl/pf_occ_counter.vhd sub00/vhpl20 1400147898
AR ipif_mirror128 imp /opt/york/cs/net/xilinx-design-suite-14.3-x86_64-1/14.3/ISE_DS/EDK/hw/XilinxProcessorIPLib/pcores/proc_common_v3_00_a/hdl/vhdl/ipif_mirror128.vhd sub00/vhpl68 1400147946
PB family_support family_support /opt/york/cs/net/xilinx-design-suite-14.3-x86_64-1/14.3/ISE_DS/EDK/hw/XilinxProcessorIPLib/pcores/proc_common_v3_00_a/hdl/vhdl/family_support.vhd sub00/vhpl01 1400147879
AR sync_fifo_fg implementation /opt/york/cs/net/xilinx-design-suite-14.3-x86_64-1/14.3/ISE_DS/EDK/hw/XilinxProcessorIPLib/pcores/proc_common_v3_00_a/hdl/vhdl/sync_fifo_fg.vhd sub00/vhpl48 1400147926
EN counter NULL /opt/york/cs/net/xilinx-design-suite-14.3-x86_64-1/14.3/ISE_DS/EDK/hw/XilinxProcessorIPLib/pcores/proc_common_v3_00_a/hdl/vhdl/counter.vhd sub00/vhpl38 1400147916
EN blk_mem_gen_wrapper NULL /opt/york/cs/net/xilinx-design-suite-14.3-x86_64-1/14.3/ISE_DS/EDK/hw/XilinxProcessorIPLib/pcores/proc_common_v3_00_a/hdl/vhdl/blk_mem_gen_wrapper.vhd sub00/vhpl51 1400147929
EN dynshreg_i_f NULL /opt/york/cs/net/xilinx-design-suite-14.3-x86_64-1/14.3/ISE_DS/EDK/hw/XilinxProcessorIPLib/pcores/proc_common_v3_00_a/hdl/vhdl/dynshreg_i_f.vhd sub00/vhpl99 1400147977
EN inferred_lut4 NULL /opt/york/cs/net/xilinx-design-suite-14.3-x86_64-1/14.3/ISE_DS/EDK/hw/XilinxProcessorIPLib/pcores/proc_common_v3_00_a/hdl/vhdl/inferred_lut4.vhd sub00/vhpl04 1400147882
AR direct_path_cntr_ai imp /opt/york/cs/net/xilinx-design-suite-14.3-x86_64-1/14.3/ISE_DS/EDK/hw/XilinxProcessorIPLib/pcores/proc_common_v3_00_a/hdl/vhdl/direct_path_cntr_ai.vhd sub00/vhpl58 1400147936
EN or_bits NULL /opt/york/cs/net/xilinx-design-suite-14.3-x86_64-1/14.3/ISE_DS/EDK/hw/XilinxProcessorIPLib/pcores/proc_common_v3_00_a/hdl/vhdl/or_bits.vhd sub00/vhpl75 1400147953
PB proc_common_pkg proc_common_pkg /opt/york/cs/net/xilinx-design-suite-14.3-x86_64-1/14.3/ISE_DS/EDK/hw/XilinxProcessorIPLib/pcores/proc_common_v3_00_a/hdl/vhdl/proc_common_pkg.vhd sub00/vhpl03 1400147881
AR muxf_struct_f imp /opt/york/cs/net/xilinx-design-suite-14.3-x86_64-1/14.3/ISE_DS/EDK/hw/XilinxProcessorIPLib/pcores/proc_common_v3_00_a/hdl/vhdl/muxf_struct_f.vhd sub00/vhpl09 1400147887
AR srl_fifo_rbu imp /opt/york/cs/net/xilinx-design-suite-14.3-x86_64-1/14.3/ISE_DS/EDK/hw/XilinxProcessorIPLib/pcores/proc_common_v3_00_a/hdl/vhdl/srl_fifo_rbu.vhd sub00/vhpl94 1400147972
AR dynshreg_f behavioral /opt/york/cs/net/xilinx-design-suite-14.3-x86_64-1/14.3/ISE_DS/EDK/hw/XilinxProcessorIPLib/pcores/proc_common_v3_00_a/hdl/vhdl/dynshreg_f.vhd sub00/vhpl15 1400147893
AR or_muxcy implementation /opt/york/cs/net/xilinx-design-suite-14.3-x86_64-1/14.3/ISE_DS/EDK/hw/XilinxProcessorIPLib/pcores/proc_common_v3_00_a/hdl/vhdl/or_muxcy.vhd sub00/vhpl25 1400147903
AR or_muxcy_f implementation /opt/york/cs/net/xilinx-design-suite-14.3-x86_64-1/14.3/ISE_DS/EDK/hw/XilinxProcessorIPLib/pcores/proc_common_v3_00_a/hdl/vhdl/or_muxcy_f.vhd sub00/vhpl27 1400147905
EN srl_fifo2 NULL /opt/york/cs/net/xilinx-design-suite-14.3-x86_64-1/14.3/ISE_DS/EDK/hw/XilinxProcessorIPLib/pcores/proc_common_v3_00_a/hdl/vhdl/srl_fifo2.vhd sub00/vhpl89 1400147967
EN srl_fifo3 NULL /opt/york/cs/net/xilinx-design-suite-14.3-x86_64-1/14.3/ISE_DS/EDK/hw/XilinxProcessorIPLib/pcores/proc_common_v3_00_a/hdl/vhdl/srl_fifo3.vhd sub00/vhpl91 1400147969
AR ipif_steer imp /opt/york/cs/net/xilinx-design-suite-14.3-x86_64-1/14.3/ISE_DS/EDK/hw/XilinxProcessorIPLib/pcores/proc_common_v3_00_a/hdl/vhdl/ipif_steer.vhd sub00/vhpl64 1400147942
EN pf_counter_top NULL /opt/york/cs/net/xilinx-design-suite-14.3-x86_64-1/14.3/ISE_DS/EDK/hw/XilinxProcessorIPLib/pcores/proc_common_v3_00_a/hdl/vhdl/pf_counter_top.vhd sub00/vhpl34 1400147912
EN addsub NULL /opt/york/cs/net/xilinx-design-suite-14.3-x86_64-1/14.3/ISE_DS/EDK/hw/XilinxProcessorIPLib/pcores/proc_common_v3_00_a/hdl/vhdl/addsub.vhd sub00/vhpl53 1400147931
AR pf_adder_bit implementation /opt/york/cs/net/xilinx-design-suite-14.3-x86_64-1/14.3/ISE_DS/EDK/hw/XilinxProcessorIPLib/pcores/proc_common_v3_00_a/hdl/vhdl/pf_adder_bit.vhd sub00/vhpl17 1400147895
EN direct_path_cntr_ai NULL /opt/york/cs/net/xilinx-design-suite-14.3-x86_64-1/14.3/ISE_DS/EDK/hw/XilinxProcessorIPLib/pcores/proc_common_v3_00_a/hdl/vhdl/direct_path_cntr_ai.vhd sub00/vhpl57 1400147935
AR srl_fifo2 imp /opt/york/cs/net/xilinx-design-suite-14.3-x86_64-1/14.3/ISE_DS/EDK/hw/XilinxProcessorIPLib/pcores/proc_common_v3_00_a/hdl/vhdl/srl_fifo2.vhd sub00/vhpl90 1400147968
EN srl_fifo_rbu_f NULL /opt/york/cs/net/xilinx-design-suite-14.3-x86_64-1/14.3/ISE_DS/EDK/hw/XilinxProcessorIPLib/pcores/proc_common_v3_00_a/hdl/vhdl/srl_fifo_rbu_f.vhd sub00/vhpl28 1400147906
AR valid_be implementation /opt/york/cs/net/xilinx-design-suite-14.3-x86_64-1/14.3/ISE_DS/EDK/hw/XilinxProcessorIPLib/pcores/proc_common_v3_00_a/hdl/vhdl/valid_be.vhd sub00/vhpl96 1400147974
EN srl_fifo NULL /opt/york/cs/net/xilinx-design-suite-14.3-x86_64-1/14.3/ISE_DS/EDK/hw/XilinxProcessorIPLib/pcores/proc_common_v3_00_a/hdl/vhdl/srl_fifo.vhd sub00/vhpl87 1400147965
EN pselect NULL /opt/york/cs/net/xilinx-design-suite-14.3-x86_64-1/14.3/ISE_DS/EDK/hw/XilinxProcessorIPLib/pcores/proc_common_v3_00_a/hdl/vhdl/pselect.vhd sub00/vhpl81 1400147959
EN or_gate NULL /opt/york/cs/net/xilinx-design-suite-14.3-x86_64-1/14.3/ISE_DS/EDK/hw/XilinxProcessorIPLib/pcores/proc_common_v3_00_a/hdl/vhdl/or_gate.vhd sub00/vhpl77 1400147955
EN srl_fifo_f NULL /opt/york/cs/net/xilinx-design-suite-14.3-x86_64-1/14.3/ISE_DS/EDK/hw/XilinxProcessorIPLib/pcores/proc_common_v3_00_a/hdl/vhdl/srl_fifo_f.vhd sub01/vhpl103 1400147981
AR eval_timer imp /opt/york/cs/net/xilinx-design-suite-14.3-x86_64-1/14.3/ISE_DS/EDK/hw/XilinxProcessorIPLib/pcores/proc_common_v3_00_a/hdl/vhdl/eval_timer.vhd sub00/vhpl62 1400147940
AR srl_fifo imp /opt/york/cs/net/xilinx-design-suite-14.3-x86_64-1/14.3/ISE_DS/EDK/hw/XilinxProcessorIPLib/pcores/proc_common_v3_00_a/hdl/vhdl/srl_fifo.vhd sub00/vhpl88 1400147966
EN dynshreg_f NULL /opt/york/cs/net/xilinx-design-suite-14.3-x86_64-1/14.3/ISE_DS/EDK/hw/XilinxProcessorIPLib/pcores/proc_common_v3_00_a/hdl/vhdl/dynshreg_f.vhd sub00/vhpl14 1400147892
AR counter imp /opt/york/cs/net/xilinx-design-suite-14.3-x86_64-1/14.3/ISE_DS/EDK/hw/XilinxProcessorIPLib/pcores/proc_common_v3_00_a/hdl/vhdl/counter.vhd sub00/vhpl39 1400147917
EN pf_dpram_select NULL /opt/york/cs/net/xilinx-design-suite-14.3-x86_64-1/14.3/ISE_DS/EDK/hw/XilinxProcessorIPLib/pcores/proc_common_v3_00_a/hdl/vhdl/pf_dpram_select.vhd sub00/vhpl79 1400147957
AR pf_counter_bit implementation /opt/york/cs/net/xilinx-design-suite-14.3-x86_64-1/14.3/ISE_DS/EDK/hw/XilinxProcessorIPLib/pcores/proc_common_v3_00_a/hdl/vhdl/pf_counter_bit.vhd sub00/vhpl11 1400147889
EN pf_adder NULL /opt/york/cs/net/xilinx-design-suite-14.3-x86_64-1/14.3/ISE_DS/EDK/hw/XilinxProcessorIPLib/pcores/proc_common_v3_00_a/hdl/vhdl/pf_adder.vhd sub00/vhpl36 1400147914
EN pselect_f NULL /opt/york/cs/net/xilinx-design-suite-14.3-x86_64-1/14.3/ISE_DS/EDK/hw/XilinxProcessorIPLib/pcores/proc_common_v3_00_a/hdl/vhdl/pselect_f.vhd sub01/vhpl113 1400147991
PB family family /opt/york/cs/net/xilinx-design-suite-14.3-x86_64-1/14.3/ISE_DS/EDK/hw/XilinxProcessorIPLib/pcores/proc_common_v3_00_a/hdl/vhdl/family.vhd sub00/vhpl31 1400147909
EN pf_counter NULL /opt/york/cs/net/xilinx-design-suite-14.3-x86_64-1/14.3/ISE_DS/EDK/hw/XilinxProcessorIPLib/pcores/proc_common_v3_00_a/hdl/vhdl/pf_counter.vhd sub00/vhpl18 1400147896
PH conv_funs_pkg NULL /opt/york/cs/net/xilinx-design-suite-14.3-x86_64-1/14.3/ISE_DS/EDK/hw/XilinxProcessorIPLib/pcores/proc_common_v3_00_a/hdl/vhdl/conv_funs_pkg.vhd sub00/vhpl43 1400147921
AR srl16_fifo implementation /opt/york/cs/net/xilinx-design-suite-14.3-x86_64-1/14.3/ISE_DS/EDK/hw/XilinxProcessorIPLib/pcores/proc_common_v3_00_a/hdl/vhdl/srl16_fifo.vhd sub00/vhpl86 1400147964
AR pf_counter implementation /opt/york/cs/net/xilinx-design-suite-14.3-x86_64-1/14.3/ISE_DS/EDK/hw/XilinxProcessorIPLib/pcores/proc_common_v3_00_a/hdl/vhdl/pf_counter.vhd sub00/vhpl19 1400147897
AR basic_sfifo_fg implementation /opt/york/cs/net/xilinx-design-suite-14.3-x86_64-1/14.3/ISE_DS/EDK/hw/XilinxProcessorIPLib/pcores/proc_common_v3_00_a/hdl/vhdl/basic_sfifo_fg.vhd sub00/vhpl50 1400147928
AR down_counter simulation /opt/york/cs/net/xilinx-design-suite-14.3-x86_64-1/14.3/ISE_DS/EDK/hw/XilinxProcessorIPLib/pcores/proc_common_v3_00_a/hdl/vhdl/down_counter.vhd sub00/vhpl60 1400147938
AR srl_fifo3 imp /opt/york/cs/net/xilinx-design-suite-14.3-x86_64-1/14.3/ISE_DS/EDK/hw/XilinxProcessorIPLib/pcores/proc_common_v3_00_a/hdl/vhdl/srl_fifo3.vhd sub00/vhpl92 1400147970
AR mux_onehot imp /opt/york/cs/net/xilinx-design-suite-14.3-x86_64-1/14.3/ISE_DS/EDK/hw/XilinxProcessorIPLib/pcores/proc_common_v3_00_a/hdl/vhdl/mux_onehot.vhd sub00/vhpl74 1400147952
AR pselect_mask imp /opt/york/cs/net/xilinx-design-suite-14.3-x86_64-1/14.3/ISE_DS/EDK/hw/XilinxProcessorIPLib/pcores/proc_common_v3_00_a/hdl/vhdl/pselect_mask.vhd sub00/vhpl84 1400147962
AR muxf_struct imp /opt/york/cs/net/xilinx-design-suite-14.3-x86_64-1/14.3/ISE_DS/EDK/hw/XilinxProcessorIPLib/pcores/proc_common_v3_00_a/hdl/vhdl/muxf_struct_f.vhd sub00/vhpl07 1400147885
AR or_gate128 imp /opt/york/cs/net/xilinx-design-suite-14.3-x86_64-1/14.3/ISE_DS/EDK/hw/XilinxProcessorIPLib/pcores/proc_common_v3_00_a/hdl/vhdl/or_gate128.vhd sub01/vhpl116 1400147994
AR or_gate_f imp /opt/york/cs/net/xilinx-design-suite-14.3-x86_64-1/14.3/ISE_DS/EDK/hw/XilinxProcessorIPLib/pcores/proc_common_v3_00_a/hdl/vhdl/or_gate_f.vhd sub01/vhpl110 1400147988
AR async_fifo_fg implementation /opt/york/cs/net/xilinx-design-suite-14.3-x86_64-1/14.3/ISE_DS/EDK/hw/XilinxProcessorIPLib/pcores/proc_common_v3_00_a/hdl/vhdl/async_fifo_fg.vhd sub00/vhpl46 1400147924
PB ipif_pkg ipif_pkg /opt/york/cs/net/xilinx-design-suite-14.3-x86_64-1/14.3/ISE_DS/EDK/hw/XilinxProcessorIPLib/pcores/proc_common_v3_00_a/hdl/vhdl/ipif_pkg.vhd sub01/vhpl118 1400147996
EN ipif_steer NULL /opt/york/cs/net/xilinx-design-suite-14.3-x86_64-1/14.3/ISE_DS/EDK/hw/XilinxProcessorIPLib/pcores/proc_common_v3_00_a/hdl/vhdl/ipif_steer.vhd sub00/vhpl63 1400147941
AR cntr_incr_decr_addn_f imp /opt/york/cs/net/xilinx-design-suite-14.3-x86_64-1/14.3/ISE_DS/EDK/hw/XilinxProcessorIPLib/pcores/proc_common_v3_00_a/hdl/vhdl/cntr_incr_decr_addn_f.vhd sub00/vhpl13 1400147891
AR blk_mem_gen_wrapper implementation /opt/york/cs/net/xilinx-design-suite-14.3-x86_64-1/14.3/ISE_DS/EDK/hw/XilinxProcessorIPLib/pcores/proc_common_v3_00_a/hdl/vhdl/blk_mem_gen_wrapper.vhd sub00/vhpl52 1400147930
EN or_muxcy NULL /opt/york/cs/net/xilinx-design-suite-14.3-x86_64-1/14.3/ISE_DS/EDK/hw/XilinxProcessorIPLib/pcores/proc_common_v3_00_a/hdl/vhdl/or_muxcy.vhd sub00/vhpl24 1400147902
AR ipif_steer128 imp /opt/york/cs/net/xilinx-design-suite-14.3-x86_64-1/14.3/ISE_DS/EDK/hw/XilinxProcessorIPLib/pcores/proc_common_v3_00_a/hdl/vhdl/ipif_steer128.vhd sub00/vhpl66 1400147944
AR pselect imp /opt/york/cs/net/xilinx-design-suite-14.3-x86_64-1/14.3/ISE_DS/EDK/hw/XilinxProcessorIPLib/pcores/proc_common_v3_00_a/hdl/vhdl/pselect.vhd sub00/vhpl82 1400147960
