V3 25
FL $XILINX/hw/XilinxProcessorIPLib/pcores/xps_uartlite_v1_02_a/hdl/vhdl/baudrate.vhd 2012/10/02.11:16:34 P.40xd
EN xps_uartlite_v1_02_a/baudrate 1399978414 \
      FL $XILINX/hw/XilinxProcessorIPLib/pcores/xps_uartlite_v1_02_a/hdl/vhdl/baudrate.vhd \
      PB ieee/std_logic_1164 1350103243
AR xps_uartlite_v1_02_a/baudrate/imp 1399978415 \
      FL $XILINX/hw/XilinxProcessorIPLib/pcores/xps_uartlite_v1_02_a/hdl/vhdl/baudrate.vhd \
      EN xps_uartlite_v1_02_a/baudrate 1399978414
FL $XILINX/hw/XilinxProcessorIPLib/pcores/xps_uartlite_v1_02_a/hdl/vhdl/uartlite_core.vhd 2012/10/02.11:16:34 P.40xd
EN xps_uartlite_v1_02_a/uartlite_core 1399978424 \
      FL $XILINX/hw/XilinxProcessorIPLib/pcores/xps_uartlite_v1_02_a/hdl/vhdl/uartlite_core.vhd \
      PB ieee/std_logic_1164 1350103243 LB xps_uartlite_v1_02_a \
      EN xps_uartlite_v1_02_a/baudrate 1399978414 \
      EN xps_uartlite_v1_02_a/uartlite_rx 1399978416 \
      EN xps_uartlite_v1_02_a/uartlite_tx 1399978418
AR xps_uartlite_v1_02_a/uartlite_core/imp 1399978425 \
      FL $XILINX/hw/XilinxProcessorIPLib/pcores/xps_uartlite_v1_02_a/hdl/vhdl/uartlite_core.vhd \
      EN xps_uartlite_v1_02_a/uartlite_core 1399978424 \
      CP xps_uartlite_v1_02_a/baudrate CP xps_uartlite_v1_02_a/uartlite_rx \
      CP xps_uartlite_v1_02_a/uartlite_tx
FL $XILINX/hw/XilinxProcessorIPLib/pcores/xps_uartlite_v1_02_a/hdl/vhdl/uartlite_rx.vhd 2012/10/02.11:16:34 P.40xd
EN xps_uartlite_v1_02_a/uartlite_rx 1399978416 \
      FL $XILINX/hw/XilinxProcessorIPLib/pcores/xps_uartlite_v1_02_a/hdl/vhdl/uartlite_rx.vhd \
      PB ieee/std_logic_1164 1350103243 LB proc_common_v3_00_a \
      EN proc_common_v3_00_a/dynshreg_i_f 1399978392 \
      EN proc_common_v3_00_a/srl_fifo_f 1399978396
AR xps_uartlite_v1_02_a/uartlite_rx/imp 1399978417 \
      FL $XILINX/hw/XilinxProcessorIPLib/pcores/xps_uartlite_v1_02_a/hdl/vhdl/uartlite_rx.vhd \
      EN xps_uartlite_v1_02_a/uartlite_rx 1399978416 \
      CP proc_common_v3_00_a/dynshreg_i_f CP proc_common_v3_00_a/srl_fifo_f
FL $XILINX/hw/XilinxProcessorIPLib/pcores/xps_uartlite_v1_02_a/hdl/vhdl/uartlite_tx.vhd 2012/10/02.11:16:34 P.40xd
EN xps_uartlite_v1_02_a/uartlite_tx 1399978418 \
      FL $XILINX/hw/XilinxProcessorIPLib/pcores/xps_uartlite_v1_02_a/hdl/vhdl/uartlite_tx.vhd \
      PB ieee/std_logic_1164 1350103243 PB ieee/NUMERIC_STD 1350103249 \
      LB proc_common_v3_00_a EN proc_common_v3_00_a/dynshreg_i_f 1399978392 \
      EN proc_common_v3_00_a/srl_fifo_f 1399978396
AR xps_uartlite_v1_02_a/uartlite_tx/imp 1399978419 \
      FL $XILINX/hw/XilinxProcessorIPLib/pcores/xps_uartlite_v1_02_a/hdl/vhdl/uartlite_tx.vhd \
      EN xps_uartlite_v1_02_a/uartlite_tx 1399978418 \
      CP proc_common_v3_00_a/dynshreg_i_f CP proc_common_v3_00_a/srl_fifo_f
FL $XILINX/hw/XilinxProcessorIPLib/pcores/xps_uartlite_v1_02_a/hdl/vhdl/xps_uartlite.vhd 2012/10/02.11:16:34 P.40xd
EN xps_uartlite_v1_02_a/xps_uartlite 1399978426 \
      FL $XILINX/hw/XilinxProcessorIPLib/pcores/xps_uartlite_v1_02_a/hdl/vhdl/xps_uartlite.vhd \
      PB ieee/std_logic_1164 1350103243 LB proc_common_v3_00_a \
      LB plbv46_slave_single_v1_01_a LB xps_uartlite_v1_02_a \
      PB proc_common_v3_00_a/ipif_pkg 1399978411 \
      EN plbv46_slave_single_v1_01_a/plbv46_slave_single 1399978422 \
      EN xps_uartlite_v1_02_a/uartlite_core 1399978424
AR xps_uartlite_v1_02_a/xps_uartlite/imp 1399978427 \
      FL $XILINX/hw/XilinxProcessorIPLib/pcores/xps_uartlite_v1_02_a/hdl/vhdl/xps_uartlite.vhd \
      EN xps_uartlite_v1_02_a/xps_uartlite 1399978426 \
      CP xps_uartlite_v1_02_a/uartlite_core \
      CP plbv46_slave_single_v1_01_a/plbv46_slave_single
