V3 267
FL $XILINX/hw/XilinxProcessorIPLib/pcores/proc_common_v3_00_a/hdl/vhdl/addsub.vhd 2012/10/02.11:15:44 P.40xd
EN proc_common_v3_00_a/addsub 1400148103 \
      FL $XILINX/hw/XilinxProcessorIPLib/pcores/proc_common_v3_00_a/hdl/vhdl/addsub.vhd \
      PB ieee/std_logic_1164 1350103243
AR proc_common_v3_00_a/addsub/imp 1400148104 \
      FL $XILINX/hw/XilinxProcessorIPLib/pcores/proc_common_v3_00_a/hdl/vhdl/addsub.vhd \
      EN proc_common_v3_00_a/addsub 1400148103 LB unisim PH unisim/VCOMPONENTS 1350103252 \
      PB ieee/NUMERIC_STD 1350103249 CP MUXCY CP XORCY CP FDRE
FL $XILINX/hw/XilinxProcessorIPLib/pcores/proc_common_v3_00_a/hdl/vhdl/async_fifo_fg.vhd 2012/10/02.11:15:44 P.40xd
EN proc_common_v3_00_a/async_fifo_fg 1400148095 \
      FL $XILINX/hw/XilinxProcessorIPLib/pcores/proc_common_v3_00_a/hdl/vhdl/async_fifo_fg.vhd \
      PB ieee/std_logic_1164 1350103243 PB ieee/NUMERIC_STD 1350103249 \
      LB proc_common_v3_00_a PB proc_common_v3_00_a/proc_common_pkg 1400148049 \
      PH proc_common_v3_00_a/coregen_comp_defs 1400148086 \
      PB proc_common_v3_00_a/family_support 1400148047
AR proc_common_v3_00_a/async_fifo_fg/implementation 1400148096 \
      FL $XILINX/hw/XilinxProcessorIPLib/pcores/proc_common_v3_00_a/hdl/vhdl/async_fifo_fg.vhd \
      EN proc_common_v3_00_a/async_fifo_fg 1400148095 CP integer \
      CP std_logic_vector CP fifo_generator_v4_3 CP fifo_generator_v9_1
FL $XILINX/hw/XilinxProcessorIPLib/pcores/proc_common_v3_00_a/hdl/vhdl/basic_sfifo_fg.vhd 2012/10/02.11:15:44 P.40xd
EN proc_common_v3_00_a/basic_sfifo_fg 1400148099 \
      FL $XILINX/hw/XilinxProcessorIPLib/pcores/proc_common_v3_00_a/hdl/vhdl/basic_sfifo_fg.vhd \
      PB ieee/std_logic_1164 1350103243 PB ieee/NUMERIC_STD 1350103249 \
      LB proc_common_v3_00_a PB proc_common_v3_00_a/proc_common_pkg 1400148049 \
      PH proc_common_v3_00_a/coregen_comp_defs 1400148086
AR proc_common_v3_00_a/basic_sfifo_fg/implementation 1400148100 \
      FL $XILINX/hw/XilinxProcessorIPLib/pcores/proc_common_v3_00_a/hdl/vhdl/basic_sfifo_fg.vhd \
      EN proc_common_v3_00_a/basic_sfifo_fg 1400148099 CP fifo_generator_v8_2
FL $XILINX/hw/XilinxProcessorIPLib/pcores/proc_common_v3_00_a/hdl/vhdl/blk_mem_gen_wrapper.vhd 2012/10/02.11:15:44 P.40xd
EN proc_common_v3_00_a/blk_mem_gen_wrapper 1400148101 \
      FL $XILINX/hw/XilinxProcessorIPLib/pcores/proc_common_v3_00_a/hdl/vhdl/blk_mem_gen_wrapper.vhd \
      PB ieee/std_logic_1164 1350103243 LB proc_common_v3_00_a \
      PH proc_common_v3_00_a/coregen_comp_defs 1400148086 \
      PB proc_common_v3_00_a/family_support 1400148047
AR proc_common_v3_00_a/blk_mem_gen_wrapper/implementation 1400148102 \
      FL $XILINX/hw/XilinxProcessorIPLib/pcores/proc_common_v3_00_a/hdl/vhdl/blk_mem_gen_wrapper.vhd \
      EN proc_common_v3_00_a/blk_mem_gen_wrapper 1400148101 CP blk_mem_gen_v2_7 \
      CP blk_mem_gen_v6_2
FL $XILINX/hw/XilinxProcessorIPLib/pcores/proc_common_v3_00_a/hdl/vhdl/cntr_incr_decr_addn_f.vhd 2012/10/02.11:15:44 P.40xd
EN proc_common_v3_00_a/cntr_incr_decr_addn_f 1400148058 \
      FL $XILINX/hw/XilinxProcessorIPLib/pcores/proc_common_v3_00_a/hdl/vhdl/cntr_incr_decr_addn_f.vhd \
      PB ieee/std_logic_1164 1350103243
AR proc_common_v3_00_a/cntr_incr_decr_addn_f/imp 1400148059 \
      FL $XILINX/hw/XilinxProcessorIPLib/pcores/proc_common_v3_00_a/hdl/vhdl/cntr_incr_decr_addn_f.vhd \
      EN proc_common_v3_00_a/cntr_incr_decr_addn_f 1400148058 \
      LB proc_common_v3_00_a PB ieee/NUMERIC_STD 1350103249 LB unisim \
      CP std_logic_vector CP MUXCY_L CP XORCY CP FDS \
      PB proc_common_v3_00_a/family_support 1400148047
FL $XILINX/hw/XilinxProcessorIPLib/pcores/proc_common_v3_00_a/hdl/vhdl/common_types_pkg.vhd 2012/10/02.11:15:44 P.40xd
PH proc_common_v3_00_a/Common_Types 1400148089 \
      FL $XILINX/hw/XilinxProcessorIPLib/pcores/proc_common_v3_00_a/hdl/vhdl/common_types_pkg.vhd \
      PB ieee/std_logic_1164 1350103243
PB proc_common_v3_00_a/Common_Types 1400148090 \
      FL $XILINX/hw/XilinxProcessorIPLib/pcores/proc_common_v3_00_a/hdl/vhdl/common_types_pkg.vhd \
      PH proc_common_v3_00_a/Common_Types 1400148089
FL $XILINX/hw/XilinxProcessorIPLib/pcores/proc_common_v3_00_a/hdl/vhdl/compare_vectors_f.vhd 2012/10/02.11:15:44 P.40xd
EN proc_common_v3_00_a/compare_vectors_f 1400148157 \
      FL $XILINX/hw/XilinxProcessorIPLib/pcores/proc_common_v3_00_a/hdl/vhdl/compare_vectors_f.vhd \
      PB ieee/std_logic_1164 1350103243 LB unisim PH unisim/VCOMPONENTS 1350103252 \
      LB proc_common_v3_00_a PB proc_common_v3_00_a/family_support 1400148047
AR proc_common_v3_00_a/compare_vectors_f/imp 1400148158 \
      FL $XILINX/hw/XilinxProcessorIPLib/pcores/proc_common_v3_00_a/hdl/vhdl/compare_vectors_f.vhd \
      EN proc_common_v3_00_a/compare_vectors_f 1400148157 CP positive \
      CP std_logic_vector CP natural CP MUXCY
FL $XILINX/hw/XilinxProcessorIPLib/pcores/proc_common_v3_00_a/hdl/vhdl/conv_funs_pkg.vhd 2012/10/02.11:15:44 P.40xd
PH proc_common_v3_00_a/conv_funs_pkg 1400148091 \
      FL $XILINX/hw/XilinxProcessorIPLib/pcores/proc_common_v3_00_a/hdl/vhdl/conv_funs_pkg.vhd \
      PB ieee/std_logic_1164 1350103243
PB proc_common_v3_00_a/conv_funs_pkg 1400148092 \
      FL $XILINX/hw/XilinxProcessorIPLib/pcores/proc_common_v3_00_a/hdl/vhdl/conv_funs_pkg.vhd \
      PH proc_common_v3_00_a/conv_funs_pkg 1400148091
FL $XILINX/hw/XilinxProcessorIPLib/pcores/proc_common_v3_00_a/hdl/vhdl/coregen_comp_defs.vhd 2012/10/02.11:15:44 P.40xd
PH proc_common_v3_00_a/coregen_comp_defs 1400148086 \
      FL $XILINX/hw/XilinxProcessorIPLib/pcores/proc_common_v3_00_a/hdl/vhdl/coregen_comp_defs.vhd \
      PB ieee/std_logic_1164 1350103243 CD fifo_generator_v4_2 \
      CD fifo_generator_v4_3 CD fifo_generator_v5_1 CD fifo_generator_v5_2 \
      CD fifo_generator_v5_3 CD fifo_generator_v6_1 CD fifo_generator_v8_1 \
      CD fifo_generator_v8_2 CD fifo_generator_v8_3 CD fifo_generator_v9_1 \
      CD fifo_generator_v9_2 CD blk_mem_gen_v2_7 CD blk_mem_gen_v3_1 \
      CD blk_mem_gen_v3_2 CD blk_mem_gen_v3_3 CD blk_mem_gen_v4_1 \
      CD blk_mem_gen_v5_2 CD blk_mem_gen_v6_2 CD blk_mem_gen_v7_1
FL $XILINX/hw/XilinxProcessorIPLib/pcores/proc_common_v3_00_a/hdl/vhdl/counter.vhd 2012/10/02.11:15:44 P.40xd
EN proc_common_v3_00_a/Counter 1400148084 \
      FL $XILINX/hw/XilinxProcessorIPLib/pcores/proc_common_v3_00_a/hdl/vhdl/counter.vhd \
      PB ieee/std_logic_1164 1350103243 LB unisim PH unisim/VCOMPONENTS 1350103252 \
      LB proc_common_v3_00_a EN proc_common_v3_00_a/counter_bit 1400148068
AR proc_common_v3_00_a/Counter/imp 1400148085 \
      FL $XILINX/hw/XilinxProcessorIPLib/pcores/proc_common_v3_00_a/hdl/vhdl/counter.vhd \
      EN proc_common_v3_00_a/Counter 1400148084 \
      CP proc_common_v3_00_a/counter_bit CP FDRE
FL $XILINX/hw/XilinxProcessorIPLib/pcores/proc_common_v3_00_a/hdl/vhdl/counter_bit.vhd 2012/10/02.11:15:44 P.40xd
EN proc_common_v3_00_a/counter_bit 1400148068 \
      FL $XILINX/hw/XilinxProcessorIPLib/pcores/proc_common_v3_00_a/hdl/vhdl/counter_bit.vhd \
      PB ieee/std_logic_1164 1350103243 LB unisim
AR proc_common_v3_00_a/counter_bit/imp 1400148069 \
      FL $XILINX/hw/XilinxProcessorIPLib/pcores/proc_common_v3_00_a/hdl/vhdl/counter_bit.vhd \
      EN proc_common_v3_00_a/counter_bit 1400148068 CP LUT4 CP MUXCY_L CP XORCY \
      CP FDRE
FL $XILINX/hw/XilinxProcessorIPLib/pcores/proc_common_v3_00_a/hdl/vhdl/counter_f.vhd 2012/10/02.11:15:44 P.40xd
EN proc_common_v3_00_a/counter_f 1400148161 \
      FL $XILINX/hw/XilinxProcessorIPLib/pcores/proc_common_v3_00_a/hdl/vhdl/counter_f.vhd \
      PB ieee/std_logic_1164 1350103243 PB ieee/NUMERIC_STD 1350103249 LB unisim \
      LB proc_common_v3_00_a PB proc_common_v3_00_a/family_support 1400148047
AR proc_common_v3_00_a/counter_f/imp 1400148162 \
      FL $XILINX/hw/XilinxProcessorIPLib/pcores/proc_common_v3_00_a/hdl/vhdl/counter_f.vhd \
      EN proc_common_v3_00_a/counter_f 1400148161 CP std_logic_vector CP std_logic \
      CP MUXCY_L CP XORCY CP FDRE CP unsigned
FL $XILINX/hw/XilinxProcessorIPLib/pcores/proc_common_v3_00_a/hdl/vhdl/direct_path_cntr.vhd 2012/10/02.11:15:44 P.40xd
EN proc_common_v3_00_a/direct_path_cntr 1400148105 \
      FL $XILINX/hw/XilinxProcessorIPLib/pcores/proc_common_v3_00_a/hdl/vhdl/direct_path_cntr.vhd \
      PB ieee/std_logic_1164 1350103243
AR proc_common_v3_00_a/direct_path_cntr/imp 1400148106 \
      FL $XILINX/hw/XilinxProcessorIPLib/pcores/proc_common_v3_00_a/hdl/vhdl/direct_path_cntr.vhd \
      EN proc_common_v3_00_a/direct_path_cntr 1400148105 LB unisim CP std_logic \
      CP MULT_AND CP MUXCY CP XORCY CP FDE
FL $XILINX/hw/XilinxProcessorIPLib/pcores/proc_common_v3_00_a/hdl/vhdl/direct_path_cntr_ai.vhd 2012/10/02.11:15:44 P.40xd
EN proc_common_v3_00_a/direct_path_cntr_ai 1400148107 \
      FL $XILINX/hw/XilinxProcessorIPLib/pcores/proc_common_v3_00_a/hdl/vhdl/direct_path_cntr_ai.vhd \
      PB ieee/std_logic_1164 1350103243
AR proc_common_v3_00_a/direct_path_cntr_ai/imp 1400148108 \
      FL $XILINX/hw/XilinxProcessorIPLib/pcores/proc_common_v3_00_a/hdl/vhdl/direct_path_cntr_ai.vhd \
      EN proc_common_v3_00_a/direct_path_cntr_ai 1400148107 LB unisim \
      PH unisim/VCOMPONENTS 1350103252 CP std_logic CP MULT_AND CP MUXCY CP XORCY \
      CP FDE
FL $XILINX/hw/XilinxProcessorIPLib/pcores/proc_common_v3_00_a/hdl/vhdl/down_counter.vhd 2012/10/02.11:15:44 P.40xd
EN proc_common_v3_00_a/down_counter 1400148109 \
      FL $XILINX/hw/XilinxProcessorIPLib/pcores/proc_common_v3_00_a/hdl/vhdl/down_counter.vhd \
      PB ieee/std_logic_1164 1350103243 PB ieee/std_logic_arith 1350103244 \
      LB proc_common_v3_00_a PB proc_common_v3_00_a/proc_common_pkg 1400148049
AR proc_common_v3_00_a/down_counter/simulation 1400148110 \
      FL $XILINX/hw/XilinxProcessorIPLib/pcores/proc_common_v3_00_a/hdl/vhdl/down_counter.vhd \
      EN proc_common_v3_00_a/down_counter 1400148109
FL $XILINX/hw/XilinxProcessorIPLib/pcores/proc_common_v3_00_a/hdl/vhdl/dynshreg_f.vhd 2012/10/02.11:15:44 P.40xd
EN proc_common_v3_00_a/dynshreg_f 1400148060 \
      FL $XILINX/hw/XilinxProcessorIPLib/pcores/proc_common_v3_00_a/hdl/vhdl/dynshreg_f.vhd \
      PB ieee/std_logic_1164 1350103243 PB ieee/NUMERIC_STD 1350103249 \
      LB proc_common_v3_00_a PB proc_common_v3_00_a/proc_common_pkg 1400148049
AR proc_common_v3_00_a/dynshreg_f/behavioral 1400148061 \
      FL $XILINX/hw/XilinxProcessorIPLib/pcores/proc_common_v3_00_a/hdl/vhdl/dynshreg_f.vhd \
      EN proc_common_v3_00_a/dynshreg_f 1400148060 LB proc_common_v3_00_a \
      PB proc_common_v3_00_a/family_support 1400148047 LB unisim CP bo2na_type \
      CP natural CP integer CP std_logic_vector CP SRLC16E CP SRLC32E \
      CP proc_common_v3_00_a/muxf_struct_f CP dataType
FL $XILINX/hw/XilinxProcessorIPLib/pcores/proc_common_v3_00_a/hdl/vhdl/dynshreg_i_f.vhd 2012/10/02.11:15:44 P.40xd
EN proc_common_v3_00_a/dynshreg_i_f 1400148151 \
      FL $XILINX/hw/XilinxProcessorIPLib/pcores/proc_common_v3_00_a/hdl/vhdl/dynshreg_i_f.vhd \
      PB ieee/std_logic_1164 1350103243 PB ieee/NUMERIC_STD 1350103249 \
      LB proc_common_v3_00_a PB proc_common_v3_00_a/proc_common_pkg 1400148049
AR proc_common_v3_00_a/dynshreg_i_f/behavioral 1400148152 \
      FL $XILINX/hw/XilinxProcessorIPLib/pcores/proc_common_v3_00_a/hdl/vhdl/dynshreg_i_f.vhd \
      EN proc_common_v3_00_a/dynshreg_i_f 1400148151 LB proc_common_v3_00_a \
      PB proc_common_v3_00_a/family_support 1400148047 LB unisim CP bo2na_type \
      CP natural CP integer CP std_logic_vector CP positive CP bit_vector CP SRLC16E \
      CP SRLC32E CP proc_common_v3_00_a/muxf_struct_f CP dataType
FL $XILINX/hw/XilinxProcessorIPLib/pcores/proc_common_v3_00_a/hdl/vhdl/eval_timer.vhd 2012/10/02.11:15:44 P.40xd
EN proc_common_v3_00_a/eval_timer 1400148111 \
      FL $XILINX/hw/XilinxProcessorIPLib/pcores/proc_common_v3_00_a/hdl/vhdl/eval_timer.vhd \
      PB ieee/std_logic_1164 1350103243 LB unisim LB proc_common_v3_00_a \
      PB proc_common_v3_00_a/proc_common_pkg 1400148049
AR proc_common_v3_00_a/eval_timer/imp 1400148112 \
      FL $XILINX/hw/XilinxProcessorIPLib/pcores/proc_common_v3_00_a/hdl/vhdl/eval_timer.vhd \
      EN proc_common_v3_00_a/eval_timer 1400148111 CP Counter CP FDR CP FDRE
FL $XILINX/hw/XilinxProcessorIPLib/pcores/proc_common_v3_00_a/hdl/vhdl/family.vhd 2012/10/02.11:15:44 P.40xd
PH proc_common_v3_00_a/family 1400148074 \
      FL $XILINX/hw/XilinxProcessorIPLib/pcores/proc_common_v3_00_a/hdl/vhdl/family.vhd
PB proc_common_v3_00_a/family 1400148075 \
      FL $XILINX/hw/XilinxProcessorIPLib/pcores/proc_common_v3_00_a/hdl/vhdl/family.vhd \
      PH proc_common_v3_00_a/family 1400148074
FL $XILINX/hw/XilinxProcessorIPLib/pcores/proc_common_v3_00_a/hdl/vhdl/family_support.vhd 2012/10/02.11:15:44 P.40xd
PH proc_common_v3_00_a/family_support 1400148046 \
      FL $XILINX/hw/XilinxProcessorIPLib/pcores/proc_common_v3_00_a/hdl/vhdl/family_support.vhd
PB proc_common_v3_00_a/family_support 1400148047 \
      FL $XILINX/hw/XilinxProcessorIPLib/pcores/proc_common_v3_00_a/hdl/vhdl/family_support.vhd \
      PH proc_common_v3_00_a/family_support 1400148046
FL $XILINX/hw/XilinxProcessorIPLib/pcores/proc_common_v3_00_a/hdl/vhdl/inferred_lut4.vhd 2012/10/02.11:15:44 P.40xd
EN proc_common_v3_00_a/inferred_lut4 1400148050 \
      FL $XILINX/hw/XilinxProcessorIPLib/pcores/proc_common_v3_00_a/hdl/vhdl/inferred_lut4.vhd \
      PB ieee/std_logic_1164 1350103243 PB ieee/std_logic_arith 1350103244 \
      PB ieee/STD_LOGIC_UNSIGNED 1350103247
AR proc_common_v3_00_a/inferred_lut4/implementation 1400148051 \
      FL $XILINX/hw/XilinxProcessorIPLib/pcores/proc_common_v3_00_a/hdl/vhdl/inferred_lut4.vhd \
      EN proc_common_v3_00_a/inferred_lut4 1400148050
FL $XILINX/hw/XilinxProcessorIPLib/pcores/proc_common_v3_00_a/hdl/vhdl/ipif_mirror128.vhd 2012/10/02.11:15:44 P.40xd
EN proc_common_v3_00_a/ipif_mirror128 1400148117 \
      FL $XILINX/hw/XilinxProcessorIPLib/pcores/proc_common_v3_00_a/hdl/vhdl/ipif_mirror128.vhd \
      PB ieee/std_logic_1164 1350103243
AR proc_common_v3_00_a/ipif_mirror128/IMP 1400148118 \
      FL $XILINX/hw/XilinxProcessorIPLib/pcores/proc_common_v3_00_a/hdl/vhdl/ipif_mirror128.vhd \
      EN proc_common_v3_00_a/ipif_mirror128 1400148117 CP std_logic \
      CP std_logic_vector
FL $XILINX/hw/XilinxProcessorIPLib/pcores/proc_common_v3_00_a/hdl/vhdl/ipif_pkg.vhd 2012/10/02.11:15:44 P.40xd
PH proc_common_v3_00_a/ipif_pkg 1400148093 \
      FL $XILINX/hw/XilinxProcessorIPLib/pcores/proc_common_v3_00_a/hdl/vhdl/ipif_pkg.vhd \
      PB ieee/std_logic_1164 1350103243 PB ieee/std_logic_arith 1350103244 \
      PB ieee/STD_LOGIC_UNSIGNED 1350103247
PB proc_common_v3_00_a/ipif_pkg 1400148094 \
      FL $XILINX/hw/XilinxProcessorIPLib/pcores/proc_common_v3_00_a/hdl/vhdl/ipif_pkg.vhd \
      PH proc_common_v3_00_a/ipif_pkg 1400148093 LB proc_common_v3_00_a \
      PB proc_common_v3_00_a/proc_common_pkg 1400148049
FL $XILINX/hw/XilinxProcessorIPLib/pcores/proc_common_v3_00_a/hdl/vhdl/ipif_steer.vhd 2012/10/02.11:15:44 P.40xd
EN proc_common_v3_00_a/IPIF_Steer 1400148113 \
      FL $XILINX/hw/XilinxProcessorIPLib/pcores/proc_common_v3_00_a/hdl/vhdl/ipif_steer.vhd \
      PB ieee/std_logic_1164 1350103243
AR proc_common_v3_00_a/IPIF_Steer/IMP 1400148114 \
      FL $XILINX/hw/XilinxProcessorIPLib/pcores/proc_common_v3_00_a/hdl/vhdl/ipif_steer.vhd \
      EN proc_common_v3_00_a/IPIF_Steer 1400148113 CP std_logic \
      CP std_logic_vector
FL $XILINX/hw/XilinxProcessorIPLib/pcores/proc_common_v3_00_a/hdl/vhdl/ipif_steer128.vhd 2012/10/02.11:15:44 P.40xd
EN proc_common_v3_00_a/ipif_steer128 1400148115 \
      FL $XILINX/hw/XilinxProcessorIPLib/pcores/proc_common_v3_00_a/hdl/vhdl/ipif_steer128.vhd \
      PB ieee/std_logic_1164 1350103243
AR proc_common_v3_00_a/ipif_steer128/IMP 1400148116 \
      FL $XILINX/hw/XilinxProcessorIPLib/pcores/proc_common_v3_00_a/hdl/vhdl/ipif_steer128.vhd \
      EN proc_common_v3_00_a/ipif_steer128 1400148115 CP std_logic \
      CP std_logic_vector
FL $XILINX/hw/XilinxProcessorIPLib/pcores/proc_common_v3_00_a/hdl/vhdl/ld_arith_reg.vhd 2012/10/02.11:15:44 P.40xd
EN proc_common_v3_00_a/ld_arith_reg 1400148119 \
      FL $XILINX/hw/XilinxProcessorIPLib/pcores/proc_common_v3_00_a/hdl/vhdl/ld_arith_reg.vhd \
      PB ieee/std_logic_1164 1350103243
AR proc_common_v3_00_a/ld_arith_reg/imp 1400148120 \
      FL $XILINX/hw/XilinxProcessorIPLib/pcores/proc_common_v3_00_a/hdl/vhdl/ld_arith_reg.vhd \
      EN proc_common_v3_00_a/ld_arith_reg 1400148119 LB unisim PB ieee/NUMERIC_STD 1350103249 \
      CP std_logic CP MULT_AND CP MUXCY CP XORCY CP FDRE CP FDSE
FL $XILINX/hw/XilinxProcessorIPLib/pcores/proc_common_v3_00_a/hdl/vhdl/ld_arith_reg2.vhd 2012/10/02.11:15:44 P.40xd
EN proc_common_v3_00_a/ld_arith_reg2 1400148121 \
      FL $XILINX/hw/XilinxProcessorIPLib/pcores/proc_common_v3_00_a/hdl/vhdl/ld_arith_reg2.vhd \
      PB ieee/std_logic_1164 1350103243
AR proc_common_v3_00_a/ld_arith_reg2/imp 1400148122 \
      FL $XILINX/hw/XilinxProcessorIPLib/pcores/proc_common_v3_00_a/hdl/vhdl/ld_arith_reg2.vhd \
      EN proc_common_v3_00_a/ld_arith_reg2 1400148121 LB unisim \
      PB ieee/NUMERIC_STD 1350103249 CP std_logic CP MULT_AND CP MUXCY CP XORCY \
      CP FDRE CP FDSE
FL $XILINX/hw/XilinxProcessorIPLib/pcores/proc_common_v3_00_a/hdl/vhdl/muxf_struct_f.vhd 2012/10/02.11:15:44 P.40xd
EN proc_common_v3_00_a/muxf_struct 1400148052 \
      FL $XILINX/hw/XilinxProcessorIPLib/pcores/proc_common_v3_00_a/hdl/vhdl/muxf_struct_f.vhd \
      PB ieee/std_logic_1164 1350103243 LB proc_common_v3_00_a \
      PB proc_common_v3_00_a/proc_common_pkg 1400148049 \
      PB proc_common_v3_00_a/family_support 1400148047 LB unisim
AR proc_common_v3_00_a/muxf_struct/imp 1400148053 \
      FL $XILINX/hw/XilinxProcessorIPLib/pcores/proc_common_v3_00_a/hdl/vhdl/muxf_struct_f.vhd \
      EN proc_common_v3_00_a/muxf_struct 1400148052 LB proc_common_v3_00_a \
      LB unisim CP natural CP boolean CP proc_common_v3_00_a/muxf_struct CP MUXF5_D \
      CP MUXF6_D CP MUXF7_D CP MUXF8_D CP std_logic
EN proc_common_v3_00_a/muxf_struct_f 1400148054 \
      FL $XILINX/hw/XilinxProcessorIPLib/pcores/proc_common_v3_00_a/hdl/vhdl/muxf_struct_f.vhd \
      PB ieee/std_logic_1164 1350103243 LB proc_common_v3_00_a \
      PB proc_common_v3_00_a/proc_common_pkg 1400148049
AR proc_common_v3_00_a/muxf_struct_f/imp 1400148055 \
      FL $XILINX/hw/XilinxProcessorIPLib/pcores/proc_common_v3_00_a/hdl/vhdl/muxf_struct_f.vhd \
      EN proc_common_v3_00_a/muxf_struct_f 1400148054 \
      CP proc_common_v3_00_a/muxf_struct
FL $XILINX/hw/XilinxProcessorIPLib/pcores/proc_common_v3_00_a/hdl/vhdl/mux_onehot.vhd 2012/10/02.11:15:44 P.40xd
EN proc_common_v3_00_a/mux_onehot 1400148123 \
      FL $XILINX/hw/XilinxProcessorIPLib/pcores/proc_common_v3_00_a/hdl/vhdl/mux_onehot.vhd \
      PB ieee/std_logic_1164 1350103243 LB unisim
AR proc_common_v3_00_a/mux_onehot/imp 1400148124 \
      FL $XILINX/hw/XilinxProcessorIPLib/pcores/proc_common_v3_00_a/hdl/vhdl/mux_onehot.vhd \
      EN proc_common_v3_00_a/mux_onehot 1400148123 CP MUXCY
FL $XILINX/hw/XilinxProcessorIPLib/pcores/proc_common_v3_00_a/hdl/vhdl/mux_onehot_f.vhd 2012/10/02.11:15:44 P.40xd
EN proc_common_v3_00_a/mux_onehot_f 1400148153 \
      FL $XILINX/hw/XilinxProcessorIPLib/pcores/proc_common_v3_00_a/hdl/vhdl/mux_onehot_f.vhd \
      PB ieee/std_logic_1164 1350103243 LB proc_common_v3_00_a \
      PB proc_common_v3_00_a/family_support 1400148047
AR proc_common_v3_00_a/mux_onehot_f/imp 1400148154 \
      FL $XILINX/hw/XilinxProcessorIPLib/pcores/proc_common_v3_00_a/hdl/vhdl/mux_onehot_f.vhd \
      EN proc_common_v3_00_a/mux_onehot_f 1400148153 LB unisim CP positive \
      CP std_logic_vector CP MUXCY
FL $XILINX/hw/XilinxProcessorIPLib/pcores/proc_common_v3_00_a/hdl/vhdl/or_bits.vhd 2012/10/02.11:15:44 P.40xd
EN proc_common_v3_00_a/or_bits 1400148125 \
      FL $XILINX/hw/XilinxProcessorIPLib/pcores/proc_common_v3_00_a/hdl/vhdl/or_bits.vhd \
      PB ieee/std_logic_1164 1350103243 LB unisim
AR proc_common_v3_00_a/or_bits/implementation 1400148126 \
      FL $XILINX/hw/XilinxProcessorIPLib/pcores/proc_common_v3_00_a/hdl/vhdl/or_bits.vhd \
      EN proc_common_v3_00_a/or_bits 1400148125 CP std_logic_vector CP MUXCY
FL $XILINX/hw/XilinxProcessorIPLib/pcores/proc_common_v3_00_a/hdl/vhdl/or_gate.vhd 2012/10/02.11:15:44 P.40xd
EN proc_common_v3_00_a/or_gate 1400148127 \
      FL $XILINX/hw/XilinxProcessorIPLib/pcores/proc_common_v3_00_a/hdl/vhdl/or_gate.vhd \
      PB ieee/std_logic_1164 1350103243 PB ieee/std_logic_arith 1350103244 \
      PB ieee/STD_LOGIC_UNSIGNED 1350103247 LB proc_common_v3_00_a
AR proc_common_v3_00_a/or_gate/imp 1400148128 \
      FL $XILINX/hw/XilinxProcessorIPLib/pcores/proc_common_v3_00_a/hdl/vhdl/or_gate.vhd \
      EN proc_common_v3_00_a/or_gate 1400148127 CP std_logic_vector CP or_muxcy
FL $XILINX/hw/XilinxProcessorIPLib/pcores/proc_common_v3_00_a/hdl/vhdl/or_gate128.vhd 2012/10/02.11:15:44 P.40xd
EN proc_common_v3_00_a/or_gate128 1400148129 \
      FL $XILINX/hw/XilinxProcessorIPLib/pcores/proc_common_v3_00_a/hdl/vhdl/or_gate128.vhd \
      PB ieee/std_logic_1164 1350103243 PB ieee/std_logic_arith 1350103244 \
      PB ieee/STD_LOGIC_UNSIGNED 1350103247 LB proc_common_v3_00_a
AR proc_common_v3_00_a/or_gate128/imp 1400148130 \
      FL $XILINX/hw/XilinxProcessorIPLib/pcores/proc_common_v3_00_a/hdl/vhdl/or_gate128.vhd \
      EN proc_common_v3_00_a/or_gate128 1400148129 CP std_logic_vector CP or_muxcy
FL $XILINX/hw/XilinxProcessorIPLib/pcores/proc_common_v3_00_a/hdl/vhdl/or_gate_f.vhd 2012/10/02.11:15:44 P.40xd
EN proc_common_v3_00_a/or_gate_f 1400148163 \
      FL $XILINX/hw/XilinxProcessorIPLib/pcores/proc_common_v3_00_a/hdl/vhdl/or_gate_f.vhd \
      PB ieee/std_logic_1164 1350103243 PB ieee/std_logic_arith 1350103244 \
      PB ieee/STD_LOGIC_UNSIGNED 1350103247 LB proc_common_v3_00_a
AR proc_common_v3_00_a/or_gate_f/imp 1400148164 \
      FL $XILINX/hw/XilinxProcessorIPLib/pcores/proc_common_v3_00_a/hdl/vhdl/or_gate_f.vhd \
      EN proc_common_v3_00_a/or_gate_f 1400148163 CP std_logic_vector \
      CP proc_common_v3_00_a/or_muxcy_f
FL $XILINX/hw/XilinxProcessorIPLib/pcores/proc_common_v3_00_a/hdl/vhdl/or_muxcy.vhd 2012/10/02.11:15:44 P.40xd
EN proc_common_v3_00_a/or_muxcy 1400148082 \
      FL $XILINX/hw/XilinxProcessorIPLib/pcores/proc_common_v3_00_a/hdl/vhdl/or_muxcy.vhd \
      PB ieee/std_logic_1164 1350103243 LB unisim
AR proc_common_v3_00_a/or_muxcy/implementation 1400148083 \
      FL $XILINX/hw/XilinxProcessorIPLib/pcores/proc_common_v3_00_a/hdl/vhdl/or_muxcy.vhd \
      EN proc_common_v3_00_a/or_muxcy 1400148082 CP std_logic_vector CP MUXCY
FL $XILINX/hw/XilinxProcessorIPLib/pcores/proc_common_v3_00_a/hdl/vhdl/or_muxcy_f.vhd 2012/10/02.11:15:44 P.40xd
EN proc_common_v3_00_a/or_muxcy_f 1400148070 \
      FL $XILINX/hw/XilinxProcessorIPLib/pcores/proc_common_v3_00_a/hdl/vhdl/or_muxcy_f.vhd \
      PB ieee/std_logic_1164 1350103243
AR proc_common_v3_00_a/or_muxcy_f/implementation 1400148071 \
      FL $XILINX/hw/XilinxProcessorIPLib/pcores/proc_common_v3_00_a/hdl/vhdl/or_muxcy_f.vhd \
      EN proc_common_v3_00_a/or_muxcy_f 1400148070 LB proc_common_v3_00_a \
      PB proc_common_v3_00_a/family_support 1400148047 LB unisim CP positive \
      CP std_logic_vector CP std_logic CP MUXCY
FL $XILINX/hw/XilinxProcessorIPLib/pcores/proc_common_v3_00_a/hdl/vhdl/or_with_enable_f.vhd 2012/10/02.11:15:44 P.40xd
EN proc_common_v3_00_a/or_with_enable_f 1400148149 \
      FL $XILINX/hw/XilinxProcessorIPLib/pcores/proc_common_v3_00_a/hdl/vhdl/or_with_enable_f.vhd \
      PB ieee/std_logic_1164 1350103243
AR proc_common_v3_00_a/or_with_enable_f/implementation 1400148150 \
      FL $XILINX/hw/XilinxProcessorIPLib/pcores/proc_common_v3_00_a/hdl/vhdl/or_with_enable_f.vhd \
      EN proc_common_v3_00_a/or_with_enable_f 1400148149 LB proc_common_v3_00_a \
      PB proc_common_v3_00_a/family_support 1400148047 LB unisim CP positive \
      CP std_logic_vector CP std_logic CP MUXCY
FL $XILINX/hw/XilinxProcessorIPLib/pcores/proc_common_v3_00_a/hdl/vhdl/pf_adder.vhd 2012/10/02.11:15:44 P.40xd
EN proc_common_v3_00_a/pf_adder 1400148080 \
      FL $XILINX/hw/XilinxProcessorIPLib/pcores/proc_common_v3_00_a/hdl/vhdl/pf_adder.vhd \
      PB ieee/std_logic_1164 1350103243 LB unisim
AR proc_common_v3_00_a/pf_adder/implementation 1400148081 \
      FL $XILINX/hw/XilinxProcessorIPLib/pcores/proc_common_v3_00_a/hdl/vhdl/pf_adder.vhd \
      EN proc_common_v3_00_a/pf_adder 1400148080 CP pf_adder_bit
FL $XILINX/hw/XilinxProcessorIPLib/pcores/proc_common_v3_00_a/hdl/vhdl/pf_adder_bit.vhd 2012/10/02.11:15:44 P.40xd
EN proc_common_v3_00_a/pf_adder_bit 1400148062 \
      FL $XILINX/hw/XilinxProcessorIPLib/pcores/proc_common_v3_00_a/hdl/vhdl/pf_adder_bit.vhd \
      PB ieee/std_logic_1164 1350103243 LB unisim LB proc_common_v3_00_a \
      EN proc_common_v3_00_a/inferred_lut4 1400148050
AR proc_common_v3_00_a/pf_adder_bit/implementation 1400148063 \
      FL $XILINX/hw/XilinxProcessorIPLib/pcores/proc_common_v3_00_a/hdl/vhdl/pf_adder_bit.vhd \
      EN proc_common_v3_00_a/pf_adder_bit 1400148062 CP inferred_lut4 CP MUXCY \
      CP XORCY CP FDRE
FL $XILINX/hw/XilinxProcessorIPLib/pcores/proc_common_v3_00_a/hdl/vhdl/pf_counter.vhd 2012/10/02.11:15:44 P.40xd
EN proc_common_v3_00_a/pf_counter 1400148064 \
      FL $XILINX/hw/XilinxProcessorIPLib/pcores/proc_common_v3_00_a/hdl/vhdl/pf_counter.vhd \
      PB ieee/std_logic_1164 1350103243 LB unisim PH unisim/VCOMPONENTS 1350103252 \
      LB proc_common_v3_00_a EN proc_common_v3_00_a/pf_counter_bit 1400148056
AR proc_common_v3_00_a/pf_counter/implementation 1400148065 \
      FL $XILINX/hw/XilinxProcessorIPLib/pcores/proc_common_v3_00_a/hdl/vhdl/pf_counter.vhd \
      EN proc_common_v3_00_a/pf_counter 1400148064 \
      CP proc_common_v3_00_a/pf_counter_bit CP FDRE
FL $XILINX/hw/XilinxProcessorIPLib/pcores/proc_common_v3_00_a/hdl/vhdl/pf_counter_bit.vhd 2012/10/02.11:15:44 P.40xd
EN proc_common_v3_00_a/pf_counter_bit 1400148056 \
      FL $XILINX/hw/XilinxProcessorIPLib/pcores/proc_common_v3_00_a/hdl/vhdl/pf_counter_bit.vhd \
      PB ieee/std_logic_1164 1350103243 LB unisim LB proc_common_v3_00_a \
      EN proc_common_v3_00_a/inferred_lut4 1400148050
AR proc_common_v3_00_a/pf_counter_bit/implementation 1400148057 \
      FL $XILINX/hw/XilinxProcessorIPLib/pcores/proc_common_v3_00_a/hdl/vhdl/pf_counter_bit.vhd \
      EN proc_common_v3_00_a/pf_counter_bit 1400148056 CP inferred_lut4 CP MUXCY \
      CP XORCY CP FDRE
FL $XILINX/hw/XilinxProcessorIPLib/pcores/proc_common_v3_00_a/hdl/vhdl/pf_counter_top.vhd 2012/10/02.11:15:44 P.40xd
EN proc_common_v3_00_a/pf_counter_top 1400148078 \
      FL $XILINX/hw/XilinxProcessorIPLib/pcores/proc_common_v3_00_a/hdl/vhdl/pf_counter_top.vhd \
      PB ieee/std_logic_1164 1350103243 LB unisim PH unisim/VCOMPONENTS 1350103252 \
      LB proc_common_v3_00_a EN proc_common_v3_00_a/pf_counter 1400148064
AR proc_common_v3_00_a/pf_counter_top/implementation 1400148079 \
      FL $XILINX/hw/XilinxProcessorIPLib/pcores/proc_common_v3_00_a/hdl/vhdl/pf_counter_top.vhd \
      EN proc_common_v3_00_a/pf_counter_top 1400148078 \
      CP proc_common_v3_00_a/pf_counter
FL $XILINX/hw/XilinxProcessorIPLib/pcores/proc_common_v3_00_a/hdl/vhdl/pf_dpram_select.vhd 2012/10/02.11:15:44 P.40xd
EN proc_common_v3_00_a/pf_dpram_select 1400148131 \
      FL $XILINX/hw/XilinxProcessorIPLib/pcores/proc_common_v3_00_a/hdl/vhdl/pf_dpram_select.vhd \
      PB ieee/std_logic_1164 1350103243 PB ieee/NUMERIC_STD 1350103249 LB unisim
AR proc_common_v3_00_a/pf_dpram_select/implementation 1400148132 \
      FL $XILINX/hw/XilinxProcessorIPLib/pcores/proc_common_v3_00_a/hdl/vhdl/pf_dpram_select.vhd \
      EN proc_common_v3_00_a/pf_dpram_select 1400148131 CP in CP out CP integer \
      CP dbus_slice_array CP pdbus_slice_array CP std_logic_vector CP std_logic \
      CP RAMB16_S36_S36 CP RAMB16_S18_S18 CP RAMB16_S9_S9 CP RAMB16_S4_S4 \
      CP RAMB16_S2_S2 CP RAMB16_S1_S1 CP RAMB4_S1_S1 CP RAMB4_S2_S2 CP RAMB4_S4_S4 \
      CP RAMB4_S8_S8 CP RAMB4_S16_S16
FL $XILINX/hw/XilinxProcessorIPLib/pcores/proc_common_v3_00_a/hdl/vhdl/pf_occ_counter.vhd 2012/10/02.11:15:44 P.40xd
EN proc_common_v3_00_a/pf_occ_counter 1400148066 \
      FL $XILINX/hw/XilinxProcessorIPLib/pcores/proc_common_v3_00_a/hdl/vhdl/pf_occ_counter.vhd \
      PB ieee/std_logic_1164 1350103243 LB unisim PH unisim/VCOMPONENTS 1350103252 \
      LB proc_common_v3_00_a EN proc_common_v3_00_a/pf_counter_bit 1400148056
AR proc_common_v3_00_a/pf_occ_counter/implementation 1400148067 \
      FL $XILINX/hw/XilinxProcessorIPLib/pcores/proc_common_v3_00_a/hdl/vhdl/pf_occ_counter.vhd \
      EN proc_common_v3_00_a/pf_occ_counter 1400148066 CP MUXCY \
      CP proc_common_v3_00_a/pf_counter_bit
FL $XILINX/hw/XilinxProcessorIPLib/pcores/proc_common_v3_00_a/hdl/vhdl/pf_occ_counter_top.vhd 2012/10/02.11:15:44 P.40xd
EN proc_common_v3_00_a/pf_occ_counter_top 1400148076 \
      FL $XILINX/hw/XilinxProcessorIPLib/pcores/proc_common_v3_00_a/hdl/vhdl/pf_occ_counter_top.vhd \
      PB ieee/std_logic_1164 1350103243 LB unisim PH unisim/VCOMPONENTS 1350103252 \
      LB proc_common_v3_00_a EN proc_common_v3_00_a/pf_occ_counter 1400148066
AR proc_common_v3_00_a/pf_occ_counter_top/implementation 1400148077 \
      FL $XILINX/hw/XilinxProcessorIPLib/pcores/proc_common_v3_00_a/hdl/vhdl/pf_occ_counter_top.vhd \
      EN proc_common_v3_00_a/pf_occ_counter_top 1400148076 \
      CP proc_common_v3_00_a/pf_occ_counter
FL $XILINX/hw/XilinxProcessorIPLib/pcores/proc_common_v3_00_a/hdl/vhdl/proc_common_pkg.vhd 2012/10/02.11:15:44 P.40xd
PH proc_common_v3_00_a/proc_common_pkg 1400148048 \
      FL $XILINX/hw/XilinxProcessorIPLib/pcores/proc_common_v3_00_a/hdl/vhdl/proc_common_pkg.vhd \
      PB ieee/std_logic_1164 1350103243 PB ieee/std_logic_arith 1350103244 \
      PB ieee/STD_LOGIC_UNSIGNED 1350103247
PB proc_common_v3_00_a/proc_common_pkg 1400148049 \
      FL $XILINX/hw/XilinxProcessorIPLib/pcores/proc_common_v3_00_a/hdl/vhdl/proc_common_pkg.vhd \
      PH proc_common_v3_00_a/proc_common_pkg 1400148048
FL $XILINX/hw/XilinxProcessorIPLib/pcores/proc_common_v3_00_a/hdl/vhdl/pselect.vhd 2012/10/02.11:15:44 P.40xd
EN proc_common_v3_00_a/pselect 1400148133 \
      FL $XILINX/hw/XilinxProcessorIPLib/pcores/proc_common_v3_00_a/hdl/vhdl/pselect.vhd \
      PB ieee/std_logic_1164 1350103243 PB ieee/std_logic_arith 1350103244 \
      PB ieee/STD_LOGIC_UNSIGNED 1350103247 LB unisim
AR proc_common_v3_00_a/pselect/imp 1400148134 \
      FL $XILINX/hw/XilinxProcessorIPLib/pcores/proc_common_v3_00_a/hdl/vhdl/pselect.vhd \
      EN proc_common_v3_00_a/pselect 1400148133 CP std_logic_vector CP MUXCY
FL $XILINX/hw/XilinxProcessorIPLib/pcores/proc_common_v3_00_a/hdl/vhdl/pselect_f.vhd 2012/10/02.11:15:44 P.40xd
EN proc_common_v3_00_a/pselect_f 1400148159 \
      FL $XILINX/hw/XilinxProcessorIPLib/pcores/proc_common_v3_00_a/hdl/vhdl/pselect_f.vhd \
      PB ieee/std_logic_1164 1350103243 LB unisim LB proc_common_v3_00_a \
      PB proc_common_v3_00_a/family_support 1400148047
AR proc_common_v3_00_a/pselect_f/imp 1400148160 \
      FL $XILINX/hw/XilinxProcessorIPLib/pcores/proc_common_v3_00_a/hdl/vhdl/pselect_f.vhd \
      EN proc_common_v3_00_a/pselect_f 1400148159 CP integer CP std_logic_vector \
      CP natural CP positive CP MUXCY
FL $XILINX/hw/XilinxProcessorIPLib/pcores/proc_common_v3_00_a/hdl/vhdl/pselect_mask.vhd 2012/10/02.11:15:44 P.40xd
EN proc_common_v3_00_a/pselect_mask 1400148135 \
      FL $XILINX/hw/XilinxProcessorIPLib/pcores/proc_common_v3_00_a/hdl/vhdl/pselect_mask.vhd \
      PB ieee/std_logic_1164 1350103243 PB ieee/std_logic_arith 1350103244 \
      PB ieee/STD_LOGIC_UNSIGNED 1350103247 LB unisim
AR proc_common_v3_00_a/pselect_mask/imp 1400148136 \
      FL $XILINX/hw/XilinxProcessorIPLib/pcores/proc_common_v3_00_a/hdl/vhdl/pselect_mask.vhd \
      EN proc_common_v3_00_a/pselect_mask 1400148135 LB unisim
FL $XILINX/hw/XilinxProcessorIPLib/pcores/proc_common_v3_00_a/hdl/vhdl/soft_reset.vhd 2012/10/02.11:15:44 P.40xd
EN proc_common_v3_00_a/soft_reset 1400148165 \
      FL $XILINX/hw/XilinxProcessorIPLib/pcores/proc_common_v3_00_a/hdl/vhdl/soft_reset.vhd \
      PB ieee/std_logic_1164 1350103243 PB ieee/NUMERIC_STD 1350103249 LB unisim \
      PH unisim/VCOMPONENTS 1350103252
AR proc_common_v3_00_a/soft_reset/implementation 1400148166 \
      FL $XILINX/hw/XilinxProcessorIPLib/pcores/proc_common_v3_00_a/hdl/vhdl/soft_reset.vhd \
      EN proc_common_v3_00_a/soft_reset 1400148165 CP FDRSE
FL $XILINX/hw/XilinxProcessorIPLib/pcores/proc_common_v3_00_a/hdl/vhdl/srl16_fifo.vhd 2012/10/02.11:15:44 P.40xd
EN proc_common_v3_00_a/srl16_fifo 1400148137 \
      FL $XILINX/hw/XilinxProcessorIPLib/pcores/proc_common_v3_00_a/hdl/vhdl/srl16_fifo.vhd \
      LB unisim PH unisim/VCOMPONENTS 1350103252 LB proc_common_v3_00_a \
      EN proc_common_v3_00_a/pf_adder 1400148080 \
      EN proc_common_v3_00_a/pf_counter_top 1400148078 \
      EN proc_common_v3_00_a/pf_occ_counter_top 1400148076 PB ieee/std_logic_1164 1350103243 \
      PB ieee/std_logic_arith 1350103244 PB ieee/STD_LOGIC_UNSIGNED 1350103247
AR proc_common_v3_00_a/srl16_fifo/implementation 1400148138 \
      FL $XILINX/hw/XilinxProcessorIPLib/pcores/proc_common_v3_00_a/hdl/vhdl/srl16_fifo.vhd \
      EN proc_common_v3_00_a/srl16_fifo 1400148137 \
      CP proc_common_v3_00_a/pf_occ_counter_top \
      CP proc_common_v3_00_a/pf_counter_top CP SRL16E CP boolean CP integer \
      CP std_logic_vector CP proc_common_v3_00_a/pf_adder
FL $XILINX/hw/XilinxProcessorIPLib/pcores/proc_common_v3_00_a/hdl/vhdl/srl_fifo.vhd 2012/10/02.11:15:44 P.40xd
EN proc_common_v3_00_a/SRL_FIFO 1400148139 \
      FL $XILINX/hw/XilinxProcessorIPLib/pcores/proc_common_v3_00_a/hdl/vhdl/srl_fifo.vhd \
      PB ieee/std_logic_1164 1350103243 LB unisim
AR proc_common_v3_00_a/SRL_FIFO/IMP 1400148140 \
      FL $XILINX/hw/XilinxProcessorIPLib/pcores/proc_common_v3_00_a/hdl/vhdl/srl_fifo.vhd \
      EN proc_common_v3_00_a/SRL_FIFO 1400148139 CP FDR CP MUXCY_L CP XORCY CP FDRE \
      CP SRL16E
FL $XILINX/hw/XilinxProcessorIPLib/pcores/proc_common_v3_00_a/hdl/vhdl/srl_fifo2.vhd 2012/10/02.11:15:44 P.40xd
EN proc_common_v3_00_a/srl_fifo2 1400148141 \
      FL $XILINX/hw/XilinxProcessorIPLib/pcores/proc_common_v3_00_a/hdl/vhdl/srl_fifo2.vhd \
      LB unisim PB ieee/std_logic_1164 1350103243 PB ieee/std_logic_arith 1350103244
AR proc_common_v3_00_a/srl_fifo2/imp 1400148142 \
      FL $XILINX/hw/XilinxProcessorIPLib/pcores/proc_common_v3_00_a/hdl/vhdl/srl_fifo2.vhd \
      EN proc_common_v3_00_a/srl_fifo2 1400148141 CP FDR CP MUXCY_L CP XORCY CP FDRE \
      CP SRL16E
FL $XILINX/hw/XilinxProcessorIPLib/pcores/proc_common_v3_00_a/hdl/vhdl/srl_fifo3.vhd 2012/10/02.11:15:44 P.40xd
EN proc_common_v3_00_a/srl_fifo3 1400148143 \
      FL $XILINX/hw/XilinxProcessorIPLib/pcores/proc_common_v3_00_a/hdl/vhdl/srl_fifo3.vhd \
      PB ieee/std_logic_1164 1350103243 PB ieee/std_logic_arith 1350103244 \
      PB ieee/STD_LOGIC_UNSIGNED 1350103247 PB ieee/NUMERIC_STD 1350103249 \
      LB proc_common_v3_00_a PB proc_common_v3_00_a/family 1400148075 LB unisim \
      PH unisim/VCOMPONENTS 1350103252
AR proc_common_v3_00_a/srl_fifo3/imp 1400148144 \
      FL $XILINX/hw/XilinxProcessorIPLib/pcores/proc_common_v3_00_a/hdl/vhdl/srl_fifo3.vhd \
      EN proc_common_v3_00_a/srl_fifo3 1400148143 CP std_logic_vector CP std_logic \
      CP in CP out CP FDR CP MUXCY_L CP XORCY CP FDRE CP SRL16E CP bit_vector CP LUT3 \
      CP SRLC16E CP MUXF5 CP MUXF6
FL $XILINX/hw/XilinxProcessorIPLib/pcores/proc_common_v3_00_a/hdl/vhdl/srl_fifo_f.vhd 2012/10/02.11:15:44 P.40xd
EN proc_common_v3_00_a/srl_fifo_f 1400148155 \
      FL $XILINX/hw/XilinxProcessorIPLib/pcores/proc_common_v3_00_a/hdl/vhdl/srl_fifo_f.vhd \
      PB ieee/std_logic_1164 1350103243 LB proc_common_v3_00_a \
      PB proc_common_v3_00_a/proc_common_pkg 1400148049
AR proc_common_v3_00_a/srl_fifo_f/imp 1400148156 \
      FL $XILINX/hw/XilinxProcessorIPLib/pcores/proc_common_v3_00_a/hdl/vhdl/srl_fifo_f.vhd \
      EN proc_common_v3_00_a/srl_fifo_f 1400148155 LB proc_common_v3_00_a \
      PB proc_common_v3_00_a/proc_common_pkg 1400148049 \
      CP proc_common_v3_00_a/srl_fifo_rbu_f
FL $XILINX/hw/XilinxProcessorIPLib/pcores/proc_common_v3_00_a/hdl/vhdl/srl_fifo_rbu.vhd 2012/10/02.11:15:44 P.40xd
EN proc_common_v3_00_a/srl_fifo_rbu 1400148145 \
      FL $XILINX/hw/XilinxProcessorIPLib/pcores/proc_common_v3_00_a/hdl/vhdl/srl_fifo_rbu.vhd \
      LB unisim LB proc_common_v3_00_a PB ieee/std_logic_1164 1350103243 \
      PB ieee/NUMERIC_STD 1350103249 PB proc_common_v3_00_a/proc_common_pkg 1400148049
AR proc_common_v3_00_a/srl_fifo_rbu/imp 1400148146 \
      FL $XILINX/hw/XilinxProcessorIPLib/pcores/proc_common_v3_00_a/hdl/vhdl/srl_fifo_rbu.vhd \
      EN proc_common_v3_00_a/srl_fifo_rbu 1400148145 CP MUXCY_L CP XORCY CP FDS \
      CP SRL16E
FL $XILINX/hw/XilinxProcessorIPLib/pcores/proc_common_v3_00_a/hdl/vhdl/srl_fifo_rbu_f.vhd 2012/10/02.11:15:44 P.40xd
EN proc_common_v3_00_a/srl_fifo_rbu_f 1400148072 \
      FL $XILINX/hw/XilinxProcessorIPLib/pcores/proc_common_v3_00_a/hdl/vhdl/srl_fifo_rbu_f.vhd \
      PB ieee/std_logic_1164 1350103243 PB ieee/NUMERIC_STD 1350103249 \
      LB proc_common_v3_00_a PB proc_common_v3_00_a/proc_common_pkg 1400148049
AR proc_common_v3_00_a/srl_fifo_rbu_f/imp 1400148073 \
      FL $XILINX/hw/XilinxProcessorIPLib/pcores/proc_common_v3_00_a/hdl/vhdl/srl_fifo_rbu_f.vhd \
      EN proc_common_v3_00_a/srl_fifo_rbu_f 1400148072 \
      CP proc_common_v3_00_a/cntr_incr_decr_addn_f \
      CP proc_common_v3_00_a/dynshreg_f
FL $XILINX/hw/XilinxProcessorIPLib/pcores/proc_common_v3_00_a/hdl/vhdl/sync_fifo_fg.vhd 2012/10/02.11:15:44 P.40xd
EN proc_common_v3_00_a/sync_fifo_fg 1400148097 \
      FL $XILINX/hw/XilinxProcessorIPLib/pcores/proc_common_v3_00_a/hdl/vhdl/sync_fifo_fg.vhd \
      PB ieee/std_logic_1164 1350103243 PB ieee/NUMERIC_STD 1350103249 \
      LB proc_common_v3_00_a PH proc_common_v3_00_a/coregen_comp_defs 1400148086 \
      PB proc_common_v3_00_a/proc_common_pkg 1400148049 \
      PB proc_common_v3_00_a/family_support 1400148047
AR proc_common_v3_00_a/sync_fifo_fg/implementation 1400148098 \
      FL $XILINX/hw/XilinxProcessorIPLib/pcores/proc_common_v3_00_a/hdl/vhdl/sync_fifo_fg.vhd \
      EN proc_common_v3_00_a/sync_fifo_fg 1400148097 CP fifo_generator_v4_3 \
      CP fifo_generator_v9_1
FL $XILINX/hw/XilinxProcessorIPLib/pcores/proc_common_v3_00_a/hdl/vhdl/valid_be.vhd 2012/10/02.11:15:44 P.40xd
EN proc_common_v3_00_a/valid_be 1400148147 \
      FL $XILINX/hw/XilinxProcessorIPLib/pcores/proc_common_v3_00_a/hdl/vhdl/valid_be.vhd \
      PB ieee/std_logic_1164 1350103243 PB ieee/std_logic_arith 1350103244 \
      PB ieee/STD_LOGIC_SIGNED 1350103246 LB proc_common_v3_00_a \
      PB proc_common_v3_00_a/proc_common_pkg 1400148049
AR proc_common_v3_00_a/valid_be/implementation 1400148148 \
      FL $XILINX/hw/XilinxProcessorIPLib/pcores/proc_common_v3_00_a/hdl/vhdl/valid_be.vhd \
      EN proc_common_v3_00_a/valid_be 1400148147
