V3 6
FL /usr/userfs/d/drm511/embs/embs-summer/bsp/synthesis/parallel_run/hdl/system_rs232_dte_wrapper.vhd 2014/05/13.11:49:58 P.40xd
EN work/system_rs232_dte_wrapper 1399978428 \
      FL /usr/userfs/d/drm511/embs/embs-summer/bsp/synthesis/parallel_run/hdl/system_rs232_dte_wrapper.vhd \
      PB ieee/std_logic_1164 1350103243 LB UNISIM PH unisim/VCOMPONENTS 1350103252 \
      LB xps_uartlite_v1_02_a
AR work/system_rs232_dte_wrapper/STRUCTURE 1399978429 \
      FL /usr/userfs/d/drm511/embs/embs-summer/bsp/synthesis/parallel_run/hdl/system_rs232_dte_wrapper.vhd \
      EN work/system_rs232_dte_wrapper 1399978428 CP xps_uartlite
