AR system_buttons_4bit_wrapper structure /usr/userfs/d/drm511/embs/embs-summer/bsp/synthesis/parallel_run/hdl/system_buttons_4bit_wrapper.vhd sub00/vhpl01 1400148031
EN system_buttons_4bit_wrapper NULL /usr/userfs/d/drm511/embs/embs-summer/bsp/synthesis/parallel_run/hdl/system_buttons_4bit_wrapper.vhd sub00/vhpl00 1400148030
