EN lmb_bram_elaborate NULL /usr/userfs/d/drm511/embs/embs-summer/bsp/hdl/elaborate/lmb_bram_elaborate_v1_00_a/hdl/vhdl/lmb_bram_elaborate.vhd sub00/vhpl00 1400147822
AR lmb_bram_elaborate structure /usr/userfs/d/drm511/embs/embs-summer/bsp/hdl/elaborate/lmb_bram_elaborate_v1_00_a/hdl/vhdl/lmb_bram_elaborate.vhd sub00/vhpl01 1400147823
