AR system_leds_8bit_wrapper structure /usr/userfs/d/drm511/embs/embs-summer/bsp/synthesis/parallel_run/hdl/system_leds_8bit_wrapper.vhd sub00/vhpl01 1399978449
EN system_leds_8bit_wrapper NULL /usr/userfs/d/drm511/embs/embs-summer/bsp/synthesis/parallel_run/hdl/system_leds_8bit_wrapper.vhd sub00/vhpl00 1399978448
