AR system_ethernet_mac_wrapper structure /usr/userfs/d/drm511/embs/embs-summer/bsp/synthesis/parallel_run/hdl/system_ethernet_mac_wrapper.vhd sub00/vhpl01 1400148232
EN system_ethernet_mac_wrapper NULL /usr/userfs/d/drm511/embs/embs-summer/bsp/synthesis/parallel_run/hdl/system_ethernet_mac_wrapper.vhd sub00/vhpl00 1400148231
