V3 6
FL /usr/userfs/d/drm511/embs/embs-summer/bsp/synthesis/parallel_run/hdl/system_mb_plb_wrapper.vhd 2014/05/15.10:55:50 P.40xd
EN work/system_mb_plb_wrapper 1400147910 \
      FL /usr/userfs/d/drm511/embs/embs-summer/bsp/synthesis/parallel_run/hdl/system_mb_plb_wrapper.vhd \
      PB ieee/std_logic_1164 1350103243 LB UNISIM PH unisim/VCOMPONENTS 1350103252 \
      LB plb_v46_v1_05_a
AR work/system_mb_plb_wrapper/STRUCTURE 1400147911 \
      FL /usr/userfs/d/drm511/embs/embs-summer/bsp/synthesis/parallel_run/hdl/system_mb_plb_wrapper.vhd \
      EN work/system_mb_plb_wrapper 1400147910 CP plb_v46
