PH mac_pkg NULL /opt/york/cs/net/xilinx-design-suite-14.3-x86_64-1/14.3/ISE_DS/EDK/hw/XilinxProcessorIPLib/pcores/xps_ethernetlite_v4_00_a/hdl/vhdl/mac_pkg.vhd sub00/vhpl00 1400148087
EN xps_ethernetlite NULL /opt/york/cs/net/xilinx-design-suite-14.3-x86_64-1/14.3/ISE_DS/EDK/hw/XilinxProcessorIPLib/pcores/xps_ethernetlite_v4_00_a/hdl/vhdl/xps_ethernetlite.vhd sub00/vhpl46 1400148229
AR ram16x4 imp /opt/york/cs/net/xilinx-design-suite-14.3-x86_64-1/14.3/ISE_DS/EDK/hw/XilinxProcessorIPLib/pcores/xps_ethernetlite_v4_00_a/hdl/vhdl/ram16x4.vhd sub00/vhpl11 1400148188
EN crcnibshiftreg NULL /opt/york/cs/net/xilinx-design-suite-14.3-x86_64-1/14.3/ISE_DS/EDK/hw/XilinxProcessorIPLib/pcores/xps_ethernetlite_v4_00_a/hdl/vhdl/crcnibshiftreg.vhd sub00/vhpl08 1400148175
EN msh_cnt NULL /opt/york/cs/net/xilinx-design-suite-14.3-x86_64-1/14.3/ISE_DS/EDK/hw/XilinxProcessorIPLib/pcores/xps_ethernetlite_v4_00_a/hdl/vhdl/msh_cnt.vhd sub00/vhpl20 1400148197
EN mdio_if NULL /opt/york/cs/net/xilinx-design-suite-14.3-x86_64-1/14.3/ISE_DS/EDK/hw/XilinxProcessorIPLib/pcores/xps_ethernetlite_v4_00_a/hdl/vhdl/mdio_if.vhd sub00/vhpl42 1400148225
AR receive imp /opt/york/cs/net/xilinx-design-suite-14.3-x86_64-1/14.3/ISE_DS/EDK/hw/XilinxProcessorIPLib/pcores/xps_ethernetlite_v4_00_a/hdl/vhdl/receive.vhd sub00/vhpl31 1400148212
AR rx_statemachine imp /opt/york/cs/net/xilinx-design-suite-14.3-x86_64-1/14.3/ISE_DS/EDK/hw/XilinxProcessorIPLib/pcores/xps_ethernetlite_v4_00_a/hdl/vhdl/rx_statemachine.vhd sub00/vhpl25 1400148202
AR tx_intrfce implementation /opt/york/cs/net/xilinx-design-suite-14.3-x86_64-1/14.3/ISE_DS/EDK/hw/XilinxProcessorIPLib/pcores/xps_ethernetlite_v4_00_a/hdl/vhdl/tx_intrfce.vhd sub00/vhpl15 1400148192
EN xemac NULL /opt/york/cs/net/xilinx-design-suite-14.3-x86_64-1/14.3/ISE_DS/EDK/hw/XilinxProcessorIPLib/pcores/xps_ethernetlite_v4_00_a/hdl/vhdl/xemac.vhd sub00/vhpl44 1400148227
EN bocntr NULL /opt/york/cs/net/xilinx-design-suite-14.3-x86_64-1/14.3/ISE_DS/EDK/hw/XilinxProcessorIPLib/pcores/xps_ethernetlite_v4_00_a/hdl/vhdl/bocntr.vhd sub00/vhpl22 1400148199
AR defer_state implementation /opt/york/cs/net/xilinx-design-suite-14.3-x86_64-1/14.3/ISE_DS/EDK/hw/XilinxProcessorIPLib/pcores/xps_ethernetlite_v4_00_a/hdl/vhdl/defer_state.vhd sub00/vhpl07 1400148174
EN rx_statemachine NULL /opt/york/cs/net/xilinx-design-suite-14.3-x86_64-1/14.3/ISE_DS/EDK/hw/XilinxProcessorIPLib/pcores/xps_ethernetlite_v4_00_a/hdl/vhdl/rx_statemachine.vhd sub00/vhpl24 1400148201
AR xps_ipif_ssp1 imp /opt/york/cs/net/xilinx-design-suite-14.3-x86_64-1/14.3/ISE_DS/EDK/hw/XilinxProcessorIPLib/pcores/xps_ethernetlite_v4_00_a/hdl/vhdl/xps_ipif_ssp1.vhd sub00/vhpl37 1400148220
EN deferral NULL /opt/york/cs/net/xilinx-design-suite-14.3-x86_64-1/14.3/ISE_DS/EDK/hw/XilinxProcessorIPLib/pcores/xps_ethernetlite_v4_00_a/hdl/vhdl/deferral.vhd sub00/vhpl18 1400148195
AR xemac imp /opt/york/cs/net/xilinx-design-suite-14.3-x86_64-1/14.3/ISE_DS/EDK/hw/XilinxProcessorIPLib/pcores/xps_ethernetlite_v4_00_a/hdl/vhdl/xemac.vhd sub00/vhpl45 1400148228
AR crcgenrx arch1 /opt/york/cs/net/xilinx-design-suite-14.3-x86_64-1/14.3/ISE_DS/EDK/hw/XilinxProcessorIPLib/pcores/xps_ethernetlite_v4_00_a/hdl/vhdl/crcgenrx.vhd sub00/vhpl29 1400148206
AR lfsr16 imp /opt/york/cs/net/xilinx-design-suite-14.3-x86_64-1/14.3/ISE_DS/EDK/hw/XilinxProcessorIPLib/pcores/xps_ethernetlite_v4_00_a/hdl/vhdl/lfsr16.vhd sub00/vhpl03 1400148170
EN tx_intrfce NULL /opt/york/cs/net/xilinx-design-suite-14.3-x86_64-1/14.3/ISE_DS/EDK/hw/XilinxProcessorIPLib/pcores/xps_ethernetlite_v4_00_a/hdl/vhdl/tx_intrfce.vhd sub00/vhpl14 1400148191
AR cntr5bit implementation /opt/york/cs/net/xilinx-design-suite-14.3-x86_64-1/14.3/ISE_DS/EDK/hw/XilinxProcessorIPLib/pcores/xps_ethernetlite_v4_00_a/hdl/vhdl/cntr5bit.vhd sub00/vhpl05 1400148172
AR msh_cnt imp /opt/york/cs/net/xilinx-design-suite-14.3-x86_64-1/14.3/ISE_DS/EDK/hw/XilinxProcessorIPLib/pcores/xps_ethernetlite_v4_00_a/hdl/vhdl/msh_cnt.vhd sub00/vhpl21 1400148198
EN defer_state NULL /opt/york/cs/net/xilinx-design-suite-14.3-x86_64-1/14.3/ISE_DS/EDK/hw/XilinxProcessorIPLib/pcores/xps_ethernetlite_v4_00_a/hdl/vhdl/defer_state.vhd sub00/vhpl06 1400148173
EN crcgenrx NULL /opt/york/cs/net/xilinx-design-suite-14.3-x86_64-1/14.3/ISE_DS/EDK/hw/XilinxProcessorIPLib/pcores/xps_ethernetlite_v4_00_a/hdl/vhdl/crcgenrx.vhd sub00/vhpl28 1400148205
EN emac NULL /opt/york/cs/net/xilinx-design-suite-14.3-x86_64-1/14.3/ISE_DS/EDK/hw/XilinxProcessorIPLib/pcores/xps_ethernetlite_v4_00_a/hdl/vhdl/emac.vhd sub00/vhpl38 1400148221
AR macaddrram imp /opt/york/cs/net/xilinx-design-suite-14.3-x86_64-1/14.3/ISE_DS/EDK/hw/XilinxProcessorIPLib/pcores/xps_ethernetlite_v4_00_a/hdl/vhdl/macaddrram.vhd sub00/vhpl35 1400148216
AR transmit imp /opt/york/cs/net/xilinx-design-suite-14.3-x86_64-1/14.3/ISE_DS/EDK/hw/XilinxProcessorIPLib/pcores/xps_ethernetlite_v4_00_a/hdl/vhdl/transmit.vhd sub00/vhpl33 1400148214
EN crcgentx NULL /opt/york/cs/net/xilinx-design-suite-14.3-x86_64-1/14.3/ISE_DS/EDK/hw/XilinxProcessorIPLib/pcores/xps_ethernetlite_v4_00_a/hdl/vhdl/crcgentx.vhd sub00/vhpl12 1400148189
AR tx_statemachine implementation /opt/york/cs/net/xilinx-design-suite-14.3-x86_64-1/14.3/ISE_DS/EDK/hw/XilinxProcessorIPLib/pcores/xps_ethernetlite_v4_00_a/hdl/vhdl/tx_statemachine.vhd sub00/vhpl17 1400148194
AR deferral implementation /opt/york/cs/net/xilinx-design-suite-14.3-x86_64-1/14.3/ISE_DS/EDK/hw/XilinxProcessorIPLib/pcores/xps_ethernetlite_v4_00_a/hdl/vhdl/deferral.vhd sub00/vhpl19 1400148196
PB mac_pkg mac_pkg /opt/york/cs/net/xilinx-design-suite-14.3-x86_64-1/14.3/ISE_DS/EDK/hw/XilinxProcessorIPLib/pcores/xps_ethernetlite_v4_00_a/hdl/vhdl/mac_pkg.vhd sub00/vhpl01 1400148088
EN cntr5bit NULL /opt/york/cs/net/xilinx-design-suite-14.3-x86_64-1/14.3/ISE_DS/EDK/hw/XilinxProcessorIPLib/pcores/xps_ethernetlite_v4_00_a/hdl/vhdl/cntr5bit.vhd sub00/vhpl04 1400148171
AR rx_intrfce implementation /opt/york/cs/net/xilinx-design-suite-14.3-x86_64-1/14.3/ISE_DS/EDK/hw/XilinxProcessorIPLib/pcores/xps_ethernetlite_v4_00_a/hdl/vhdl/rx_intrfce.vhd sub00/vhpl27 1400148204
AR mdio_if imp /opt/york/cs/net/xilinx-design-suite-14.3-x86_64-1/14.3/ISE_DS/EDK/hw/XilinxProcessorIPLib/pcores/xps_ethernetlite_v4_00_a/hdl/vhdl/mdio_if.vhd sub00/vhpl43 1400148226
AR emac imp /opt/york/cs/net/xilinx-design-suite-14.3-x86_64-1/14.3/ISE_DS/EDK/hw/XilinxProcessorIPLib/pcores/xps_ethernetlite_v4_00_a/hdl/vhdl/emac.vhd sub00/vhpl39 1400148222
AR crcnibshiftreg implementation /opt/york/cs/net/xilinx-design-suite-14.3-x86_64-1/14.3/ISE_DS/EDK/hw/XilinxProcessorIPLib/pcores/xps_ethernetlite_v4_00_a/hdl/vhdl/crcnibshiftreg.vhd sub00/vhpl09 1400148176
EN rx_intrfce NULL /opt/york/cs/net/xilinx-design-suite-14.3-x86_64-1/14.3/ISE_DS/EDK/hw/XilinxProcessorIPLib/pcores/xps_ethernetlite_v4_00_a/hdl/vhdl/rx_intrfce.vhd sub00/vhpl26 1400148203
EN lfsr16 NULL /opt/york/cs/net/xilinx-design-suite-14.3-x86_64-1/14.3/ISE_DS/EDK/hw/XilinxProcessorIPLib/pcores/xps_ethernetlite_v4_00_a/hdl/vhdl/lfsr16.vhd sub00/vhpl02 1400148169
EN receive NULL /opt/york/cs/net/xilinx-design-suite-14.3-x86_64-1/14.3/ISE_DS/EDK/hw/XilinxProcessorIPLib/pcores/xps_ethernetlite_v4_00_a/hdl/vhdl/receive.vhd sub00/vhpl30 1400148211
EN tx_statemachine NULL /opt/york/cs/net/xilinx-design-suite-14.3-x86_64-1/14.3/ISE_DS/EDK/hw/XilinxProcessorIPLib/pcores/xps_ethernetlite_v4_00_a/hdl/vhdl/tx_statemachine.vhd sub00/vhpl16 1400148193
AR emac_dpram imp /opt/york/cs/net/xilinx-design-suite-14.3-x86_64-1/14.3/ISE_DS/EDK/hw/XilinxProcessorIPLib/pcores/xps_ethernetlite_v4_00_a/hdl/vhdl/emac_dpram.vhd sub00/vhpl41 1400148224
EN macaddrram NULL /opt/york/cs/net/xilinx-design-suite-14.3-x86_64-1/14.3/ISE_DS/EDK/hw/XilinxProcessorIPLib/pcores/xps_ethernetlite_v4_00_a/hdl/vhdl/macaddrram.vhd sub00/vhpl34 1400148215
AR xps_ethernetlite imp /opt/york/cs/net/xilinx-design-suite-14.3-x86_64-1/14.3/ISE_DS/EDK/hw/XilinxProcessorIPLib/pcores/xps_ethernetlite_v4_00_a/hdl/vhdl/xps_ethernetlite.vhd sub00/vhpl47 1400148230
AR bocntr implementation /opt/york/cs/net/xilinx-design-suite-14.3-x86_64-1/14.3/ISE_DS/EDK/hw/XilinxProcessorIPLib/pcores/xps_ethernetlite_v4_00_a/hdl/vhdl/bocntr.vhd sub00/vhpl23 1400148200
EN xps_ipif_ssp1 NULL /opt/york/cs/net/xilinx-design-suite-14.3-x86_64-1/14.3/ISE_DS/EDK/hw/XilinxProcessorIPLib/pcores/xps_ethernetlite_v4_00_a/hdl/vhdl/xps_ipif_ssp1.vhd sub00/vhpl36 1400148219
EN emac_dpram NULL /opt/york/cs/net/xilinx-design-suite-14.3-x86_64-1/14.3/ISE_DS/EDK/hw/XilinxProcessorIPLib/pcores/xps_ethernetlite_v4_00_a/hdl/vhdl/emac_dpram.vhd sub00/vhpl40 1400148223
EN ram16x4 NULL /opt/york/cs/net/xilinx-design-suite-14.3-x86_64-1/14.3/ISE_DS/EDK/hw/XilinxProcessorIPLib/pcores/xps_ethernetlite_v4_00_a/hdl/vhdl/ram16x4.vhd sub00/vhpl10 1400148187
EN transmit NULL /opt/york/cs/net/xilinx-design-suite-14.3-x86_64-1/14.3/ISE_DS/EDK/hw/XilinxProcessorIPLib/pcores/xps_ethernetlite_v4_00_a/hdl/vhdl/transmit.vhd sub00/vhpl32 1400148213
AR crcgentx arch1 /opt/york/cs/net/xilinx-design-suite-14.3-x86_64-1/14.3/ISE_DS/EDK/hw/XilinxProcessorIPLib/pcores/xps_ethernetlite_v4_00_a/hdl/vhdl/crcgentx.vhd sub00/vhpl13 1400148190
