PH mac_pkg NULL /opt/york/cs/net/xilinx-design-suite-14.3-x86_64-1/14.3/ISE_DS/EDK/hw/XilinxProcessorIPLib/pcores/xps_ethernetlite_v4_00_a/hdl/vhdl/mac_pkg.vhd sub00/vhpl00 1399978550
EN xps_ethernetlite NULL /opt/york/cs/net/xilinx-design-suite-14.3-x86_64-1/14.3/ISE_DS/EDK/hw/XilinxProcessorIPLib/pcores/xps_ethernetlite_v4_00_a/hdl/vhdl/xps_ethernetlite.vhd sub00/vhpl46 1399978692
AR ram16x4 imp /opt/york/cs/net/xilinx-design-suite-14.3-x86_64-1/14.3/ISE_DS/EDK/hw/XilinxProcessorIPLib/pcores/xps_ethernetlite_v4_00_a/hdl/vhdl/ram16x4.vhd sub00/vhpl11 1399978651
EN crcnibshiftreg NULL /opt/york/cs/net/xilinx-design-suite-14.3-x86_64-1/14.3/ISE_DS/EDK/hw/XilinxProcessorIPLib/pcores/xps_ethernetlite_v4_00_a/hdl/vhdl/crcnibshiftreg.vhd sub00/vhpl08 1399978638
EN msh_cnt NULL /opt/york/cs/net/xilinx-design-suite-14.3-x86_64-1/14.3/ISE_DS/EDK/hw/XilinxProcessorIPLib/pcores/xps_ethernetlite_v4_00_a/hdl/vhdl/msh_cnt.vhd sub00/vhpl20 1399978660
EN mdio_if NULL /opt/york/cs/net/xilinx-design-suite-14.3-x86_64-1/14.3/ISE_DS/EDK/hw/XilinxProcessorIPLib/pcores/xps_ethernetlite_v4_00_a/hdl/vhdl/mdio_if.vhd sub00/vhpl42 1399978688
AR receive imp /opt/york/cs/net/xilinx-design-suite-14.3-x86_64-1/14.3/ISE_DS/EDK/hw/XilinxProcessorIPLib/pcores/xps_ethernetlite_v4_00_a/hdl/vhdl/receive.vhd sub00/vhpl31 1399978675
AR rx_statemachine imp /opt/york/cs/net/xilinx-design-suite-14.3-x86_64-1/14.3/ISE_DS/EDK/hw/XilinxProcessorIPLib/pcores/xps_ethernetlite_v4_00_a/hdl/vhdl/rx_statemachine.vhd sub00/vhpl25 1399978665
AR tx_intrfce implementation /opt/york/cs/net/xilinx-design-suite-14.3-x86_64-1/14.3/ISE_DS/EDK/hw/XilinxProcessorIPLib/pcores/xps_ethernetlite_v4_00_a/hdl/vhdl/tx_intrfce.vhd sub00/vhpl15 1399978655
EN xemac NULL /opt/york/cs/net/xilinx-design-suite-14.3-x86_64-1/14.3/ISE_DS/EDK/hw/XilinxProcessorIPLib/pcores/xps_ethernetlite_v4_00_a/hdl/vhdl/xemac.vhd sub00/vhpl44 1399978690
EN bocntr NULL /opt/york/cs/net/xilinx-design-suite-14.3-x86_64-1/14.3/ISE_DS/EDK/hw/XilinxProcessorIPLib/pcores/xps_ethernetlite_v4_00_a/hdl/vhdl/bocntr.vhd sub00/vhpl22 1399978662
AR defer_state implementation /opt/york/cs/net/xilinx-design-suite-14.3-x86_64-1/14.3/ISE_DS/EDK/hw/XilinxProcessorIPLib/pcores/xps_ethernetlite_v4_00_a/hdl/vhdl/defer_state.vhd sub00/vhpl07 1399978637
EN rx_statemachine NULL /opt/york/cs/net/xilinx-design-suite-14.3-x86_64-1/14.3/ISE_DS/EDK/hw/XilinxProcessorIPLib/pcores/xps_ethernetlite_v4_00_a/hdl/vhdl/rx_statemachine.vhd sub00/vhpl24 1399978664
AR xps_ipif_ssp1 imp /opt/york/cs/net/xilinx-design-suite-14.3-x86_64-1/14.3/ISE_DS/EDK/hw/XilinxProcessorIPLib/pcores/xps_ethernetlite_v4_00_a/hdl/vhdl/xps_ipif_ssp1.vhd sub00/vhpl37 1399978683
EN deferral NULL /opt/york/cs/net/xilinx-design-suite-14.3-x86_64-1/14.3/ISE_DS/EDK/hw/XilinxProcessorIPLib/pcores/xps_ethernetlite_v4_00_a/hdl/vhdl/deferral.vhd sub00/vhpl18 1399978658
AR xemac imp /opt/york/cs/net/xilinx-design-suite-14.3-x86_64-1/14.3/ISE_DS/EDK/hw/XilinxProcessorIPLib/pcores/xps_ethernetlite_v4_00_a/hdl/vhdl/xemac.vhd sub00/vhpl45 1399978691
AR crcgenrx arch1 /opt/york/cs/net/xilinx-design-suite-14.3-x86_64-1/14.3/ISE_DS/EDK/hw/XilinxProcessorIPLib/pcores/xps_ethernetlite_v4_00_a/hdl/vhdl/crcgenrx.vhd sub00/vhpl29 1399978669
AR lfsr16 imp /opt/york/cs/net/xilinx-design-suite-14.3-x86_64-1/14.3/ISE_DS/EDK/hw/XilinxProcessorIPLib/pcores/xps_ethernetlite_v4_00_a/hdl/vhdl/lfsr16.vhd sub00/vhpl03 1399978633
EN tx_intrfce NULL /opt/york/cs/net/xilinx-design-suite-14.3-x86_64-1/14.3/ISE_DS/EDK/hw/XilinxProcessorIPLib/pcores/xps_ethernetlite_v4_00_a/hdl/vhdl/tx_intrfce.vhd sub00/vhpl14 1399978654
AR cntr5bit implementation /opt/york/cs/net/xilinx-design-suite-14.3-x86_64-1/14.3/ISE_DS/EDK/hw/XilinxProcessorIPLib/pcores/xps_ethernetlite_v4_00_a/hdl/vhdl/cntr5bit.vhd sub00/vhpl05 1399978635
AR msh_cnt imp /opt/york/cs/net/xilinx-design-suite-14.3-x86_64-1/14.3/ISE_DS/EDK/hw/XilinxProcessorIPLib/pcores/xps_ethernetlite_v4_00_a/hdl/vhdl/msh_cnt.vhd sub00/vhpl21 1399978661
EN defer_state NULL /opt/york/cs/net/xilinx-design-suite-14.3-x86_64-1/14.3/ISE_DS/EDK/hw/XilinxProcessorIPLib/pcores/xps_ethernetlite_v4_00_a/hdl/vhdl/defer_state.vhd sub00/vhpl06 1399978636
EN crcgenrx NULL /opt/york/cs/net/xilinx-design-suite-14.3-x86_64-1/14.3/ISE_DS/EDK/hw/XilinxProcessorIPLib/pcores/xps_ethernetlite_v4_00_a/hdl/vhdl/crcgenrx.vhd sub00/vhpl28 1399978668
EN emac NULL /opt/york/cs/net/xilinx-design-suite-14.3-x86_64-1/14.3/ISE_DS/EDK/hw/XilinxProcessorIPLib/pcores/xps_ethernetlite_v4_00_a/hdl/vhdl/emac.vhd sub00/vhpl38 1399978684
AR macaddrram imp /opt/york/cs/net/xilinx-design-suite-14.3-x86_64-1/14.3/ISE_DS/EDK/hw/XilinxProcessorIPLib/pcores/xps_ethernetlite_v4_00_a/hdl/vhdl/macaddrram.vhd sub00/vhpl35 1399978679
AR transmit imp /opt/york/cs/net/xilinx-design-suite-14.3-x86_64-1/14.3/ISE_DS/EDK/hw/XilinxProcessorIPLib/pcores/xps_ethernetlite_v4_00_a/hdl/vhdl/transmit.vhd sub00/vhpl33 1399978677
EN crcgentx NULL /opt/york/cs/net/xilinx-design-suite-14.3-x86_64-1/14.3/ISE_DS/EDK/hw/XilinxProcessorIPLib/pcores/xps_ethernetlite_v4_00_a/hdl/vhdl/crcgentx.vhd sub00/vhpl12 1399978652
AR tx_statemachine implementation /opt/york/cs/net/xilinx-design-suite-14.3-x86_64-1/14.3/ISE_DS/EDK/hw/XilinxProcessorIPLib/pcores/xps_ethernetlite_v4_00_a/hdl/vhdl/tx_statemachine.vhd sub00/vhpl17 1399978657
AR deferral implementation /opt/york/cs/net/xilinx-design-suite-14.3-x86_64-1/14.3/ISE_DS/EDK/hw/XilinxProcessorIPLib/pcores/xps_ethernetlite_v4_00_a/hdl/vhdl/deferral.vhd sub00/vhpl19 1399978659
PB mac_pkg mac_pkg /opt/york/cs/net/xilinx-design-suite-14.3-x86_64-1/14.3/ISE_DS/EDK/hw/XilinxProcessorIPLib/pcores/xps_ethernetlite_v4_00_a/hdl/vhdl/mac_pkg.vhd sub00/vhpl01 1399978551
EN cntr5bit NULL /opt/york/cs/net/xilinx-design-suite-14.3-x86_64-1/14.3/ISE_DS/EDK/hw/XilinxProcessorIPLib/pcores/xps_ethernetlite_v4_00_a/hdl/vhdl/cntr5bit.vhd sub00/vhpl04 1399978634
AR rx_intrfce implementation /opt/york/cs/net/xilinx-design-suite-14.3-x86_64-1/14.3/ISE_DS/EDK/hw/XilinxProcessorIPLib/pcores/xps_ethernetlite_v4_00_a/hdl/vhdl/rx_intrfce.vhd sub00/vhpl27 1399978667
AR mdio_if imp /opt/york/cs/net/xilinx-design-suite-14.3-x86_64-1/14.3/ISE_DS/EDK/hw/XilinxProcessorIPLib/pcores/xps_ethernetlite_v4_00_a/hdl/vhdl/mdio_if.vhd sub00/vhpl43 1399978689
AR emac imp /opt/york/cs/net/xilinx-design-suite-14.3-x86_64-1/14.3/ISE_DS/EDK/hw/XilinxProcessorIPLib/pcores/xps_ethernetlite_v4_00_a/hdl/vhdl/emac.vhd sub00/vhpl39 1399978685
AR crcnibshiftreg implementation /opt/york/cs/net/xilinx-design-suite-14.3-x86_64-1/14.3/ISE_DS/EDK/hw/XilinxProcessorIPLib/pcores/xps_ethernetlite_v4_00_a/hdl/vhdl/crcnibshiftreg.vhd sub00/vhpl09 1399978639
EN rx_intrfce NULL /opt/york/cs/net/xilinx-design-suite-14.3-x86_64-1/14.3/ISE_DS/EDK/hw/XilinxProcessorIPLib/pcores/xps_ethernetlite_v4_00_a/hdl/vhdl/rx_intrfce.vhd sub00/vhpl26 1399978666
EN lfsr16 NULL /opt/york/cs/net/xilinx-design-suite-14.3-x86_64-1/14.3/ISE_DS/EDK/hw/XilinxProcessorIPLib/pcores/xps_ethernetlite_v4_00_a/hdl/vhdl/lfsr16.vhd sub00/vhpl02 1399978632
EN receive NULL /opt/york/cs/net/xilinx-design-suite-14.3-x86_64-1/14.3/ISE_DS/EDK/hw/XilinxProcessorIPLib/pcores/xps_ethernetlite_v4_00_a/hdl/vhdl/receive.vhd sub00/vhpl30 1399978674
EN tx_statemachine NULL /opt/york/cs/net/xilinx-design-suite-14.3-x86_64-1/14.3/ISE_DS/EDK/hw/XilinxProcessorIPLib/pcores/xps_ethernetlite_v4_00_a/hdl/vhdl/tx_statemachine.vhd sub00/vhpl16 1399978656
AR emac_dpram imp /opt/york/cs/net/xilinx-design-suite-14.3-x86_64-1/14.3/ISE_DS/EDK/hw/XilinxProcessorIPLib/pcores/xps_ethernetlite_v4_00_a/hdl/vhdl/emac_dpram.vhd sub00/vhpl41 1399978687
EN macaddrram NULL /opt/york/cs/net/xilinx-design-suite-14.3-x86_64-1/14.3/ISE_DS/EDK/hw/XilinxProcessorIPLib/pcores/xps_ethernetlite_v4_00_a/hdl/vhdl/macaddrram.vhd sub00/vhpl34 1399978678
AR xps_ethernetlite imp /opt/york/cs/net/xilinx-design-suite-14.3-x86_64-1/14.3/ISE_DS/EDK/hw/XilinxProcessorIPLib/pcores/xps_ethernetlite_v4_00_a/hdl/vhdl/xps_ethernetlite.vhd sub00/vhpl47 1399978693
AR bocntr implementation /opt/york/cs/net/xilinx-design-suite-14.3-x86_64-1/14.3/ISE_DS/EDK/hw/XilinxProcessorIPLib/pcores/xps_ethernetlite_v4_00_a/hdl/vhdl/bocntr.vhd sub00/vhpl23 1399978663
EN xps_ipif_ssp1 NULL /opt/york/cs/net/xilinx-design-suite-14.3-x86_64-1/14.3/ISE_DS/EDK/hw/XilinxProcessorIPLib/pcores/xps_ethernetlite_v4_00_a/hdl/vhdl/xps_ipif_ssp1.vhd sub00/vhpl36 1399978682
EN emac_dpram NULL /opt/york/cs/net/xilinx-design-suite-14.3-x86_64-1/14.3/ISE_DS/EDK/hw/XilinxProcessorIPLib/pcores/xps_ethernetlite_v4_00_a/hdl/vhdl/emac_dpram.vhd sub00/vhpl40 1399978686
EN ram16x4 NULL /opt/york/cs/net/xilinx-design-suite-14.3-x86_64-1/14.3/ISE_DS/EDK/hw/XilinxProcessorIPLib/pcores/xps_ethernetlite_v4_00_a/hdl/vhdl/ram16x4.vhd sub00/vhpl10 1399978650
EN transmit NULL /opt/york/cs/net/xilinx-design-suite-14.3-x86_64-1/14.3/ISE_DS/EDK/hw/XilinxProcessorIPLib/pcores/xps_ethernetlite_v4_00_a/hdl/vhdl/transmit.vhd sub00/vhpl32 1399978676
AR crcgentx arch1 /opt/york/cs/net/xilinx-design-suite-14.3-x86_64-1/14.3/ISE_DS/EDK/hw/XilinxProcessorIPLib/pcores/xps_ethernetlite_v4_00_a/hdl/vhdl/crcgentx.vhd sub00/vhpl13 1399978653
