V3 119
FL $XILINX/hw/XilinxProcessorIPLib/pcores/xps_ethernetlite_v4_00_a/hdl/vhdl/bocntr.vhd 2012/10/02.11:16:22 P.40xd
EN xps_ethernetlite_v4_00_a/bocntr 1399978662 \
      FL $XILINX/hw/XilinxProcessorIPLib/pcores/xps_ethernetlite_v4_00_a/hdl/vhdl/bocntr.vhd \
      PB ieee/std_logic_1164 1350103243 PB ieee/STD_LOGIC_UNSIGNED 1350103247 \
      LB xps_ethernetlite_v4_00_a PB xps_ethernetlite_v4_00_a/mac_pkg 1399978551
AR xps_ethernetlite_v4_00_a/bocntr/implementation 1399978663 \
      FL $XILINX/hw/XilinxProcessorIPLib/pcores/xps_ethernetlite_v4_00_a/hdl/vhdl/bocntr.vhd \
      EN xps_ethernetlite_v4_00_a/bocntr 1399978662 \
      CP xps_ethernetlite_v4_00_a/lfsr16
FL $XILINX/hw/XilinxProcessorIPLib/pcores/xps_ethernetlite_v4_00_a/hdl/vhdl/cntr5bit.vhd 2012/10/02.11:16:22 P.40xd
EN xps_ethernetlite_v4_00_a/cntr5bit 1399978634 \
      FL $XILINX/hw/XilinxProcessorIPLib/pcores/xps_ethernetlite_v4_00_a/hdl/vhdl/cntr5bit.vhd \
      PB ieee/std_logic_1164 1350103243 PB ieee/STD_LOGIC_UNSIGNED 1350103247 \
      PB ieee/NUMERIC_STD 1350103249 LB xps_ethernetlite_v4_00_a \
      PB xps_ethernetlite_v4_00_a/mac_pkg 1399978551
AR xps_ethernetlite_v4_00_a/cntr5bit/implementation 1399978635 \
      FL $XILINX/hw/XilinxProcessorIPLib/pcores/xps_ethernetlite_v4_00_a/hdl/vhdl/cntr5bit.vhd \
      EN xps_ethernetlite_v4_00_a/cntr5bit 1399978634
FL $XILINX/hw/XilinxProcessorIPLib/pcores/xps_ethernetlite_v4_00_a/hdl/vhdl/crcgenrx.vhd 2012/10/02.11:16:22 P.40xd
EN xps_ethernetlite_v4_00_a/crcgenrx 1399978668 \
      FL $XILINX/hw/XilinxProcessorIPLib/pcores/xps_ethernetlite_v4_00_a/hdl/vhdl/crcgenrx.vhd \
      PB ieee/std_logic_1164 1350103243 PB ieee/STD_LOGIC_UNSIGNED 1350103247 \
      PB ieee/NUMERIC_STD 1350103249 LB xps_ethernetlite_v4_00_a \
      PB xps_ethernetlite_v4_00_a/mac_pkg 1399978551
AR xps_ethernetlite_v4_00_a/crcgenrx/arch1 1399978669 \
      FL $XILINX/hw/XilinxProcessorIPLib/pcores/xps_ethernetlite_v4_00_a/hdl/vhdl/crcgenrx.vhd \
      EN xps_ethernetlite_v4_00_a/crcgenrx 1399978668
FL $XILINX/hw/XilinxProcessorIPLib/pcores/xps_ethernetlite_v4_00_a/hdl/vhdl/crcgentx.vhd 2012/10/02.11:16:22 P.40xd
EN xps_ethernetlite_v4_00_a/crcgentx 1399978652 \
      FL $XILINX/hw/XilinxProcessorIPLib/pcores/xps_ethernetlite_v4_00_a/hdl/vhdl/crcgentx.vhd \
      PB ieee/std_logic_1164 1350103243 PB ieee/STD_LOGIC_UNSIGNED 1350103247 \
      PB ieee/NUMERIC_STD 1350103249 LB xps_ethernetlite_v4_00_a \
      PB xps_ethernetlite_v4_00_a/mac_pkg 1399978551
AR xps_ethernetlite_v4_00_a/crcgentx/arch1 1399978653 \
      FL $XILINX/hw/XilinxProcessorIPLib/pcores/xps_ethernetlite_v4_00_a/hdl/vhdl/crcgentx.vhd \
      EN xps_ethernetlite_v4_00_a/crcgentx 1399978652 \
      CP xps_ethernetlite_v4_00_a/crcnibshiftreg
FL $XILINX/hw/XilinxProcessorIPLib/pcores/xps_ethernetlite_v4_00_a/hdl/vhdl/crcnibshiftreg.vhd 2012/10/02.11:16:22 P.40xd
EN xps_ethernetlite_v4_00_a/crcnibshiftreg 1399978638 \
      FL $XILINX/hw/XilinxProcessorIPLib/pcores/xps_ethernetlite_v4_00_a/hdl/vhdl/crcnibshiftreg.vhd \
      PB ieee/std_logic_1164 1350103243
AR xps_ethernetlite_v4_00_a/crcnibshiftreg/implementation 1399978639 \
      FL $XILINX/hw/XilinxProcessorIPLib/pcores/xps_ethernetlite_v4_00_a/hdl/vhdl/crcnibshiftreg.vhd \
      EN xps_ethernetlite_v4_00_a/crcnibshiftreg 1399978638
FL $XILINX/hw/XilinxProcessorIPLib/pcores/xps_ethernetlite_v4_00_a/hdl/vhdl/deferral.vhd 2012/10/02.11:16:22 P.40xd
EN xps_ethernetlite_v4_00_a/deferral 1399978658 \
      FL $XILINX/hw/XilinxProcessorIPLib/pcores/xps_ethernetlite_v4_00_a/hdl/vhdl/deferral.vhd \
      PB ieee/std_logic_1164 1350103243 LB xps_ethernetlite_v4_00_a \
      PB xps_ethernetlite_v4_00_a/mac_pkg 1399978551
AR xps_ethernetlite_v4_00_a/deferral/implementation 1399978659 \
      FL $XILINX/hw/XilinxProcessorIPLib/pcores/xps_ethernetlite_v4_00_a/hdl/vhdl/deferral.vhd \
      EN xps_ethernetlite_v4_00_a/deferral 1399978658 \
      CP xps_ethernetlite_v4_00_a/cntr5bit \
      CP xps_ethernetlite_v4_00_a/defer_state
FL $XILINX/hw/XilinxProcessorIPLib/pcores/xps_ethernetlite_v4_00_a/hdl/vhdl/defer_state.vhd 2012/10/02.11:16:22 P.40xd
EN xps_ethernetlite_v4_00_a/defer_state 1399978636 \
      FL $XILINX/hw/XilinxProcessorIPLib/pcores/xps_ethernetlite_v4_00_a/hdl/vhdl/defer_state.vhd \
      PB ieee/std_logic_1164 1350103243 LB xps_ethernetlite_v4_00_a \
      PB xps_ethernetlite_v4_00_a/mac_pkg 1399978551
AR xps_ethernetlite_v4_00_a/defer_state/implementation 1399978637 \
      FL $XILINX/hw/XilinxProcessorIPLib/pcores/xps_ethernetlite_v4_00_a/hdl/vhdl/defer_state.vhd \
      EN xps_ethernetlite_v4_00_a/defer_state 1399978636
FL $XILINX/hw/XilinxProcessorIPLib/pcores/xps_ethernetlite_v4_00_a/hdl/vhdl/emac.vhd 2012/10/02.11:16:22 P.40xd
EN xps_ethernetlite_v4_00_a/emac 1399978684 \
      FL $XILINX/hw/XilinxProcessorIPLib/pcores/xps_ethernetlite_v4_00_a/hdl/vhdl/emac.vhd \
      PB ieee/std_logic_1164 1350103243 PB ieee/std_logic_arith 1350103244 \
      PB ieee/STD_LOGIC_UNSIGNED 1350103247 LB xps_ethernetlite_v4_00_a LB unisim \
      PH unisim/VCOMPONENTS 1350103252 PB xps_ethernetlite_v4_00_a/mac_pkg 1399978551
AR xps_ethernetlite_v4_00_a/emac/imp 1399978685 \
      FL $XILINX/hw/XilinxProcessorIPLib/pcores/xps_ethernetlite_v4_00_a/hdl/vhdl/emac.vhd \
      EN xps_ethernetlite_v4_00_a/emac 1399978684 \
      CP xps_ethernetlite_v4_00_a/receive CP xps_ethernetlite_v4_00_a/transmit \
      CP FDR CP xps_ethernetlite_v4_00_a/MacAddrRAM
FL $XILINX/hw/XilinxProcessorIPLib/pcores/xps_ethernetlite_v4_00_a/hdl/vhdl/emac_dpram.vhd 2012/10/02.11:16:22 P.40xd
EN xps_ethernetlite_v4_00_a/emac_dpram 1399978686 \
      FL $XILINX/hw/XilinxProcessorIPLib/pcores/xps_ethernetlite_v4_00_a/hdl/vhdl/emac_dpram.vhd \
      PB ieee/std_logic_1164 1350103243 PB ieee/NUMERIC_STD 1350103249 \
      PB ieee/STD_LOGIC_UNSIGNED 1350103247 LB xps_ethernetlite_v4_00_a \
      LB proc_common_v3_00_a LB unisim PH unisim/VCOMPONENTS 1350103252 \
      PB xps_ethernetlite_v4_00_a/mac_pkg 1399978551 \
      PB proc_common_v3_00_a/family_support 1399978510
AR xps_ethernetlite_v4_00_a/emac_dpram/imp 1399978687 \
      FL $XILINX/hw/XilinxProcessorIPLib/pcores/xps_ethernetlite_v4_00_a/hdl/vhdl/emac_dpram.vhd \
      EN xps_ethernetlite_v4_00_a/emac_dpram 1399978686 CP RAMB16_S4_S36
FL $XILINX/hw/XilinxProcessorIPLib/pcores/xps_ethernetlite_v4_00_a/hdl/vhdl/lfsr16.vhd 2012/10/02.11:16:22 P.40xd
EN xps_ethernetlite_v4_00_a/lfsr16 1399978632 \
      FL $XILINX/hw/XilinxProcessorIPLib/pcores/xps_ethernetlite_v4_00_a/hdl/vhdl/lfsr16.vhd \
      PB ieee/std_logic_1164 1350103243 PB ieee/std_logic_arith 1350103244 \
      PB ieee/STD_LOGIC_UNSIGNED 1350103247 LB unisim PH unisim/VCOMPONENTS 1350103252 \
      LB xps_ethernetlite_v4_00_a PB xps_ethernetlite_v4_00_a/mac_pkg 1399978551
AR xps_ethernetlite_v4_00_a/lfsr16/imp 1399978633 \
      FL $XILINX/hw/XilinxProcessorIPLib/pcores/xps_ethernetlite_v4_00_a/hdl/vhdl/lfsr16.vhd \
      EN xps_ethernetlite_v4_00_a/lfsr16 1399978632 CP SRL16E
FL $XILINX/hw/XilinxProcessorIPLib/pcores/xps_ethernetlite_v4_00_a/hdl/vhdl/macaddrram.vhd 2012/10/02.11:16:22 P.40xd
EN xps_ethernetlite_v4_00_a/MacAddrRAM 1399978678 \
      FL $XILINX/hw/XilinxProcessorIPLib/pcores/xps_ethernetlite_v4_00_a/hdl/vhdl/macaddrram.vhd \
      PB ieee/std_logic_1164 1350103243 PB ieee/std_logic_arith 1350103244 \
      PB ieee/STD_LOGIC_UNSIGNED 1350103247 LB xps_ethernetlite_v4_00_a \
      LB proc_common_v3_00_a LB unisim PH unisim/VCOMPONENTS 1350103252 \
      PB xps_ethernetlite_v4_00_a/mac_pkg 1399978551
AR xps_ethernetlite_v4_00_a/MacAddrRAM/imp 1399978679 \
      FL $XILINX/hw/XilinxProcessorIPLib/pcores/xps_ethernetlite_v4_00_a/hdl/vhdl/macaddrram.vhd \
      EN xps_ethernetlite_v4_00_a/MacAddrRAM 1399978678 \
      CP xps_ethernetlite_v4_00_a/ram16x4
FL $XILINX/hw/XilinxProcessorIPLib/pcores/xps_ethernetlite_v4_00_a/hdl/vhdl/mac_pkg.vhd 2012/10/02.11:16:22 P.40xd
PH xps_ethernetlite_v4_00_a/mac_pkg 1399978550 \
      FL $XILINX/hw/XilinxProcessorIPLib/pcores/xps_ethernetlite_v4_00_a/hdl/vhdl/mac_pkg.vhd \
      PB ieee/std_logic_1164 1350103243
PB xps_ethernetlite_v4_00_a/mac_pkg 1399978551 \
      FL $XILINX/hw/XilinxProcessorIPLib/pcores/xps_ethernetlite_v4_00_a/hdl/vhdl/mac_pkg.vhd \
      PH xps_ethernetlite_v4_00_a/mac_pkg 1399978550
FL $XILINX/hw/XilinxProcessorIPLib/pcores/xps_ethernetlite_v4_00_a/hdl/vhdl/mdio_if.vhd 2012/10/02.11:16:22 P.40xd
EN xps_ethernetlite_v4_00_a/mdio_if 1399978688 \
      FL $XILINX/hw/XilinxProcessorIPLib/pcores/xps_ethernetlite_v4_00_a/hdl/vhdl/mdio_if.vhd \
      PB ieee/std_logic_1164 1350103243 PB ieee/NUMERIC_STD 1350103249 \
      PB ieee/std_logic_arith 1350103244 LB xps_ethernetlite_v4_00_a
AR xps_ethernetlite_v4_00_a/mdio_if/imp 1399978689 \
      FL $XILINX/hw/XilinxProcessorIPLib/pcores/xps_ethernetlite_v4_00_a/hdl/vhdl/mdio_if.vhd \
      EN xps_ethernetlite_v4_00_a/mdio_if 1399978688
FL $XILINX/hw/XilinxProcessorIPLib/pcores/xps_ethernetlite_v4_00_a/hdl/vhdl/msh_cnt.vhd 2012/10/02.11:16:22 P.40xd
EN xps_ethernetlite_v4_00_a/msh_cnt 1399978660 \
      FL $XILINX/hw/XilinxProcessorIPLib/pcores/xps_ethernetlite_v4_00_a/hdl/vhdl/msh_cnt.vhd \
      PB ieee/std_logic_1164 1350103243 PB ieee/std_logic_arith 1350103244 \
      PB ieee/STD_LOGIC_UNSIGNED 1350103247 PB ieee/NUMERIC_STD 1350103249 \
      LB unisim PH unisim/VCOMPONENTS 1350103252
AR xps_ethernetlite_v4_00_a/msh_cnt/imp 1399978661 \
      FL $XILINX/hw/XilinxProcessorIPLib/pcores/xps_ethernetlite_v4_00_a/hdl/vhdl/msh_cnt.vhd \
      EN xps_ethernetlite_v4_00_a/msh_cnt 1399978660 CP std_logic CP MULT_AND \
      CP MUXCY_L CP XORCY CP FDRE CP FDSE
FL $XILINX/hw/XilinxProcessorIPLib/pcores/xps_ethernetlite_v4_00_a/hdl/vhdl/ram16x4.vhd 2012/10/02.11:16:22 P.40xd
EN xps_ethernetlite_v4_00_a/ram16x4 1399978650 \
      FL $XILINX/hw/XilinxProcessorIPLib/pcores/xps_ethernetlite_v4_00_a/hdl/vhdl/ram16x4.vhd \
      PB ieee/std_logic_1164 1350103243 PB ieee/std_logic_arith 1350103244 \
      PB ieee/STD_LOGIC_UNSIGNED 1350103247 LB xps_ethernetlite_v4_00_a \
      LB proc_common_v3_00_a LB unisim PH unisim/VCOMPONENTS 1350103252 \
      PB xps_ethernetlite_v4_00_a/mac_pkg 1399978551
AR xps_ethernetlite_v4_00_a/ram16x4/imp 1399978651 \
      FL $XILINX/hw/XilinxProcessorIPLib/pcores/xps_ethernetlite_v4_00_a/hdl/vhdl/ram16x4.vhd \
      EN xps_ethernetlite_v4_00_a/ram16x4 1399978650 CP ram16x1s
FL $XILINX/hw/XilinxProcessorIPLib/pcores/xps_ethernetlite_v4_00_a/hdl/vhdl/receive.vhd 2012/10/02.11:16:22 P.40xd
EN xps_ethernetlite_v4_00_a/receive 1399978674 \
      FL $XILINX/hw/XilinxProcessorIPLib/pcores/xps_ethernetlite_v4_00_a/hdl/vhdl/receive.vhd \
      PB ieee/std_logic_1164 1350103243 LB xps_ethernetlite_v4_00_a \
      LB proc_common_v3_00_a
AR xps_ethernetlite_v4_00_a/receive/imp 1399978675 \
      FL $XILINX/hw/XilinxProcessorIPLib/pcores/xps_ethernetlite_v4_00_a/hdl/vhdl/receive.vhd \
      EN xps_ethernetlite_v4_00_a/receive 1399978674 \
      CP xps_ethernetlite_v4_00_a/rx_statemachine \
      CP xps_ethernetlite_v4_00_a/rx_intrfce CP xps_ethernetlite_v4_00_a/crcgenrx
FL $XILINX/hw/XilinxProcessorIPLib/pcores/xps_ethernetlite_v4_00_a/hdl/vhdl/rx_intrfce.vhd 2012/10/02.11:16:22 P.40xd
EN xps_ethernetlite_v4_00_a/rx_intrfce 1399978666 \
      FL $XILINX/hw/XilinxProcessorIPLib/pcores/xps_ethernetlite_v4_00_a/hdl/vhdl/rx_intrfce.vhd \
      PB ieee/std_logic_1164 1350103243 LB xps_ethernetlite_v4_00_a \
      LB proc_common_v3_00_a PB proc_common_v3_00_a/family 1399978538
AR xps_ethernetlite_v4_00_a/rx_intrfce/implementation 1399978667 \
      FL $XILINX/hw/XilinxProcessorIPLib/pcores/xps_ethernetlite_v4_00_a/hdl/vhdl/rx_intrfce.vhd \
      EN xps_ethernetlite_v4_00_a/rx_intrfce 1399978666 \
      CP proc_common_v3_00_a/async_fifo_fg
FL $XILINX/hw/XilinxProcessorIPLib/pcores/xps_ethernetlite_v4_00_a/hdl/vhdl/rx_statemachine.vhd 2012/10/02.11:16:22 P.40xd
EN xps_ethernetlite_v4_00_a/rx_statemachine 1399978664 \
      FL $XILINX/hw/XilinxProcessorIPLib/pcores/xps_ethernetlite_v4_00_a/hdl/vhdl/rx_statemachine.vhd \
      PB ieee/std_logic_1164 1350103243 PB ieee/NUMERIC_STD 1350103249 \
      LB xps_ethernetlite_v4_00_a LB unisim PH unisim/VCOMPONENTS 1350103252
AR xps_ethernetlite_v4_00_a/rx_statemachine/imp 1399978665 \
      FL $XILINX/hw/XilinxProcessorIPLib/pcores/xps_ethernetlite_v4_00_a/hdl/vhdl/rx_statemachine.vhd \
      EN xps_ethernetlite_v4_00_a/rx_statemachine 1399978664 CP FDR CP FDS
FL $XILINX/hw/XilinxProcessorIPLib/pcores/xps_ethernetlite_v4_00_a/hdl/vhdl/transmit.vhd 2012/10/02.11:16:22 P.40xd
EN xps_ethernetlite_v4_00_a/transmit 1399978676 \
      FL $XILINX/hw/XilinxProcessorIPLib/pcores/xps_ethernetlite_v4_00_a/hdl/vhdl/transmit.vhd \
      PB ieee/std_logic_1164 1350103243 PB ieee/std_logic_arith 1350103244 \
      PB ieee/STD_LOGIC_UNSIGNED 1350103247 LB xps_ethernetlite_v4_00_a \
      LB proc_common_v3_00_a LB unisim PH unisim/VCOMPONENTS 1350103252 \
      PB xps_ethernetlite_v4_00_a/mac_pkg 1399978551
AR xps_ethernetlite_v4_00_a/transmit/imp 1399978677 \
      FL $XILINX/hw/XilinxProcessorIPLib/pcores/xps_ethernetlite_v4_00_a/hdl/vhdl/transmit.vhd \
      EN xps_ethernetlite_v4_00_a/transmit 1399978676 \
      CP xps_ethernetlite_v4_00_a/crcgentx CP xps_ethernetlite_v4_00_a/tx_intrfce \
      CP proc_common_v3_00_a/mux_onehot_f CP proc_common_v3_00_a/ld_arith_reg \
      CP xps_ethernetlite_v4_00_a/tx_statemachine \
      CP xps_ethernetlite_v4_00_a/deferral CP xps_ethernetlite_v4_00_a/msh_cnt \
      CP xps_ethernetlite_v4_00_a/bocntr
FL $XILINX/hw/XilinxProcessorIPLib/pcores/xps_ethernetlite_v4_00_a/hdl/vhdl/tx_intrfce.vhd 2012/10/02.11:16:22 P.40xd
EN xps_ethernetlite_v4_00_a/tx_intrfce 1399978654 \
      FL $XILINX/hw/XilinxProcessorIPLib/pcores/xps_ethernetlite_v4_00_a/hdl/vhdl/tx_intrfce.vhd \
      PB ieee/std_logic_1164 1350103243 LB xps_ethernetlite_v4_00_a \
      LB proc_common_v3_00_a LB unisim PH unisim/VCOMPONENTS 1350103252 \
      PB proc_common_v3_00_a/family 1399978538
AR xps_ethernetlite_v4_00_a/tx_intrfce/implementation 1399978655 \
      FL $XILINX/hw/XilinxProcessorIPLib/pcores/xps_ethernetlite_v4_00_a/hdl/vhdl/tx_intrfce.vhd \
      EN xps_ethernetlite_v4_00_a/tx_intrfce 1399978654 \
      CP proc_common_v3_00_a/async_fifo_fg CP FDR
FL $XILINX/hw/XilinxProcessorIPLib/pcores/xps_ethernetlite_v4_00_a/hdl/vhdl/tx_statemachine.vhd 2012/10/02.11:16:22 P.40xd
EN xps_ethernetlite_v4_00_a/tx_statemachine 1399978656 \
      FL $XILINX/hw/XilinxProcessorIPLib/pcores/xps_ethernetlite_v4_00_a/hdl/vhdl/tx_statemachine.vhd \
      PB ieee/std_logic_1164 1350103243 LB xps_ethernetlite_v4_00_a LB unisim \
      PH unisim/VCOMPONENTS 1350103252
AR xps_ethernetlite_v4_00_a/tx_statemachine/implementation 1399978657 \
      FL $XILINX/hw/XilinxProcessorIPLib/pcores/xps_ethernetlite_v4_00_a/hdl/vhdl/tx_statemachine.vhd \
      EN xps_ethernetlite_v4_00_a/tx_statemachine 1399978656 \
      CP xps_ethernetlite_v4_00_a/cntr5bit CP FDS CP FDR
FL $XILINX/hw/XilinxProcessorIPLib/pcores/xps_ethernetlite_v4_00_a/hdl/vhdl/xemac.vhd 2012/10/02.11:16:22 P.40xd
EN xps_ethernetlite_v4_00_a/xemac 1399978690 \
      FL $XILINX/hw/XilinxProcessorIPLib/pcores/xps_ethernetlite_v4_00_a/hdl/vhdl/xemac.vhd \
      PB ieee/std_logic_1164 1350103243 PB ieee/std_logic_arith 1350103244 \
      PB ieee/NUMERIC_STD 1350103249 LB xps_ethernetlite_v4_00_a \
      LB proc_common_v3_00_a LB unisim PH unisim/VCOMPONENTS 1350103252 \
      PB proc_common_v3_00_a/family 1399978538
AR xps_ethernetlite_v4_00_a/xemac/imp 1399978691 \
      FL $XILINX/hw/XilinxProcessorIPLib/pcores/xps_ethernetlite_v4_00_a/hdl/vhdl/xemac.vhd \
      EN xps_ethernetlite_v4_00_a/xemac 1399978690 CP FDR \
      CP xps_ethernetlite_v4_00_a/xps_ipif_ssp1 CP xps_ethernetlite_v4_00_a/emac \
      CP xps_ethernetlite_v4_00_a/emac_dpram CP std_logic CP string \
      CP std_logic_vector CP integer CP xps_ethernetlite_v4_00_a/mdio_if
FL $XILINX/hw/XilinxProcessorIPLib/pcores/xps_ethernetlite_v4_00_a/hdl/vhdl/xps_ethernetlite.vhd 2012/10/02.11:16:22 P.40xd
EN xps_ethernetlite_v4_00_a/xps_ethernetlite 1399978692 \
      FL $XILINX/hw/XilinxProcessorIPLib/pcores/xps_ethernetlite_v4_00_a/hdl/vhdl/xps_ethernetlite.vhd \
      PB ieee/std_logic_1164 1350103243 LB xps_ethernetlite_v4_00_a \
      LB proc_common_v3_00_a LB unisim PH unisim/VCOMPONENTS 1350103252 \
      PB xps_ethernetlite_v4_00_a/mac_pkg 1399978551
AR xps_ethernetlite_v4_00_a/xps_ethernetlite/imp 1399978693 \
      FL $XILINX/hw/XilinxProcessorIPLib/pcores/xps_ethernetlite_v4_00_a/hdl/vhdl/xps_ethernetlite.vhd \
      EN xps_ethernetlite_v4_00_a/xps_ethernetlite 1399978692 CP BUFG CP BUFGMUX \
      CP FDR CP FDRE CP label CP xps_ethernetlite_v4_00_a/xemac
FL $XILINX/hw/XilinxProcessorIPLib/pcores/xps_ethernetlite_v4_00_a/hdl/vhdl/xps_ipif_ssp1.vhd 2012/10/02.11:16:22 P.40xd
EN xps_ethernetlite_v4_00_a/xps_ipif_ssp1 1399978682 \
      FL $XILINX/hw/XilinxProcessorIPLib/pcores/xps_ethernetlite_v4_00_a/hdl/vhdl/xps_ipif_ssp1.vhd \
      PB ieee/std_logic_1164 1350103243 LB plbv46_slave_burst_v1_01_a \
      LB proc_common_v3_00_a PB proc_common_v3_00_a/proc_common_pkg 1399978512 \
      PB proc_common_v3_00_a/ipif_pkg 1399978557
AR xps_ethernetlite_v4_00_a/xps_ipif_ssp1/imp 1399978683 \
      FL $XILINX/hw/XilinxProcessorIPLib/pcores/xps_ethernetlite_v4_00_a/hdl/vhdl/xps_ipif_ssp1.vhd \
      EN xps_ethernetlite_v4_00_a/xps_ipif_ssp1 1399978682 \
      CP plbv46_slave_burst_v1_01_a/plbv46_slave_burst
