EN system_ilmb_cntlr_wrapper NULL /usr/userfs/d/drm511/embs/embs-summer/bsp/synthesis/parallel_run/hdl/system_ilmb_cntlr_wrapper.vhd sub00/vhpl00 1399978297
AR system_ilmb_cntlr_wrapper structure /usr/userfs/d/drm511/embs/embs-summer/bsp/synthesis/parallel_run/hdl/system_ilmb_cntlr_wrapper.vhd sub00/vhpl01 1399978298
