EN pvr NULL /opt/york/cs/net/xilinx-design-suite-14.3-x86_64-1/14.3/ISE_DS/EDK/hw/XilinxProcessorIPLib/pcores/microblaze_v8_40_b/hdl/vhdl/pvr.vhd sub01/vhpl100 1399978320
EN comparator NULL /opt/york/cs/net/xilinx-design-suite-14.3-x86_64-1/14.3/ISE_DS/EDK/hw/XilinxProcessorIPLib/pcores/microblaze_v8_40_b/hdl/vhdl/comparator.vhd sub00/vhpl48 1399978268
AR mb_srlc16e imp /opt/york/cs/net/xilinx-design-suite-14.3-x86_64-1/14.3/ISE_DS/EDK/hw/XilinxProcessorIPLib/pcores/microblaze_v8_40_b/hdl/vhdl/microblaze_primitives.vhd sub00/vhpl12 1399978232
AR alu_bit imp /opt/york/cs/net/xilinx-design-suite-14.3-x86_64-1/14.3/ISE_DS/EDK/hw/XilinxProcessorIPLib/pcores/microblaze_v8_40_b/hdl/vhdl/alu_bit.vhd sub00/vhpl45 1399978265
EN pc_module_gti NULL /opt/york/cs/net/xilinx-design-suite-14.3-x86_64-1/14.3/ISE_DS/EDK/hw/XilinxProcessorIPLib/pcores/microblaze_v8_40_b/hdl/vhdl/pc_module_gti.vhd sub01/vhpl104 1399978324
AR carry_compare_const imp /opt/york/cs/net/xilinx-design-suite-14.3-x86_64-1/14.3/ISE_DS/EDK/hw/XilinxProcessorIPLib/pcores/microblaze_v8_40_b/hdl/vhdl/carry_compare_const.vhd sub00/vhpl27 1399978247
EN interrupt_mode_converter NULL /opt/york/cs/net/xilinx-design-suite-14.3-x86_64-1/14.3/ISE_DS/EDK/hw/XilinxProcessorIPLib/pcores/microblaze_v8_40_b/hdl/vhdl/interrupt_mode_converter.vhd sub01/vhpl152 1399978372
EN carry_compare_const NULL /opt/york/cs/net/xilinx-design-suite-14.3-x86_64-1/14.3/ISE_DS/EDK/hw/XilinxProcessorIPLib/pcores/microblaze_v8_40_b/hdl/vhdl/carry_compare_const.vhd sub00/vhpl26 1399978246
EN exception_registers_gti NULL /opt/york/cs/net/xilinx-design-suite-14.3-x86_64-1/14.3/ISE_DS/EDK/hw/XilinxProcessorIPLib/pcores/microblaze_v8_40_b/hdl/vhdl/exception_registers_gti.vhd sub00/vhpl94 1399978314
EN zero_detect_gti NULL /opt/york/cs/net/xilinx-design-suite-14.3-x86_64-1/14.3/ISE_DS/EDK/hw/XilinxProcessorIPLib/pcores/microblaze_v8_40_b/hdl/vhdl/zero_detect_gti.vhd sub00/vhpl86 1399978306
PB microblaze_types microblaze_types /opt/york/cs/net/xilinx-design-suite-14.3-x86_64-1/14.3/ISE_DS/EDK/hw/XilinxProcessorIPLib/pcores/microblaze_v8_40_b/hdl/vhdl/microblaze_types_pkg_body.vhd sub00/vhpl01 1399978221
AR zero_detect_gti imp /opt/york/cs/net/xilinx-design-suite-14.3-x86_64-1/14.3/ISE_DS/EDK/hw/XilinxProcessorIPLib/pcores/microblaze_v8_40_b/hdl/vhdl/zero_detect_gti.vhd sub00/vhpl87 1399978307
AR carry_or imp /opt/york/cs/net/xilinx-design-suite-14.3-x86_64-1/14.3/ISE_DS/EDK/hw/XilinxProcessorIPLib/pcores/microblaze_v8_40_b/hdl/vhdl/carry_or.vhd sub00/vhpl51 1399978271
AR div_unit imp /opt/york/cs/net/xilinx-design-suite-14.3-x86_64-1/14.3/ISE_DS/EDK/hw/XilinxProcessorIPLib/pcores/microblaze_v8_40_b/hdl/vhdl/div_unit.vhd sub01/vhpl137 1399978357
EN read_data_mux NULL /opt/york/cs/net/xilinx-design-suite-14.3-x86_64-1/14.3/ISE_DS/EDK/hw/XilinxProcessorIPLib/pcores/microblaze_v8_40_b/hdl/vhdl/read_data_mux_gti.vhd sub01/vhpl184 1399978404
AR register_file_gti imp /opt/york/cs/net/xilinx-design-suite-14.3-x86_64-1/14.3/ISE_DS/EDK/hw/XilinxProcessorIPLib/pcores/microblaze_v8_40_b/hdl/vhdl/register_file_gti.vhd sub00/vhpl73 1399978293
AR fpu_conv imp /opt/york/cs/net/xilinx-design-suite-14.3-x86_64-1/14.3/ISE_DS/EDK/hw/XilinxProcessorIPLib/pcores/microblaze_v8_40_b/hdl/vhdl/fpu_conv.vhd sub00/vhpl37 1399978257
EN fpu_mul NULL /opt/york/cs/net/xilinx-design-suite-14.3-x86_64-1/14.3/ISE_DS/EDK/hw/XilinxProcessorIPLib/pcores/microblaze_v8_40_b/hdl/vhdl/fpu_mul.vhd sub00/vhpl30 1399978250
AR carry_equal imp /opt/york/cs/net/xilinx-design-suite-14.3-x86_64-1/14.3/ISE_DS/EDK/hw/XilinxProcessorIPLib/pcores/microblaze_v8_40_b/hdl/vhdl/carry_equal.vhd sub00/vhpl43 1399978263
EN address_data_hit NULL /opt/york/cs/net/xilinx-design-suite-14.3-x86_64-1/14.3/ISE_DS/EDK/hw/XilinxProcessorIPLib/pcores/microblaze_v8_40_b/hdl/vhdl/address_data_hit.vhd sub01/vhpl122 1399978342
EN decode NULL /opt/york/cs/net/xilinx-design-suite-14.3-x86_64-1/14.3/ISE_DS/EDK/hw/XilinxProcessorIPLib/pcores/microblaze_v8_40_b/hdl/vhdl/decode.vhd sub01/vhpl154 1399978374
AR operand_select_gti imp /opt/york/cs/net/xilinx-design-suite-14.3-x86_64-1/14.3/ISE_DS/EDK/hw/XilinxProcessorIPLib/pcores/microblaze_v8_40_b/hdl/vhdl/operand_select_gti.vhd sub00/vhpl75 1399978295
EN instr_mux NULL /opt/york/cs/net/xilinx-design-suite-14.3-x86_64-1/14.3/ISE_DS/EDK/hw/XilinxProcessorIPLib/pcores/microblaze_v8_40_b/hdl/vhdl/instr_mux.vhd sub01/vhpl178 1399978398
AR fpu_mul imp /opt/york/cs/net/xilinx-design-suite-14.3-x86_64-1/14.3/ISE_DS/EDK/hw/XilinxProcessorIPLib/pcores/microblaze_v8_40_b/hdl/vhdl/fpu_mul.vhd sub00/vhpl31 1399978251
EN jump_logic NULL /opt/york/cs/net/xilinx-design-suite-14.3-x86_64-1/14.3/ISE_DS/EDK/hw/XilinxProcessorIPLib/pcores/microblaze_v8_40_b/hdl/vhdl/jump_logic_gti.vhd sub01/vhpl108 1399978328
EN microblaze_core NULL /opt/york/cs/net/xilinx-design-suite-14.3-x86_64-1/14.3/ISE_DS/EDK/hw/XilinxProcessorIPLib/pcores/microblaze_v8_40_b/hdl/vhdl/microblaze_core.vhd sub01/vhpl190 1399978410
EN fpu_conv NULL /opt/york/cs/net/xilinx-design-suite-14.3-x86_64-1/14.3/ISE_DS/EDK/hw/XilinxProcessorIPLib/pcores/microblaze_v8_40_b/hdl/vhdl/fpu_conv.vhd sub00/vhpl36 1399978256
EN fpu_addsub NULL /opt/york/cs/net/xilinx-design-suite-14.3-x86_64-1/14.3/ISE_DS/EDK/hw/XilinxProcessorIPLib/pcores/microblaze_v8_40_b/hdl/vhdl/fpu_addsub.vhd sub00/vhpl28 1399978248
AR mmu_utlb_ram imp /opt/york/cs/net/xilinx-design-suite-14.3-x86_64-1/14.3/ISE_DS/EDK/hw/XilinxProcessorIPLib/pcores/microblaze_v8_40_b/hdl/vhdl/mmu_utlb_ram.vhd sub00/vhpl19 1399978239
AR msr_reg_bit imp /opt/york/cs/net/xilinx-design-suite-14.3-x86_64-1/14.3/ISE_DS/EDK/hw/XilinxProcessorIPLib/pcores/microblaze_v8_40_b/hdl/vhdl/msr_reg_bit.vhd sub00/vhpl57 1399978277
EN address_hit NULL /opt/york/cs/net/xilinx-design-suite-14.3-x86_64-1/14.3/ISE_DS/EDK/hw/XilinxProcessorIPLib/pcores/microblaze_v8_40_b/hdl/vhdl/address_hit.vhd sub01/vhpl120 1399978340
AR fsl_module imp /opt/york/cs/net/xilinx-design-suite-14.3-x86_64-1/14.3/ISE_DS/EDK/hw/XilinxProcessorIPLib/pcores/microblaze_v8_40_b/hdl/vhdl/fsl_module.vhd sub01/vhpl149 1399978369
PH mmu_types NULL /opt/york/cs/net/xilinx-design-suite-14.3-x86_64-1/14.3/ISE_DS/EDK/hw/XilinxProcessorIPLib/pcores/microblaze_v8_40_b/hdl/vhdl/mmu_types_pkg.vhd sub00/vhpl13 1399978233
EN mul_unit NULL /opt/york/cs/net/xilinx-design-suite-14.3-x86_64-1/14.3/ISE_DS/EDK/hw/XilinxProcessorIPLib/pcores/microblaze_v8_40_b/hdl/vhdl/mul_unit.vhd sub00/vhpl80 1399978300
EN operand_select NULL /opt/york/cs/net/xilinx-design-suite-14.3-x86_64-1/14.3/ISE_DS/EDK/hw/XilinxProcessorIPLib/pcores/microblaze_v8_40_b/hdl/vhdl/operand_select.vhd sub01/vhpl130 1399978350
EN data_flow_gti NULL /opt/york/cs/net/xilinx-design-suite-14.3-x86_64-1/14.3/ISE_DS/EDK/hw/XilinxProcessorIPLib/pcores/microblaze_v8_40_b/hdl/vhdl/data_flow_gti.vhd sub01/vhpl182 1399978402
EN iaxi_interface NULL /opt/york/cs/net/xilinx-design-suite-14.3-x86_64-1/14.3/ISE_DS/EDK/hw/XilinxProcessorIPLib/pcores/microblaze_v8_40_b/hdl/vhdl/iaxi_interface.vhd sub01/vhpl166 1399978386
AR shift_logic_module imp /opt/york/cs/net/xilinx-design-suite-14.3-x86_64-1/14.3/ISE_DS/EDK/hw/XilinxProcessorIPLib/pcores/microblaze_v8_40_b/hdl/vhdl/shift_logic.vhd sub01/vhpl133 1399978353
AR data_flow_logic imp /opt/york/cs/net/xilinx-design-suite-14.3-x86_64-1/14.3/ISE_DS/EDK/hw/XilinxProcessorIPLib/pcores/microblaze_v8_40_b/hdl/vhdl/data_flow_logic_gti.vhd sub00/vhpl91 1399978311
EN debug NULL /opt/york/cs/net/xilinx-design-suite-14.3-x86_64-1/14.3/ISE_DS/EDK/hw/XilinxProcessorIPLib/pcores/microblaze_v8_40_b/hdl/vhdl/debug.vhd sub01/vhpl168 1399978388
AR decode imp /opt/york/cs/net/xilinx-design-suite-14.3-x86_64-1/14.3/ISE_DS/EDK/hw/XilinxProcessorIPLib/pcores/microblaze_v8_40_b/hdl/vhdl/decode.vhd sub01/vhpl155 1399978375
AR srl_fifo imp /opt/york/cs/net/xilinx-design-suite-14.3-x86_64-1/14.3/ISE_DS/EDK/hw/XilinxProcessorIPLib/pcores/microblaze_v8_40_b/hdl/vhdl/gen_srlfifo.vhd sub01/vhpl195 1399978415
EN exception_registers NULL /opt/york/cs/net/xilinx-design-suite-14.3-x86_64-1/14.3/ISE_DS/EDK/hw/XilinxProcessorIPLib/pcores/microblaze_v8_40_b/hdl/vhdl/exception_registers.vhd sub01/vhpl176 1399978396
EN cache_valid_bit_detect NULL /opt/york/cs/net/xilinx-design-suite-14.3-x86_64-1/14.3/ISE_DS/EDK/hw/XilinxProcessorIPLib/pcores/microblaze_v8_40_b/hdl/vhdl/cache_valid_bit_detect.vhd sub00/vhpl52 1399978272
EN mux4 NULL /opt/york/cs/net/xilinx-design-suite-14.3-x86_64-1/14.3/ISE_DS/EDK/hw/XilinxProcessorIPLib/pcores/microblaze_v8_40_b/hdl/vhdl/mux4.vhd sub01/vhpl192 1399978412
AR carry_compare_mask imp /opt/york/cs/net/xilinx-design-suite-14.3-x86_64-1/14.3/ISE_DS/EDK/hw/XilinxProcessorIPLib/pcores/microblaze_v8_40_b/hdl/vhdl/carry_compare_mask.vhd sub00/vhpl15 1399978235
AR shift_logic_bit imp /opt/york/cs/net/xilinx-design-suite-14.3-x86_64-1/14.3/ISE_DS/EDK/hw/XilinxProcessorIPLib/pcores/microblaze_v8_40_b/hdl/vhdl/shift_logic_bit.vhd sub00/vhpl61 1399978281
AR mux4_8 imp /opt/york/cs/net/xilinx-design-suite-14.3-x86_64-1/14.3/ISE_DS/EDK/hw/XilinxProcessorIPLib/pcores/microblaze_v8_40_b/hdl/vhdl/mux4_8.vhd sub01/vhpl127 1399978347
AR pc_bit imp /opt/york/cs/net/xilinx-design-suite-14.3-x86_64-1/14.3/ISE_DS/EDK/hw/XilinxProcessorIPLib/pcores/microblaze_v8_40_b/hdl/vhdl/pc_bit.vhd sub00/vhpl55 1399978275
AR shift_logic_module_gti imp /opt/york/cs/net/xilinx-design-suite-14.3-x86_64-1/14.3/ISE_DS/EDK/hw/XilinxProcessorIPLib/pcores/microblaze_v8_40_b/hdl/vhdl/shift_logic_gti.vhd sub00/vhpl79 1399978299
AR dsp_module imp /opt/york/cs/net/xilinx-design-suite-14.3-x86_64-1/14.3/ISE_DS/EDK/hw/XilinxProcessorIPLib/pcores/microblaze_v8_40_b/hdl/vhdl/dsp_module.vhd sub00/vhpl06 1399978226
EN register_file NULL /opt/york/cs/net/xilinx-design-suite-14.3-x86_64-1/14.3/ISE_DS/EDK/hw/XilinxProcessorIPLib/pcores/microblaze_v8_40_b/hdl/vhdl/register_file.vhd sub01/vhpl128 1399978348
EN fsl_module NULL /opt/york/cs/net/xilinx-design-suite-14.3-x86_64-1/14.3/ISE_DS/EDK/hw/XilinxProcessorIPLib/pcores/microblaze_v8_40_b/hdl/vhdl/fsl_module.vhd sub01/vhpl148 1399978368
AR jump_logic imp /opt/york/cs/net/xilinx-design-suite-14.3-x86_64-1/14.3/ISE_DS/EDK/hw/XilinxProcessorIPLib/pcores/microblaze_v8_40_b/hdl/vhdl/jump_logic_gti.vhd sub01/vhpl109 1399978329
EN div_unit_gti NULL /opt/york/cs/net/xilinx-design-suite-14.3-x86_64-1/14.3/ISE_DS/EDK/hw/XilinxProcessorIPLib/pcores/microblaze_v8_40_b/hdl/vhdl/div_unit_gti.vhd sub00/vhpl96 1399978316
EN alu_bit NULL /opt/york/cs/net/xilinx-design-suite-14.3-x86_64-1/14.3/ISE_DS/EDK/hw/XilinxProcessorIPLib/pcores/microblaze_v8_40_b/hdl/vhdl/alu_bit.vhd sub00/vhpl44 1399978264
EN pc_bit NULL /opt/york/cs/net/xilinx-design-suite-14.3-x86_64-1/14.3/ISE_DS/EDK/hw/XilinxProcessorIPLib/pcores/microblaze_v8_40_b/hdl/vhdl/pc_bit.vhd sub00/vhpl54 1399978274
AR fpu_div imp /opt/york/cs/net/xilinx-design-suite-14.3-x86_64-1/14.3/ISE_DS/EDK/hw/XilinxProcessorIPLib/pcores/microblaze_v8_40_b/hdl/vhdl/fpu_div.vhd sub00/vhpl33 1399978253
EN fpu NULL /opt/york/cs/net/xilinx-design-suite-14.3-x86_64-1/14.3/ISE_DS/EDK/hw/XilinxProcessorIPLib/pcores/microblaze_v8_40_b/hdl/vhdl/fpu.vhd sub00/vhpl98 1399978318
AR dcache imp /opt/york/cs/net/xilinx-design-suite-14.3-x86_64-1/14.3/ISE_DS/EDK/hw/XilinxProcessorIPLib/pcores/microblaze_v8_40_b/hdl/vhdl/dcache.vhd sub01/vhpl175 1399978395
EN carry_and NULL /opt/york/cs/net/xilinx-design-suite-14.3-x86_64-1/14.3/ISE_DS/EDK/hw/XilinxProcessorIPLib/pcores/microblaze_v8_40_b/hdl/vhdl/carry_and.vhd sub00/vhpl03 1399978223
AR mmu_tlb imp /opt/york/cs/net/xilinx-design-suite-14.3-x86_64-1/14.3/ISE_DS/EDK/hw/XilinxProcessorIPLib/pcores/microblaze_v8_40_b/hdl/vhdl/mmu_tlb.vhd sub00/vhpl69 1399978289
AR parity_recursive_lut6 imp /opt/york/cs/net/xilinx-design-suite-14.3-x86_64-1/14.3/ISE_DS/EDK/hw/XilinxProcessorIPLib/pcores/microblaze_v8_40_b/hdl/vhdl/parity.vhd sub00/vhpl21 1399978241
EN register_file_bit NULL /opt/york/cs/net/xilinx-design-suite-14.3-x86_64-1/14.3/ISE_DS/EDK/hw/XilinxProcessorIPLib/pcores/microblaze_v8_40_b/hdl/vhdl/register_file_bit.vhd sub00/vhpl64 1399978284
EN mmu_utlb_ram NULL /opt/york/cs/net/xilinx-design-suite-14.3-x86_64-1/14.3/ISE_DS/EDK/hw/XilinxProcessorIPLib/pcores/microblaze_v8_40_b/hdl/vhdl/mmu_utlb_ram.vhd sub00/vhpl18 1399978238
AR decode_gti imp /opt/york/cs/net/xilinx-design-suite-14.3-x86_64-1/14.3/ISE_DS/EDK/hw/XilinxProcessorIPLib/pcores/microblaze_v8_40_b/hdl/vhdl/decode_gti.vhd sub01/vhpl181 1399978401
EN msr_reg_bit NULL /opt/york/cs/net/xilinx-design-suite-14.3-x86_64-1/14.3/ISE_DS/EDK/hw/XilinxProcessorIPLib/pcores/microblaze_v8_40_b/hdl/vhdl/msr_reg_bit.vhd sub00/vhpl56 1399978276
AR parity imp /opt/york/cs/net/xilinx-design-suite-14.3-x86_64-1/14.3/ISE_DS/EDK/hw/XilinxProcessorIPLib/pcores/microblaze_v8_40_b/hdl/vhdl/parity.vhd sub00/vhpl23 1399978243
AR address_hit imp /opt/york/cs/net/xilinx-design-suite-14.3-x86_64-1/14.3/ISE_DS/EDK/hw/XilinxProcessorIPLib/pcores/microblaze_v8_40_b/hdl/vhdl/address_hit.vhd sub01/vhpl121 1399978341
EN operand_select_bit NULL /opt/york/cs/net/xilinx-design-suite-14.3-x86_64-1/14.3/ISE_DS/EDK/hw/XilinxProcessorIPLib/pcores/microblaze_v8_40_b/hdl/vhdl/operand_select_bit.vhd sub00/vhpl62 1399978282
EN shift_logic_module NULL /opt/york/cs/net/xilinx-design-suite-14.3-x86_64-1/14.3/ISE_DS/EDK/hw/XilinxProcessorIPLib/pcores/microblaze_v8_40_b/hdl/vhdl/shift_logic.vhd sub01/vhpl132 1399978352
EN data_flow_logic NULL /opt/york/cs/net/xilinx-design-suite-14.3-x86_64-1/14.3/ISE_DS/EDK/hw/XilinxProcessorIPLib/pcores/microblaze_v8_40_b/hdl/vhdl/data_flow_logic_gti.vhd sub00/vhpl90 1399978310
EN zero_detect NULL /opt/york/cs/net/xilinx-design-suite-14.3-x86_64-1/14.3/ISE_DS/EDK/hw/XilinxProcessorIPLib/pcores/microblaze_v8_40_b/hdl/vhdl/zero_detect.vhd sub01/vhpl140 1399978360
AR address_data_hit imp /opt/york/cs/net/xilinx-design-suite-14.3-x86_64-1/14.3/ISE_DS/EDK/hw/XilinxProcessorIPLib/pcores/microblaze_v8_40_b/hdl/vhdl/address_data_hit.vhd sub01/vhpl123 1399978343
EN fpu_div NULL /opt/york/cs/net/xilinx-design-suite-14.3-x86_64-1/14.3/ISE_DS/EDK/hw/XilinxProcessorIPLib/pcores/microblaze_v8_40_b/hdl/vhdl/fpu_div.vhd sub00/vhpl32 1399978252
EN shift_logic_module_gti NULL /opt/york/cs/net/xilinx-design-suite-14.3-x86_64-1/14.3/ISE_DS/EDK/hw/XilinxProcessorIPLib/pcores/microblaze_v8_40_b/hdl/vhdl/shift_logic_gti.vhd sub00/vhpl78 1399978298
PH microblaze_types NULL /opt/york/cs/net/xilinx-design-suite-14.3-x86_64-1/14.3/ISE_DS/EDK/hw/XilinxProcessorIPLib/pcores/microblaze_v8_40_b/hdl/vhdl/microblaze_types_pkg.vhd sub00/vhpl00 1399978220
EN decode_gti NULL /opt/york/cs/net/xilinx-design-suite-14.3-x86_64-1/14.3/ISE_DS/EDK/hw/XilinxProcessorIPLib/pcores/microblaze_v8_40_b/hdl/vhdl/decode_gti.vhd sub01/vhpl180 1399978400
EN cache_interface NULL /opt/york/cs/net/xilinx-design-suite-14.3-x86_64-1/14.3/ISE_DS/EDK/hw/XilinxProcessorIPLib/pcores/microblaze_v8_40_b/hdl/vhdl/cache_interface.vhd sub00/vhpl70 1399978290
AR iaxi_interface imp /opt/york/cs/net/xilinx-design-suite-14.3-x86_64-1/14.3/ISE_DS/EDK/hw/XilinxProcessorIPLib/pcores/microblaze_v8_40_b/hdl/vhdl/iaxi_interface.vhd sub01/vhpl167 1399978387
AR interrupt_mode_converter imp /opt/york/cs/net/xilinx-design-suite-14.3-x86_64-1/14.3/ISE_DS/EDK/hw/XilinxProcessorIPLib/pcores/microblaze_v8_40_b/hdl/vhdl/interrupt_mode_converter.vhd sub01/vhpl153 1399978373
EN dcache_wb NULL /opt/york/cs/net/xilinx-design-suite-14.3-x86_64-1/14.3/ISE_DS/EDK/hw/XilinxProcessorIPLib/pcores/microblaze_v8_40_b/hdl/vhdl/dcache_wb.vhd sub01/vhpl172 1399978392
EN stack_protection NULL /opt/york/cs/net/xilinx-design-suite-14.3-x86_64-1/14.3/ISE_DS/EDK/hw/XilinxProcessorIPLib/pcores/microblaze_v8_40_b/hdl/vhdl/stack_protection.vhd sub01/vhpl102 1399978322
AR data_read_steering imp /opt/york/cs/net/xilinx-design-suite-14.3-x86_64-1/14.3/ISE_DS/EDK/hw/XilinxProcessorIPLib/pcores/microblaze_v8_40_b/hdl/vhdl/data_read_steering.vhd sub01/vhpl125 1399978345
AR vec_mux imp /opt/york/cs/net/xilinx-design-suite-14.3-x86_64-1/14.3/ISE_DS/EDK/hw/XilinxProcessorIPLib/pcores/microblaze_v8_40_b/hdl/vhdl/vec_mux.vhd sub01/vhpl113 1399978333
AR daxi_interface imp /opt/york/cs/net/xilinx-design-suite-14.3-x86_64-1/14.3/ISE_DS/EDK/hw/XilinxProcessorIPLib/pcores/microblaze_v8_40_b/hdl/vhdl/daxi_interface.vhd sub01/vhpl163 1399978383
AR instr_mux imp /opt/york/cs/net/xilinx-design-suite-14.3-x86_64-1/14.3/ISE_DS/EDK/hw/XilinxProcessorIPLib/pcores/microblaze_v8_40_b/hdl/vhdl/instr_mux.vhd sub01/vhpl179 1399978399
AR mb_srl16e imp /opt/york/cs/net/xilinx-design-suite-14.3-x86_64-1/14.3/ISE_DS/EDK/hw/XilinxProcessorIPLib/pcores/microblaze_v8_40_b/hdl/vhdl/microblaze_primitives.vhd sub00/vhpl10 1399978230
AR cache_valid_bit_detect imp /opt/york/cs/net/xilinx-design-suite-14.3-x86_64-1/14.3/ISE_DS/EDK/hw/XilinxProcessorIPLib/pcores/microblaze_v8_40_b/hdl/vhdl/cache_valid_bit_detect.vhd sub00/vhpl53 1399978273
EN fpu_sqrt NULL /opt/york/cs/net/xilinx-design-suite-14.3-x86_64-1/14.3/ISE_DS/EDK/hw/XilinxProcessorIPLib/pcores/microblaze_v8_40_b/hdl/vhdl/fpu_sqrt.vhd sub00/vhpl34 1399978254
EN mmu_tlb NULL /opt/york/cs/net/xilinx-design-suite-14.3-x86_64-1/14.3/ISE_DS/EDK/hw/XilinxProcessorIPLib/pcores/microblaze_v8_40_b/hdl/vhdl/mmu_tlb.vhd sub00/vhpl68 1399978288
AR lru_module lru_module /opt/york/cs/net/xilinx-design-suite-14.3-x86_64-1/14.3/ISE_DS/EDK/hw/XilinxProcessorIPLib/pcores/microblaze_v8_40_b/hdl/vhdl/victim_cache.vhd sub01/vhpl115 1399978335
EN dplb_interface NULL /opt/york/cs/net/xilinx-design-suite-14.3-x86_64-1/14.3/ISE_DS/EDK/hw/XilinxProcessorIPLib/pcores/microblaze_v8_40_b/hdl/vhdl/dplb_interface.vhd sub01/vhpl160 1399978380
AR cachehit_detect imp /opt/york/cs/net/xilinx-design-suite-14.3-x86_64-1/14.3/ISE_DS/EDK/hw/XilinxProcessorIPLib/pcores/microblaze_v8_40_b/hdl/vhdl/cachehit_detect.vhd sub01/vhpl111 1399978331
AR microblaze_core imp /opt/york/cs/net/xilinx-design-suite-14.3-x86_64-1/14.3/ISE_DS/EDK/hw/XilinxProcessorIPLib/pcores/microblaze_v8_40_b/hdl/vhdl/microblaze_core.vhd sub01/vhpl191 1399978411
AR msr_reg_gti msr_reg /opt/york/cs/net/xilinx-design-suite-14.3-x86_64-1/14.3/ISE_DS/EDK/hw/XilinxProcessorIPLib/pcores/microblaze_v8_40_b/hdl/vhdl/msr_reg_gti.vhd sub00/vhpl93 1399978313
AR fpu imp /opt/york/cs/net/xilinx-design-suite-14.3-x86_64-1/14.3/ISE_DS/EDK/hw/XilinxProcessorIPLib/pcores/microblaze_v8_40_b/hdl/vhdl/fpu.vhd sub00/vhpl99 1399978319
EN data_flow NULL /opt/york/cs/net/xilinx-design-suite-14.3-x86_64-1/14.3/ISE_DS/EDK/hw/XilinxProcessorIPLib/pcores/microblaze_v8_40_b/hdl/vhdl/data_flow.vhd sub01/vhpl156 1399978376
EN dcache_gti NULL /opt/york/cs/net/xilinx-design-suite-14.3-x86_64-1/14.3/ISE_DS/EDK/hw/XilinxProcessorIPLib/pcores/microblaze_v8_40_b/hdl/vhdl/dcache_gti.vhd sub01/vhpl186 1399978406
EN srl_fifo NULL /opt/york/cs/net/xilinx-design-suite-14.3-x86_64-1/14.3/ISE_DS/EDK/hw/XilinxProcessorIPLib/pcores/microblaze_v8_40_b/hdl/vhdl/gen_srlfifo.vhd sub01/vhpl194 1399978414
EN barrel_shift NULL /opt/york/cs/net/xilinx-design-suite-14.3-x86_64-1/14.3/ISE_DS/EDK/hw/XilinxProcessorIPLib/pcores/microblaze_v8_40_b/hdl/vhdl/barrel_shifter.vhd sub01/vhpl134 1399978354
EN vec_mux NULL /opt/york/cs/net/xilinx-design-suite-14.3-x86_64-1/14.3/ISE_DS/EDK/hw/XilinxProcessorIPLib/pcores/microblaze_v8_40_b/hdl/vhdl/vec_mux.vhd sub01/vhpl112 1399978332
AR iplb_interface imp /opt/york/cs/net/xilinx-design-suite-14.3-x86_64-1/14.3/ISE_DS/EDK/hw/XilinxProcessorIPLib/pcores/microblaze_v8_40_b/hdl/vhdl/iplb_interface.vhd sub01/vhpl165 1399978385
AR prefetch_buffer imp /opt/york/cs/net/xilinx-design-suite-14.3-x86_64-1/14.3/ISE_DS/EDK/hw/XilinxProcessorIPLib/pcores/microblaze_v8_40_b/hdl/vhdl/prefetch_buffer.vhd sub01/vhpl147 1399978367
EN shift_logic_bit NULL /opt/york/cs/net/xilinx-design-suite-14.3-x86_64-1/14.3/ISE_DS/EDK/hw/XilinxProcessorIPLib/pcores/microblaze_v8_40_b/hdl/vhdl/shift_logic_bit.vhd sub00/vhpl60 1399978280
EN carry_compare_mask NULL /opt/york/cs/net/xilinx-design-suite-14.3-x86_64-1/14.3/ISE_DS/EDK/hw/XilinxProcessorIPLib/pcores/microblaze_v8_40_b/hdl/vhdl/carry_compare_mask.vhd sub00/vhpl14 1399978234
AR ram_module imp /opt/york/cs/net/xilinx-design-suite-14.3-x86_64-1/14.3/ISE_DS/EDK/hw/XilinxProcessorIPLib/pcores/microblaze_v8_40_b/hdl/vhdl/ram_module.vhd sub00/vhpl47 1399978267
AR alu imp /opt/york/cs/net/xilinx-design-suite-14.3-x86_64-1/14.3/ISE_DS/EDK/hw/XilinxProcessorIPLib/pcores/microblaze_v8_40_b/hdl/vhdl/alu.vhd sub00/vhpl77 1399978297
EN mmu_utlb NULL /opt/york/cs/net/xilinx-design-suite-14.3-x86_64-1/14.3/ISE_DS/EDK/hw/XilinxProcessorIPLib/pcores/microblaze_v8_40_b/hdl/vhdl/mmu_utlb.vhd sub00/vhpl66 1399978286
AR barrel_shifter_gti imp /opt/york/cs/net/xilinx-design-suite-14.3-x86_64-1/14.3/ISE_DS/EDK/hw/XilinxProcessorIPLib/pcores/microblaze_v8_40_b/hdl/vhdl/barrel_shifter_gti.vhd sub00/vhpl83 1399978303
AR prefetch_buffer_gti imp /opt/york/cs/net/xilinx-design-suite-14.3-x86_64-1/14.3/ISE_DS/EDK/hw/XilinxProcessorIPLib/pcores/microblaze_v8_40_b/hdl/vhdl/prefetch_buffer_gti.vhd sub01/vhpl107 1399978327
AR dplb_interface imp /opt/york/cs/net/xilinx-design-suite-14.3-x86_64-1/14.3/ISE_DS/EDK/hw/XilinxProcessorIPLib/pcores/microblaze_v8_40_b/hdl/vhdl/dplb_interface.vhd sub01/vhpl161 1399978381
EN carry_equal NULL /opt/york/cs/net/xilinx-design-suite-14.3-x86_64-1/14.3/ISE_DS/EDK/hw/XilinxProcessorIPLib/pcores/microblaze_v8_40_b/hdl/vhdl/carry_equal.vhd sub00/vhpl42 1399978262
EN dcache NULL /opt/york/cs/net/xilinx-design-suite-14.3-x86_64-1/14.3/ISE_DS/EDK/hw/XilinxProcessorIPLib/pcores/microblaze_v8_40_b/hdl/vhdl/dcache.vhd sub01/vhpl174 1399978394
AR victim_cache imp /opt/york/cs/net/xilinx-design-suite-14.3-x86_64-1/14.3/ISE_DS/EDK/hw/XilinxProcessorIPLib/pcores/microblaze_v8_40_b/hdl/vhdl/victim_cache.vhd sub01/vhpl117 1399978337
AR pvr imp /opt/york/cs/net/xilinx-design-suite-14.3-x86_64-1/14.3/ISE_DS/EDK/hw/XilinxProcessorIPLib/pcores/microblaze_v8_40_b/hdl/vhdl/pvr.vhd sub01/vhpl101 1399978321
EN ram_module NULL /opt/york/cs/net/xilinx-design-suite-14.3-x86_64-1/14.3/ISE_DS/EDK/hw/XilinxProcessorIPLib/pcores/microblaze_v8_40_b/hdl/vhdl/ram_module.vhd sub00/vhpl46 1399978266
AR cache_interface imp /opt/york/cs/net/xilinx-design-suite-14.3-x86_64-1/14.3/ISE_DS/EDK/hw/XilinxProcessorIPLib/pcores/microblaze_v8_40_b/hdl/vhdl/cache_interface.vhd sub00/vhpl71 1399978291
AR mux_bus imp /opt/york/cs/net/xilinx-design-suite-14.3-x86_64-1/14.3/ISE_DS/EDK/hw/XilinxProcessorIPLib/pcores/microblaze_v8_40_b/hdl/vhdl/mux_bus.vhd sub00/vhpl25 1399978245
EN mux_bus NULL /opt/york/cs/net/xilinx-design-suite-14.3-x86_64-1/14.3/ISE_DS/EDK/hw/XilinxProcessorIPLib/pcores/microblaze_v8_40_b/hdl/vhdl/mux_bus.vhd sub00/vhpl24 1399978244
AR register_file_bit imp /opt/york/cs/net/xilinx-design-suite-14.3-x86_64-1/14.3/ISE_DS/EDK/hw/XilinxProcessorIPLib/pcores/microblaze_v8_40_b/hdl/vhdl/register_file_bit.vhd sub00/vhpl65 1399978285
AR mmu imp /opt/york/cs/net/xilinx-design-suite-14.3-x86_64-1/14.3/ISE_DS/EDK/hw/XilinxProcessorIPLib/pcores/microblaze_v8_40_b/hdl/vhdl/mmu.vhd sub01/vhpl189 1399978409
AR register_file imp /opt/york/cs/net/xilinx-design-suite-14.3-x86_64-1/14.3/ISE_DS/EDK/hw/XilinxProcessorIPLib/pcores/microblaze_v8_40_b/hdl/vhdl/register_file.vhd sub01/vhpl129 1399978349
AR msr_reg imp /opt/york/cs/net/xilinx-design-suite-14.3-x86_64-1/14.3/ISE_DS/EDK/hw/XilinxProcessorIPLib/pcores/microblaze_v8_40_b/hdl/vhdl/msr_reg.vhd sub01/vhpl143 1399978363
AR comparator imp /opt/york/cs/net/xilinx-design-suite-14.3-x86_64-1/14.3/ISE_DS/EDK/hw/XilinxProcessorIPLib/pcores/microblaze_v8_40_b/hdl/vhdl/comparator.vhd sub00/vhpl49 1399978269
AR data_flow_gti imp /opt/york/cs/net/xilinx-design-suite-14.3-x86_64-1/14.3/ISE_DS/EDK/hw/XilinxProcessorIPLib/pcores/microblaze_v8_40_b/hdl/vhdl/data_flow_gti.vhd sub01/vhpl183 1399978403
AR operand_select imp /opt/york/cs/net/xilinx-design-suite-14.3-x86_64-1/14.3/ISE_DS/EDK/hw/XilinxProcessorIPLib/pcores/microblaze_v8_40_b/hdl/vhdl/operand_select.vhd sub01/vhpl131 1399978351
AR operand_select_bit imp /opt/york/cs/net/xilinx-design-suite-14.3-x86_64-1/14.3/ISE_DS/EDK/hw/XilinxProcessorIPLib/pcores/microblaze_v8_40_b/hdl/vhdl/operand_select_bit.vhd sub00/vhpl63 1399978283
AR dcache_gti imp /opt/york/cs/net/xilinx-design-suite-14.3-x86_64-1/14.3/ISE_DS/EDK/hw/XilinxProcessorIPLib/pcores/microblaze_v8_40_b/hdl/vhdl/dcache_gti.vhd sub01/vhpl187 1399978407
EN carry_or NULL /opt/york/cs/net/xilinx-design-suite-14.3-x86_64-1/14.3/ISE_DS/EDK/hw/XilinxProcessorIPLib/pcores/microblaze_v8_40_b/hdl/vhdl/carry_or.vhd sub00/vhpl50 1399978270
AR debug imp /opt/york/cs/net/xilinx-design-suite-14.3-x86_64-1/14.3/ISE_DS/EDK/hw/XilinxProcessorIPLib/pcores/microblaze_v8_40_b/hdl/vhdl/debug.vhd sub01/vhpl169 1399978389
EN result_mux_bit NULL /opt/york/cs/net/xilinx-design-suite-14.3-x86_64-1/14.3/ISE_DS/EDK/hw/XilinxProcessorIPLib/pcores/microblaze_v8_40_b/hdl/vhdl/result_mux_bit.vhd sub00/vhpl58 1399978278
EN victim_cache NULL /opt/york/cs/net/xilinx-design-suite-14.3-x86_64-1/14.3/ISE_DS/EDK/hw/XilinxProcessorIPLib/pcores/microblaze_v8_40_b/hdl/vhdl/victim_cache.vhd sub01/vhpl116 1399978336
EN msr_reg NULL /opt/york/cs/net/xilinx-design-suite-14.3-x86_64-1/14.3/ISE_DS/EDK/hw/XilinxProcessorIPLib/pcores/microblaze_v8_40_b/hdl/vhdl/msr_reg.vhd sub01/vhpl142 1399978362
AR byte_doublet_handle_gti imp /opt/york/cs/net/xilinx-design-suite-14.3-x86_64-1/14.3/ISE_DS/EDK/hw/XilinxProcessorIPLib/pcores/microblaze_v8_40_b/hdl/vhdl/byte_doublet_handle_gti.vhd sub00/vhpl89 1399978309
EN daxi_interface NULL /opt/york/cs/net/xilinx-design-suite-14.3-x86_64-1/14.3/ISE_DS/EDK/hw/XilinxProcessorIPLib/pcores/microblaze_v8_40_b/hdl/vhdl/daxi_interface.vhd sub01/vhpl162 1399978382
AR mmu_utlb imp /opt/york/cs/net/xilinx-design-suite-14.3-x86_64-1/14.3/ISE_DS/EDK/hw/XilinxProcessorIPLib/pcores/microblaze_v8_40_b/hdl/vhdl/mmu_utlb.vhd sub00/vhpl67 1399978287
AR streaming_axi imp /opt/york/cs/net/xilinx-design-suite-14.3-x86_64-1/14.3/ISE_DS/EDK/hw/XilinxProcessorIPLib/pcores/microblaze_v8_40_b/hdl/vhdl/streaming_axi.vhd sub01/vhpl151 1399978371
AR find_first_bit imp /opt/york/cs/net/xilinx-design-suite-14.3-x86_64-1/14.3/ISE_DS/EDK/hw/XilinxProcessorIPLib/pcores/microblaze_v8_40_b/hdl/vhdl/find_first_bit.vhd sub00/vhpl08 1399978228
EN streaming_axi NULL /opt/york/cs/net/xilinx-design-suite-14.3-x86_64-1/14.3/ISE_DS/EDK/hw/XilinxProcessorIPLib/pcores/microblaze_v8_40_b/hdl/vhdl/streaming_axi.vhd sub01/vhpl150 1399978370
AR byte_doublet_handle imp /opt/york/cs/net/xilinx-design-suite-14.3-x86_64-1/14.3/ISE_DS/EDK/hw/XilinxProcessorIPLib/pcores/microblaze_v8_40_b/hdl/vhdl/byte_doublet_handle.vhd sub01/vhpl159 1399978379
AR microblaze imp /opt/york/cs/net/xilinx-design-suite-14.3-x86_64-1/14.3/ISE_DS/EDK/hw/XilinxProcessorIPLib/pcores/microblaze_v8_40_b/hdl/vhdl/microblaze.vhd sub01/vhpl197 1399978417
AR carry_compare imp /opt/york/cs/net/xilinx-design-suite-14.3-x86_64-1/14.3/ISE_DS/EDK/hw/XilinxProcessorIPLib/pcores/microblaze_v8_40_b/hdl/vhdl/carry_compare.vhd sub00/vhpl17 1399978237
AR fpu_addsub imp /opt/york/cs/net/xilinx-design-suite-14.3-x86_64-1/14.3/ISE_DS/EDK/hw/XilinxProcessorIPLib/pcores/microblaze_v8_40_b/hdl/vhdl/fpu_addsub.vhd sub00/vhpl29 1399978249
EN wb_mux_bit NULL /opt/york/cs/net/xilinx-design-suite-14.3-x86_64-1/14.3/ISE_DS/EDK/hw/XilinxProcessorIPLib/pcores/microblaze_v8_40_b/hdl/vhdl/wb_mux_bit_gti.vhd sub00/vhpl38 1399978258
EN prefetch_buffer_gti NULL /opt/york/cs/net/xilinx-design-suite-14.3-x86_64-1/14.3/ISE_DS/EDK/hw/XilinxProcessorIPLib/pcores/microblaze_v8_40_b/hdl/vhdl/prefetch_buffer_gti.vhd sub01/vhpl106 1399978326
EN barrel_shifter_gti NULL /opt/york/cs/net/xilinx-design-suite-14.3-x86_64-1/14.3/ISE_DS/EDK/hw/XilinxProcessorIPLib/pcores/microblaze_v8_40_b/hdl/vhdl/barrel_shifter_gti.vhd sub00/vhpl82 1399978302
AR carry_and imp /opt/york/cs/net/xilinx-design-suite-14.3-x86_64-1/14.3/ISE_DS/EDK/hw/XilinxProcessorIPLib/pcores/microblaze_v8_40_b/hdl/vhdl/carry_and.vhd sub00/vhpl04 1399978224
EN icache NULL /opt/york/cs/net/xilinx-design-suite-14.3-x86_64-1/14.3/ISE_DS/EDK/hw/XilinxProcessorIPLib/pcores/microblaze_v8_40_b/hdl/vhdl/icache.vhd sub01/vhpl170 1399978390
AR fpu_sqrt imp /opt/york/cs/net/xilinx-design-suite-14.3-x86_64-1/14.3/ISE_DS/EDK/hw/XilinxProcessorIPLib/pcores/microblaze_v8_40_b/hdl/vhdl/fpu_sqrt.vhd sub00/vhpl35 1399978255
EN mmu NULL /opt/york/cs/net/xilinx-design-suite-14.3-x86_64-1/14.3/ISE_DS/EDK/hw/XilinxProcessorIPLib/pcores/microblaze_v8_40_b/hdl/vhdl/mmu.vhd sub01/vhpl188 1399978408
AR stream_cache imp /opt/york/cs/net/xilinx-design-suite-14.3-x86_64-1/14.3/ISE_DS/EDK/hw/XilinxProcessorIPLib/pcores/microblaze_v8_40_b/hdl/vhdl/stream_cache.vhd sub01/vhpl119 1399978339
EN data_read_steering NULL /opt/york/cs/net/xilinx-design-suite-14.3-x86_64-1/14.3/ISE_DS/EDK/hw/XilinxProcessorIPLib/pcores/microblaze_v8_40_b/hdl/vhdl/data_read_steering.vhd sub01/vhpl124 1399978344
AR icache imp /opt/york/cs/net/xilinx-design-suite-14.3-x86_64-1/14.3/ISE_DS/EDK/hw/XilinxProcessorIPLib/pcores/microblaze_v8_40_b/hdl/vhdl/icache.vhd sub01/vhpl171 1399978391
EN pc_module NULL /opt/york/cs/net/xilinx-design-suite-14.3-x86_64-1/14.3/ISE_DS/EDK/hw/XilinxProcessorIPLib/pcores/microblaze_v8_40_b/hdl/vhdl/pc_module.vhd sub01/vhpl144 1399978364
AR count_leading_zeros imp /opt/york/cs/net/xilinx-design-suite-14.3-x86_64-1/14.3/ISE_DS/EDK/hw/XilinxProcessorIPLib/pcores/microblaze_v8_40_b/hdl/vhdl/count_leading_zero.vhd sub00/vhpl41 1399978261
EN cachehit_detect NULL /opt/york/cs/net/xilinx-design-suite-14.3-x86_64-1/14.3/ISE_DS/EDK/hw/XilinxProcessorIPLib/pcores/microblaze_v8_40_b/hdl/vhdl/cachehit_detect.vhd sub01/vhpl110 1399978330
EN register_file_gti NULL /opt/york/cs/net/xilinx-design-suite-14.3-x86_64-1/14.3/ISE_DS/EDK/hw/XilinxProcessorIPLib/pcores/microblaze_v8_40_b/hdl/vhdl/register_file_gti.vhd sub00/vhpl72 1399978292
EN carry_compare NULL /opt/york/cs/net/xilinx-design-suite-14.3-x86_64-1/14.3/ISE_DS/EDK/hw/XilinxProcessorIPLib/pcores/microblaze_v8_40_b/hdl/vhdl/carry_compare.vhd sub00/vhpl16 1399978236
EN msr_reg_gti NULL /opt/york/cs/net/xilinx-design-suite-14.3-x86_64-1/14.3/ISE_DS/EDK/hw/XilinxProcessorIPLib/pcores/microblaze_v8_40_b/hdl/vhdl/msr_reg_gti.vhd sub00/vhpl92 1399978312
EN operand_select_gti NULL /opt/york/cs/net/xilinx-design-suite-14.3-x86_64-1/14.3/ISE_DS/EDK/hw/XilinxProcessorIPLib/pcores/microblaze_v8_40_b/hdl/vhdl/operand_select_gti.vhd sub00/vhpl74 1399978294
EN parity NULL /opt/york/cs/net/xilinx-design-suite-14.3-x86_64-1/14.3/ISE_DS/EDK/hw/XilinxProcessorIPLib/pcores/microblaze_v8_40_b/hdl/vhdl/parity.vhd sub00/vhpl22 1399978242
EN wb_mux NULL /opt/york/cs/net/xilinx-design-suite-14.3-x86_64-1/14.3/ISE_DS/EDK/hw/XilinxProcessorIPLib/pcores/microblaze_v8_40_b/hdl/vhdl/wb_mux_gti.vhd sub00/vhpl84 1399978304
AR pc_module_gti imp /opt/york/cs/net/xilinx-design-suite-14.3-x86_64-1/14.3/ISE_DS/EDK/hw/XilinxProcessorIPLib/pcores/microblaze_v8_40_b/hdl/vhdl/pc_module_gti.vhd sub01/vhpl105 1399978325
EN count_leading_zeros NULL /opt/york/cs/net/xilinx-design-suite-14.3-x86_64-1/14.3/ISE_DS/EDK/hw/XilinxProcessorIPLib/pcores/microblaze_v8_40_b/hdl/vhdl/count_leading_zero.vhd sub00/vhpl40 1399978260
AR barrel_shift imp /opt/york/cs/net/xilinx-design-suite-14.3-x86_64-1/14.3/ISE_DS/EDK/hw/XilinxProcessorIPLib/pcores/microblaze_v8_40_b/hdl/vhdl/barrel_shifter.vhd sub01/vhpl135 1399978355
AR div_unit_gti imp /opt/york/cs/net/xilinx-design-suite-14.3-x86_64-1/14.3/ISE_DS/EDK/hw/XilinxProcessorIPLib/pcores/microblaze_v8_40_b/hdl/vhdl/div_unit_gti.vhd sub00/vhpl97 1399978317
EN dsp_module NULL /opt/york/cs/net/xilinx-design-suite-14.3-x86_64-1/14.3/ISE_DS/EDK/hw/XilinxProcessorIPLib/pcores/microblaze_v8_40_b/hdl/vhdl/dsp_module.vhd sub00/vhpl05 1399978225
EN find_first_bit NULL /opt/york/cs/net/xilinx-design-suite-14.3-x86_64-1/14.3/ISE_DS/EDK/hw/XilinxProcessorIPLib/pcores/microblaze_v8_40_b/hdl/vhdl/find_first_bit.vhd sub00/vhpl07 1399978227
AR pc_module imp /opt/york/cs/net/xilinx-design-suite-14.3-x86_64-1/14.3/ISE_DS/EDK/hw/XilinxProcessorIPLib/pcores/microblaze_v8_40_b/hdl/vhdl/pc_module.vhd sub01/vhpl145 1399978365
EN stream_cache NULL /opt/york/cs/net/xilinx-design-suite-14.3-x86_64-1/14.3/ISE_DS/EDK/hw/XilinxProcessorIPLib/pcores/microblaze_v8_40_b/hdl/vhdl/stream_cache.vhd sub01/vhpl118 1399978338
EN parity_recursive_lut6 NULL /opt/york/cs/net/xilinx-design-suite-14.3-x86_64-1/14.3/ISE_DS/EDK/hw/XilinxProcessorIPLib/pcores/microblaze_v8_40_b/hdl/vhdl/parity.vhd sub00/vhpl20 1399978240
AR exception_registers imp /opt/york/cs/net/xilinx-design-suite-14.3-x86_64-1/14.3/ISE_DS/EDK/hw/XilinxProcessorIPLib/pcores/microblaze_v8_40_b/hdl/vhdl/exception_registers.vhd sub01/vhpl177 1399978397
AR result_mux imp /opt/york/cs/net/xilinx-design-suite-14.3-x86_64-1/14.3/ISE_DS/EDK/hw/XilinxProcessorIPLib/pcores/microblaze_v8_40_b/hdl/vhdl/result_mux.vhd sub01/vhpl139 1399978359
AR zero_detect imp /opt/york/cs/net/xilinx-design-suite-14.3-x86_64-1/14.3/ISE_DS/EDK/hw/XilinxProcessorIPLib/pcores/microblaze_v8_40_b/hdl/vhdl/zero_detect.vhd sub01/vhpl141 1399978361
EN byte_doublet_handle_gti NULL /opt/york/cs/net/xilinx-design-suite-14.3-x86_64-1/14.3/ISE_DS/EDK/hw/XilinxProcessorIPLib/pcores/microblaze_v8_40_b/hdl/vhdl/byte_doublet_handle_gti.vhd sub00/vhpl88 1399978308
EN mb_srlc16e NULL /opt/york/cs/net/xilinx-design-suite-14.3-x86_64-1/14.3/ISE_DS/EDK/hw/XilinxProcessorIPLib/pcores/microblaze_v8_40_b/hdl/vhdl/microblaze_primitives.vhd sub00/vhpl11 1399978231
AR mux4 imp /opt/york/cs/net/xilinx-design-suite-14.3-x86_64-1/14.3/ISE_DS/EDK/hw/XilinxProcessorIPLib/pcores/microblaze_v8_40_b/hdl/vhdl/mux4.vhd sub01/vhpl193 1399978413
EN mux4_8 NULL /opt/york/cs/net/xilinx-design-suite-14.3-x86_64-1/14.3/ISE_DS/EDK/hw/XilinxProcessorIPLib/pcores/microblaze_v8_40_b/hdl/vhdl/mux4_8.vhd sub01/vhpl126 1399978346
AR exception_registers_gti imp /opt/york/cs/net/xilinx-design-suite-14.3-x86_64-1/14.3/ISE_DS/EDK/hw/XilinxProcessorIPLib/pcores/microblaze_v8_40_b/hdl/vhdl/exception_registers_gti.vhd sub00/vhpl95 1399978315
EN mb_srl16e NULL /opt/york/cs/net/xilinx-design-suite-14.3-x86_64-1/14.3/ISE_DS/EDK/hw/XilinxProcessorIPLib/pcores/microblaze_v8_40_b/hdl/vhdl/microblaze_primitives.vhd sub00/vhpl09 1399978229
AR wb_mux_bit imp /opt/york/cs/net/xilinx-design-suite-14.3-x86_64-1/14.3/ISE_DS/EDK/hw/XilinxProcessorIPLib/pcores/microblaze_v8_40_b/hdl/vhdl/wb_mux_bit_gti.vhd sub00/vhpl39 1399978259
AR read_data_mux imp /opt/york/cs/net/xilinx-design-suite-14.3-x86_64-1/14.3/ISE_DS/EDK/hw/XilinxProcessorIPLib/pcores/microblaze_v8_40_b/hdl/vhdl/read_data_mux_gti.vhd sub01/vhpl185 1399978405
EN lru_module NULL /opt/york/cs/net/xilinx-design-suite-14.3-x86_64-1/14.3/ISE_DS/EDK/hw/XilinxProcessorIPLib/pcores/microblaze_v8_40_b/hdl/vhdl/victim_cache.vhd sub01/vhpl114 1399978334
EN alu NULL /opt/york/cs/net/xilinx-design-suite-14.3-x86_64-1/14.3/ISE_DS/EDK/hw/XilinxProcessorIPLib/pcores/microblaze_v8_40_b/hdl/vhdl/alu.vhd sub00/vhpl76 1399978296
AR result_mux_bit imp /opt/york/cs/net/xilinx-design-suite-14.3-x86_64-1/14.3/ISE_DS/EDK/hw/XilinxProcessorIPLib/pcores/microblaze_v8_40_b/hdl/vhdl/result_mux_bit.vhd sub00/vhpl59 1399978279
AR wb_mux imp /opt/york/cs/net/xilinx-design-suite-14.3-x86_64-1/14.3/ISE_DS/EDK/hw/XilinxProcessorIPLib/pcores/microblaze_v8_40_b/hdl/vhdl/wb_mux_gti.vhd sub00/vhpl85 1399978305
AR dcache_wb imp /opt/york/cs/net/xilinx-design-suite-14.3-x86_64-1/14.3/ISE_DS/EDK/hw/XilinxProcessorIPLib/pcores/microblaze_v8_40_b/hdl/vhdl/dcache_wb.vhd sub01/vhpl173 1399978393
AR stack_protection imp /opt/york/cs/net/xilinx-design-suite-14.3-x86_64-1/14.3/ISE_DS/EDK/hw/XilinxProcessorIPLib/pcores/microblaze_v8_40_b/hdl/vhdl/stack_protection.vhd sub01/vhpl103 1399978323
AR mul_unit imp /opt/york/cs/net/xilinx-design-suite-14.3-x86_64-1/14.3/ISE_DS/EDK/hw/XilinxProcessorIPLib/pcores/microblaze_v8_40_b/hdl/vhdl/mul_unit.vhd sub00/vhpl81 1399978301
PH microblaze_isa NULL /opt/york/cs/net/xilinx-design-suite-14.3-x86_64-1/14.3/ISE_DS/EDK/hw/XilinxProcessorIPLib/pcores/microblaze_v8_40_b/hdl/vhdl/microblaze_isa_be_pkg.vhd sub00/vhpl02 1399978222
EN result_mux NULL /opt/york/cs/net/xilinx-design-suite-14.3-x86_64-1/14.3/ISE_DS/EDK/hw/XilinxProcessorIPLib/pcores/microblaze_v8_40_b/hdl/vhdl/result_mux.vhd sub01/vhpl138 1399978358
EN div_unit NULL /opt/york/cs/net/xilinx-design-suite-14.3-x86_64-1/14.3/ISE_DS/EDK/hw/XilinxProcessorIPLib/pcores/microblaze_v8_40_b/hdl/vhdl/div_unit.vhd sub01/vhpl136 1399978356
AR data_flow imp /opt/york/cs/net/xilinx-design-suite-14.3-x86_64-1/14.3/ISE_DS/EDK/hw/XilinxProcessorIPLib/pcores/microblaze_v8_40_b/hdl/vhdl/data_flow.vhd sub01/vhpl157 1399978377
EN byte_doublet_handle NULL /opt/york/cs/net/xilinx-design-suite-14.3-x86_64-1/14.3/ISE_DS/EDK/hw/XilinxProcessorIPLib/pcores/microblaze_v8_40_b/hdl/vhdl/byte_doublet_handle.vhd sub01/vhpl158 1399978378
EN microblaze NULL /opt/york/cs/net/xilinx-design-suite-14.3-x86_64-1/14.3/ISE_DS/EDK/hw/XilinxProcessorIPLib/pcores/microblaze_v8_40_b/hdl/vhdl/microblaze.vhd sub01/vhpl196 1399978416
EN iplb_interface NULL /opt/york/cs/net/xilinx-design-suite-14.3-x86_64-1/14.3/ISE_DS/EDK/hw/XilinxProcessorIPLib/pcores/microblaze_v8_40_b/hdl/vhdl/iplb_interface.vhd sub01/vhpl164 1399978384
EN prefetch_buffer NULL /opt/york/cs/net/xilinx-design-suite-14.3-x86_64-1/14.3/ISE_DS/EDK/hw/XilinxProcessorIPLib/pcores/microblaze_v8_40_b/hdl/vhdl/prefetch_buffer.vhd sub01/vhpl146 1399978366
