AR axi_interface imp /opt/york/cs/net/xilinx-design-suite-14.3-x86_64-1/14.3/ISE_DS/EDK/hw/XilinxProcessorIPLib/pcores/lmb_bram_if_cntlr_v3_10_b/hdl/vhdl/axi_interface.vhd sub00/vhpl19 1400147830
EN lmb_mux NULL /opt/york/cs/net/xilinx-design-suite-14.3-x86_64-1/14.3/ISE_DS/EDK/hw/XilinxProcessorIPLib/pcores/lmb_bram_if_cntlr_v3_10_b/hdl/vhdl/lmb_mux.vhd sub00/vhpl10 1400147821
AR parityenable imp /opt/york/cs/net/xilinx-design-suite-14.3-x86_64-1/14.3/ISE_DS/EDK/hw/XilinxProcessorIPLib/pcores/lmb_bram_if_cntlr_v3_10_b/hdl/vhdl/parityenable.vhd sub00/vhpl07 1400147818
EN parityenable NULL /opt/york/cs/net/xilinx-design-suite-14.3-x86_64-1/14.3/ISE_DS/EDK/hw/XilinxProcessorIPLib/pcores/lmb_bram_if_cntlr_v3_10_b/hdl/vhdl/parityenable.vhd sub00/vhpl06 1400147817
PB lmb_bram_if_funcs lmb_bram_if_funcs /opt/york/cs/net/xilinx-design-suite-14.3-x86_64-1/14.3/ISE_DS/EDK/hw/XilinxProcessorIPLib/pcores/lmb_bram_if_cntlr_v3_10_b/hdl/vhdl/lmb_bram_if_funcs.vhd sub00/vhpl21 1400147832
EN plb_interface NULL /opt/york/cs/net/xilinx-design-suite-14.3-x86_64-1/14.3/ISE_DS/EDK/hw/XilinxProcessorIPLib/pcores/lmb_bram_if_cntlr_v3_10_b/hdl/vhdl/plb_interface.vhd sub00/vhpl16 1400147827
EN pselect_mask NULL /opt/york/cs/net/xilinx-design-suite-14.3-x86_64-1/14.3/ISE_DS/EDK/hw/XilinxProcessorIPLib/pcores/lmb_bram_if_cntlr_v3_10_b/hdl/vhdl/pselect_mask.vhd sub00/vhpl08 1400147819
AR parity imp /opt/york/cs/net/xilinx-design-suite-14.3-x86_64-1/14.3/ISE_DS/EDK/hw/XilinxProcessorIPLib/pcores/lmb_bram_if_cntlr_v3_10_b/hdl/vhdl/parity.vhd sub00/vhpl05 1400147816
AR checkbit_handler imp /opt/york/cs/net/xilinx-design-suite-14.3-x86_64-1/14.3/ISE_DS/EDK/hw/XilinxProcessorIPLib/pcores/lmb_bram_if_cntlr_v3_10_b/hdl/vhdl/checkbit_handler.vhd sub00/vhpl13 1400147824
EN correct_one_bit NULL /opt/york/cs/net/xilinx-design-suite-14.3-x86_64-1/14.3/ISE_DS/EDK/hw/XilinxProcessorIPLib/pcores/lmb_bram_if_cntlr_v3_10_b/hdl/vhdl/correct_one_bit.vhd sub00/vhpl14 1400147825
AR plb_interface imp /opt/york/cs/net/xilinx-design-suite-14.3-x86_64-1/14.3/ISE_DS/EDK/hw/XilinxProcessorIPLib/pcores/lmb_bram_if_cntlr_v3_10_b/hdl/vhdl/plb_interface.vhd sub00/vhpl17 1400147828
EN lmb_bram_if_cntlr NULL /opt/york/cs/net/xilinx-design-suite-14.3-x86_64-1/14.3/ISE_DS/EDK/hw/XilinxProcessorIPLib/pcores/lmb_bram_if_cntlr_v3_10_b/hdl/vhdl/lmb_bram_if_cntlr.vhd sub00/vhpl22 1400147833
EN axi_interface NULL /opt/york/cs/net/xilinx-design-suite-14.3-x86_64-1/14.3/ISE_DS/EDK/hw/XilinxProcessorIPLib/pcores/lmb_bram_if_cntlr_v3_10_b/hdl/vhdl/axi_interface.vhd sub00/vhpl18 1400147829
AR lmb_mux imp /opt/york/cs/net/xilinx-design-suite-14.3-x86_64-1/14.3/ISE_DS/EDK/hw/XilinxProcessorIPLib/pcores/lmb_bram_if_cntlr_v3_10_b/hdl/vhdl/lmb_mux.vhd sub00/vhpl11 1400147822
AR correct_one_bit imp /opt/york/cs/net/xilinx-design-suite-14.3-x86_64-1/14.3/ISE_DS/EDK/hw/XilinxProcessorIPLib/pcores/lmb_bram_if_cntlr_v3_10_b/hdl/vhdl/correct_one_bit.vhd sub00/vhpl15 1400147826
AR xor18 imp /opt/york/cs/net/xilinx-design-suite-14.3-x86_64-1/14.3/ISE_DS/EDK/hw/XilinxProcessorIPLib/pcores/lmb_bram_if_cntlr_v3_10_b/hdl/vhdl/xor18.vhd sub00/vhpl03 1400147814
EN checkbit_handler NULL /opt/york/cs/net/xilinx-design-suite-14.3-x86_64-1/14.3/ISE_DS/EDK/hw/XilinxProcessorIPLib/pcores/lmb_bram_if_cntlr_v3_10_b/hdl/vhdl/checkbit_handler.vhd sub00/vhpl12 1400147823
EN parity NULL /opt/york/cs/net/xilinx-design-suite-14.3-x86_64-1/14.3/ISE_DS/EDK/hw/XilinxProcessorIPLib/pcores/lmb_bram_if_cntlr_v3_10_b/hdl/vhdl/parity.vhd sub00/vhpl04 1400147815
EN pselect NULL /opt/york/cs/net/xilinx-design-suite-14.3-x86_64-1/14.3/ISE_DS/EDK/hw/XilinxProcessorIPLib/pcores/lmb_bram_if_cntlr_v3_10_b/hdl/vhdl/pselect.vhd sub00/vhpl00 1400147811
AR lmb_bram_if_cntlr imp /opt/york/cs/net/xilinx-design-suite-14.3-x86_64-1/14.3/ISE_DS/EDK/hw/XilinxProcessorIPLib/pcores/lmb_bram_if_cntlr_v3_10_b/hdl/vhdl/lmb_bram_if_cntlr.vhd sub00/vhpl23 1400147834
PH lmb_bram_if_funcs NULL /opt/york/cs/net/xilinx-design-suite-14.3-x86_64-1/14.3/ISE_DS/EDK/hw/XilinxProcessorIPLib/pcores/lmb_bram_if_cntlr_v3_10_b/hdl/vhdl/lmb_bram_if_funcs.vhd sub00/vhpl20 1400147831
EN xor18 NULL /opt/york/cs/net/xilinx-design-suite-14.3-x86_64-1/14.3/ISE_DS/EDK/hw/XilinxProcessorIPLib/pcores/lmb_bram_if_cntlr_v3_10_b/hdl/vhdl/xor18.vhd sub00/vhpl02 1400147813
AR pselect_mask imp /opt/york/cs/net/xilinx-design-suite-14.3-x86_64-1/14.3/ISE_DS/EDK/hw/XilinxProcessorIPLib/pcores/lmb_bram_if_cntlr_v3_10_b/hdl/vhdl/pselect_mask.vhd sub00/vhpl09 1400147820
AR pselect imp /opt/york/cs/net/xilinx-design-suite-14.3-x86_64-1/14.3/ISE_DS/EDK/hw/XilinxProcessorIPLib/pcores/lmb_bram_if_cntlr_v3_10_b/hdl/vhdl/pselect.vhd sub00/vhpl01 1400147812
