AR system_embs_vga_0_wrapper structure /usr/userfs/d/drm511/embs/embs-summer/bsp/synthesis/parallel_run/hdl/system_embs_vga_0_wrapper.vhd sub00/vhpl01 1399978793
EN system_embs_vga_0_wrapper NULL /usr/userfs/d/drm511/embs/embs-summer/bsp/synthesis/parallel_run/hdl/system_embs_vga_0_wrapper.vhd sub00/vhpl00 1399978792
